Archive member included to satisfy reference by file (symbol)

d:/arm toolchain/11.3 rel1/bin/../lib/gcc/arm-none-eabi/11.3.1/thumb/v6-m/nofp\libgcc.a(_dvmd_tls.o)
                              CMakeFiles/blink.dir/D_/Raspberry/RP2040/pico-sdk/src/rp2_common/pico_divider/divider.S.obj (__aeabi_idiv0)
d:/arm toolchain/11.3 rel1/bin/../lib/gcc/arm-none-eabi/11.3.1/thumb/v6-m/nofp\libg.a(libc_a-calloc.o)
                              CMakeFiles/blink.dir/D_/Raspberry/RP2040/pico-sdk/src/rp2_common/pico_malloc/pico_malloc.c.obj (calloc)
d:/arm toolchain/11.3 rel1/bin/../lib/gcc/arm-none-eabi/11.3.1/thumb/v6-m/nofp\libg.a(libc_a-callocr.o)
                              d:/arm toolchain/11.3 rel1/bin/../lib/gcc/arm-none-eabi/11.3.1/thumb/v6-m/nofp\libg.a(libc_a-calloc.o) (_calloc_r)
d:/arm toolchain/11.3 rel1/bin/../lib/gcc/arm-none-eabi/11.3.1/thumb/v6-m/nofp\libg.a(libc_a-malloc.o)
                              CMakeFiles/blink.dir/D_/Raspberry/RP2040/pico-sdk/src/rp2_common/pico_malloc/pico_malloc.c.obj (malloc)
d:/arm toolchain/11.3 rel1/bin/../lib/gcc/arm-none-eabi/11.3.1/thumb/v6-m/nofp\libg.a(libc_a-mallocr.o)
                              d:/arm toolchain/11.3 rel1/bin/../lib/gcc/arm-none-eabi/11.3.1/thumb/v6-m/nofp\libg.a(libc_a-callocr.o) (_malloc_r)
d:/arm toolchain/11.3 rel1/bin/../lib/gcc/arm-none-eabi/11.3.1/thumb/v6-m/nofp\libg.a(libc_a-mlock.o)
                              d:/arm toolchain/11.3 rel1/bin/../lib/gcc/arm-none-eabi/11.3.1/thumb/v6-m/nofp\libg.a(libc_a-mallocr.o) (__malloc_lock)
d:/arm toolchain/11.3 rel1/bin/../lib/gcc/arm-none-eabi/11.3.1/thumb/v6-m/nofp\libg.a(libc_a-realloc.o)
                              CMakeFiles/blink.dir/D_/Raspberry/RP2040/pico-sdk/src/rp2_common/pico_malloc/pico_malloc.c.obj (realloc)
d:/arm toolchain/11.3 rel1/bin/../lib/gcc/arm-none-eabi/11.3.1/thumb/v6-m/nofp\libg.a(libc_a-reallocr.o)
                              d:/arm toolchain/11.3 rel1/bin/../lib/gcc/arm-none-eabi/11.3.1/thumb/v6-m/nofp\libg.a(libc_a-realloc.o) (_realloc_r)
d:/arm toolchain/11.3 rel1/bin/../lib/gcc/arm-none-eabi/11.3.1/thumb/v6-m/nofp\libg.a(libc_a-ctype_.o)
                              CMakeFiles/blink.dir/D_/Raspberry/RP2040/pico-sdk/lib/tinyusb/src/tusb.c.obj (_ctype_)
d:/arm toolchain/11.3 rel1/bin/../lib/gcc/arm-none-eabi/11.3.1/thumb/v6-m/nofp\libg.a(libc_a-memmove.o)
                              d:/arm toolchain/11.3 rel1/bin/../lib/gcc/arm-none-eabi/11.3.1/thumb/v6-m/nofp\libg.a(libc_a-reallocr.o) (memmove)
d:/arm toolchain/11.3 rel1/bin/../lib/gcc/arm-none-eabi/11.3.1/thumb/v6-m/nofp\libg.a(libc_a-strtok.o)
                              CMakeFiles/blink.dir/main.c.obj (strtok)
d:/arm toolchain/11.3 rel1/bin/../lib/gcc/arm-none-eabi/11.3.1/thumb/v6-m/nofp\libg.a(libc_a-strtok_r.o)
                              d:/arm toolchain/11.3 rel1/bin/../lib/gcc/arm-none-eabi/11.3.1/thumb/v6-m/nofp\libg.a(libc_a-strtok.o) (__strtok_r)
d:/arm toolchain/11.3 rel1/bin/../lib/gcc/arm-none-eabi/11.3.1/thumb/v6-m/nofp\libg.a(libc_a-impure.o)
                              d:/arm toolchain/11.3 rel1/bin/../lib/gcc/arm-none-eabi/11.3.1/thumb/v6-m/nofp\libg.a(libc_a-calloc.o) (_impure_ptr)
d:/arm toolchain/11.3 rel1/bin/../lib/gcc/arm-none-eabi/11.3.1/thumb/v6-m/nofp\libg.a(libc_a-sbrkr.o)
                              d:/arm toolchain/11.3 rel1/bin/../lib/gcc/arm-none-eabi/11.3.1/thumb/v6-m/nofp\libg.a(libc_a-mallocr.o) (_sbrk_r)
d:/arm toolchain/11.3 rel1/bin/../lib/gcc/arm-none-eabi/11.3.1/thumb/v6-m/nofp\libg.a(libc_a-errno.o)
                              d:/arm toolchain/11.3 rel1/bin/../lib/gcc/arm-none-eabi/11.3.1/thumb/v6-m/nofp\libg.a(libc_a-callocr.o) (__errno)
d:/arm toolchain/11.3 rel1/bin/../lib/gcc/arm-none-eabi/11.3.1/thumb/v6-m/nofp\libg.a(libc_a-init.o)
                              d:/arm toolchain/11.3 rel1/bin/../lib/gcc/arm-none-eabi/11.3.1/thumb/v6-m/nofp/crt0.o (__libc_init_array)
d:/arm toolchain/11.3 rel1/bin/../lib/gcc/arm-none-eabi/11.3.1/thumb/v6-m/nofp\libg.a(libc_a-lock.o)
                              d:/arm toolchain/11.3 rel1/bin/../lib/gcc/arm-none-eabi/11.3.1/thumb/v6-m/nofp\libg.a(libc_a-mlock.o) (__retarget_lock_acquire_recursive)
d:/arm toolchain/11.3 rel1/bin/../lib/gcc/arm-none-eabi/11.3.1/thumb/v6-m/nofp\libg.a(libc_a-strlen-stub.o)
                              CMakeFiles/blink.dir/D_/Raspberry/RP2040/pico-sdk/src/rp2_common/pico_stdio/stdio.c.obj (strlen)
d:/arm toolchain/11.3 rel1/bin/../lib/gcc/arm-none-eabi/11.3.1/thumb/v6-m/nofp\libg.a(libc_a-freer.o)
                              d:/arm toolchain/11.3 rel1/bin/../lib/gcc/arm-none-eabi/11.3.1/thumb/v6-m/nofp\libg.a(libc_a-malloc.o) (_free_r)
d:/arm toolchain/11.3 rel1/bin/../lib/gcc/arm-none-eabi/11.3.1/thumb/v6-m/nofp\libg.a(libc_a-findfp.o)
                              d:/arm toolchain/11.3 rel1/bin/../lib/gcc/arm-none-eabi/11.3.1/thumb/v6-m/nofp\libg.a(libc_a-impure.o) (__sf)
[...]
Memory Configuration

Name             Origin             Length             Attributes
FLASH            0x10000000         0x00200000         xr
RAM              0x20000000         0x00040000         xrw
SCRATCH_X        0x20040000         0x00001000         xrw
SCRATCH_Y        0x20041000         0x00001000         xrw
*default*        0x00000000         0xffffffff

Linker script and memory map

LOAD d:/arm toolchain/11.3 rel1/bin/../lib/gcc/arm-none-eabi/11.3.1/thumb/v6-m/nofp/crti.o
LOAD d:/arm toolchain/11.3 rel1/bin/../lib/gcc/arm-none-eabi/11.3.1/thumb/v6-m/nofp/crtbegin.o
LOAD d:/arm toolchain/11.3 rel1/bin/../lib/gcc/arm-none-eabi/11.3.1/thumb/v6-m/nofp/crt0.o

.flash_begin    0x10000000        0x0
                0x10000000                __flash_binary_start = .

.boot2          0x10000000      0x100
                0x10000000                __boot2_start__ = .
 *(.boot2)
 .boot2         0x10000000      0x100 C:\Users\USER\AppData\Local\Temp\ccMBx1AH.o
                0x10000100                __boot2_end__ = .
                0x00000001                ASSERT (((__boot2_end__ - __boot2_start__) == 0x100), ERROR: Pico second stage bootloader must be 256 bytes in size)

.text           0x10000100     0x7610
                0x10000100                __logical_binary_start = .
 *(.vectors)
 .vectors       0x10000100       0xd4 CMakeFiles/blink.dir/D_/Raspberry/RP2040/pico-sdk/src/rp2_common/pico_standard_link/crt0.S.obj
                0x10000100                __VECTOR_TABLE
                0x10000100                __vectors
                0x100001c0                isr_invalid
                0x100001c0                __default_isrs_start
                0x100001c2                isr_nmi
                0x100001c4                isr_hardfault
                0x100001c6                isr_svcall
                0x100001c8                isr_pendsv
                0x100001ca                isr_systick
                0x100001cc                isr_irq23
                0x100001cc                isr_irq18
                0x100001cc                isr_irq11
                0x100001cc                isr_irq28
                0x100001cc                isr_irq19
                0x100001cc                isr_irq0
                0x100001cc                isr_irq6
                0x100001cc                isr_irq5
                0x100001cc                isr_irq12
                0x100001cc                isr_irq22
                0x100001cc                isr_irq31
                0x100001cc                isr_irq17
                0x100001cc                isr_irq27
                0x100001cc                isr_irq30
                0x100001cc                isr_irq2
                0x100001cc                isr_irq10
                0x100001cc                isr_irq8
                0x100001cc                isr_irq24
                0x100001cc                isr_irq1
                0x100001cc                isr_irq7
                0x100001cc                isr_irq21
                0x100001cc                isr_irq20
                0x100001cc                isr_irq15
                0x100001cc                isr_irq25
                0x100001cc                isr_irq13
                0x100001cc                __unhandled_user_irq
                0x100001cc                isr_irq4
                0x100001cc                isr_irq16
                0x100001cc                isr_irq29
                0x100001cc                isr_irq26
                0x100001cc                __default_isrs_end
                0x100001cc                isr_irq3
                0x100001cc                isr_irq14
                0x100001cc                isr_irq9
                0x100001d2                unhandled_user_irq_num_in_r0
 *(.binary_info_header)
 .binary_info_header
                0x100001d4       0x14 CMakeFiles/blink.dir/D_/Raspberry/RP2040/pico-sdk/src/rp2_common/pico_standard_link/crt0.S.obj
                0x100001e8                __binary_info_header_end = .
 *(.reset)
 .reset         0x100001e8       0xa8 CMakeFiles/blink.dir/D_/Raspberry/RP2040/pico-sdk/src/rp2_common/pico_standard_link/crt0.S.obj
                0x100001e8                _entry_point
                0x10000266                __get_current_exception
 .reset         0x10000290       0x30 CMakeFiles/blink.dir/D_/Raspberry/RP2040/pico-sdk/src/rp2_common/pico_standard_link/binary_info.c.obj
 *(.init)
 .init          0x100002c0        0x4 d:/arm toolchain/11.3 rel1/bin/../lib/gcc/arm-none-eabi/11.3.1/thumb/v6-m/nofp/crti.o
                0x100002c0                _init
 *(EXCLUDE_FILE(*libm.a: *libc.a:*lib_a-mem*.o *libgcc.a:) .text*)
 .text.register_tm_clones
                0x100002c4       0x28 d:/arm toolchain/11.3 rel1/bin/../lib/gcc/arm-none-eabi/11.3.1/thumb/v6-m/nofp/crtbegin.o
 .text.frame_dummy
                0x100002ec       0x24 d:/arm toolchain/11.3 rel1/bin/../lib/gcc/arm-none-eabi/11.3.1/thumb/v6-m/nofp/crtbegin.o
 .text.csLow    0x10000310        0xc CMakeFiles/blink.dir/main.c.obj
                0x10000310                csLow
 .text.csHigh   0x1000031c        0xc CMakeFiles/blink.dir/main.c.obj
                0x1000031c                csHigh
 .text.ceLow    0x10000328        0xc CMakeFiles/blink.dir/main.c.obj
                0x10000328                ceLow
 .text.ceHigh   0x10000334        0xc CMakeFiles/blink.dir/main.c.obj
                0x10000334                ceHigh
 .text.leerReg  0x10000340       0x3e CMakeFiles/blink.dir/main.c.obj
                0x10000340                leerReg
 .text.escribirReg
                0x1000037e       0x3c CMakeFiles/blink.dir/main.c.obj
                0x1000037e                escribirReg
 .text.escribirRegBytes
                0x100003ba       0x44 CMakeFiles/blink.dir/main.c.obj
                0x100003ba                escribirRegBytes
 *fill*         0x100003fe        0x2 
 .text.config   0x10000400       0x68 CMakeFiles/blink.dir/main.c.obj
                0x10000400                config
 .text.ModoRx   0x10000468       0x30 CMakeFiles/blink.dir/main.c.obj
                0x10000468                ModoRx
 .text.recirbirMsg
                0x10000498       0x32 CMakeFiles/blink.dir/main.c.obj
                0x10000498                recirbirMsg
 .text.nuevoMsg
                0x100004ca       0x14 CMakeFiles/blink.dir/main.c.obj
                0x100004ca                nuevoMsg
 .text.enviar_datos
                0x100004de        0xc CMakeFiles/blink.dir/main.c.obj
                0x100004de                enviar_datos
 *fill*         0x100004ea        0x2 
 .text.main     0x100004ec       0xcc CMakeFiles/blink.dir/main.c.obj
                0x100004ec                main
 .text.gpio_set_function
                0x100005b8       0x30 CMakeFiles/blink.dir/D_/Raspberry/RP2040/pico-sdk/src/rp2_common/hardware_gpio/gpio.c.obj
                0x100005b8                gpio_set_function
 .text.gpio_init
                0x100005e8       0x16 CMakeFiles/blink.dir/D_/Raspberry/RP2040/pico-sdk/src/rp2_common/hardware_gpio/gpio.c.obj
                0x100005e8                gpio_init
 *fill*         0x100005fe        0x2 
 .text.hw_claim_lock
                0x10000600       0x18 CMakeFiles/blink.dir/D_/Raspberry/RP2040/pico-sdk/src/rp2_common/hardware_claim/claim.c.obj
                0x10000600                hw_claim_lock
 .text.hw_claim_unlock
                0x10000618       0x14 CMakeFiles/blink.dir/D_/Raspberry/RP2040/pico-sdk/src/rp2_common/hardware_claim/claim.c.obj
                0x10000618                hw_claim_unlock
 .text.hw_claim_or_assert
                0x1000062c       0x32 CMakeFiles/blink.dir/D_/Raspberry/RP2040/pico-sdk/src/rp2_common/hardware_claim/claim.c.obj
                0x1000062c                hw_claim_or_assert
 .text.hw_claim_unused_from_range
                0x1000065e       0x50 CMakeFiles/blink.dir/D_/Raspberry/RP2040/pico-sdk/src/rp2_common/hardware_claim/claim.c.obj
                0x1000065e                hw_claim_unused_from_range
 *fill*         0x100006ae        0x2 
 .text.running_on_fpga
                0x100006b0       0x14 CMakeFiles/blink.dir/D_/Raspberry/RP2040/pico-sdk/src/rp2_common/pico_platform/platform.c.obj
                0x100006b0                running_on_fpga
 .text.spin_locks_reset
                0x100006c4       0x20 CMakeFiles/blink.dir/D_/Raspberry/RP2040/pico-sdk/src/rp2_common/hardware_sync/sync.c.obj
                0x100006c4                spin_locks_reset
 .text.next_striped_spin_lock_num
                0x100006e4       0x1c CMakeFiles/blink.dir/D_/Raspberry/RP2040/pico-sdk/src/rp2_common/hardware_sync/sync.c.obj
                0x100006e4                next_striped_spin_lock_num
 .text.spin_lock_claim_unused
                0x10000700       0x24 CMakeFiles/blink.dir/D_/Raspberry/RP2040/pico-sdk/src/rp2_common/hardware_sync/sync.c.obj
                0x10000700                spin_lock_claim_unused
 .text.set_raw_irq_handler_and_unlock
                0x10000724       0x28 CMakeFiles/blink.dir/D_/Raspberry/RP2040/pico-sdk/src/rp2_common/hardware_irq/irq.c.obj
 .text.make_branch
                0x1000074c       0x48 CMakeFiles/blink.dir/D_/Raspberry/RP2040/pico-sdk/src/rp2_common/hardware_irq/irq.c.obj
 .text.insert_branch_and_link
                0x10000794       0x40 CMakeFiles/blink.dir/D_/Raspberry/RP2040/pico-sdk/src/rp2_common/hardware_irq/irq.c.obj
 .text.irq_is_enabled
                0x100007d4       0x18 CMakeFiles/blink.dir/D_/Raspberry/RP2040/pico-sdk/src/rp2_common/hardware_irq/irq.c.obj
                0x100007d4                irq_is_enabled
 .text.irq_set_mask_enabled
                0x100007ec       0x20 CMakeFiles/blink.dir/D_/Raspberry/RP2040/pico-sdk/src/rp2_common/hardware_irq/irq.c.obj
                0x100007ec                irq_set_mask_enabled
 .text.irq_set_enabled
                0x1000080c        0xe CMakeFiles/blink.dir/D_/Raspberry/RP2040/pico-sdk/src/rp2_common/hardware_irq/irq.c.obj
                0x1000080c                irq_set_enabled
 *fill*         0x1000081a        0x2 
 .text.irq_set_pending
                0x1000081c       0x10 CMakeFiles/blink.dir/D_/Raspberry/RP2040/pico-sdk/src/rp2_common/hardware_irq/irq.c.obj
                0x1000081c                irq_set_pending
 .text.irq_get_vtable_handler
                0x1000082c       0x10 CMakeFiles/blink.dir/D_/Raspberry/RP2040/pico-sdk/src/rp2_common/hardware_irq/irq.c.obj
                0x1000082c                irq_get_vtable_handler
 .text.irq_has_shared_handler
                0x1000083c       0x24 CMakeFiles/blink.dir/D_/Raspberry/RP2040/pico-sdk/src/rp2_common/hardware_irq/irq.c.obj
                0x1000083c                irq_has_shared_handler
 .text.irq_set_exclusive_handler
                0x10000860       0x54 CMakeFiles/blink.dir/D_/Raspberry/RP2040/pico-sdk/src/rp2_common/hardware_irq/irq.c.obj
                0x10000860                irq_set_exclusive_handler
 .text.irq_add_shared_handler
                0x100008b4      0x230 CMakeFiles/blink.dir/D_/Raspberry/RP2040/pico-sdk/src/rp2_common/hardware_irq/irq.c.obj
                0x100008b4                irq_add_shared_handler
 .text.irq_remove_handler
                0x10000ae4      0x1a4 CMakeFiles/blink.dir/D_/Raspberry/RP2040/pico-sdk/src/rp2_common/hardware_irq/irq.c.obj
                0x10000ae4                irq_remove_handler
 .text.irq_add_tail_to_free_list
                0x10000c88       0xf0 CMakeFiles/blink.dir/D_/Raspberry/RP2040/pico-sdk/src/rp2_common/hardware_irq/irq.c.obj
                0x10000c88                irq_add_tail_to_free_list
 .text.irq_init_priorities
                0x10000d78       0x1c CMakeFiles/blink.dir/D_/Raspberry/RP2040/pico-sdk/src/rp2_common/hardware_irq/irq.c.obj
                0x10000d78                irq_init_priorities
 .text.user_irq_claim_unused
                0x10000d94       0x30 CMakeFiles/blink.dir/D_/Raspberry/RP2040/pico-sdk/src/rp2_common/hardware_irq/irq.c.obj
                0x10000d94                user_irq_claim_unused
 .text.lock_init
                0x10000dc4       0x10 CMakeFiles/blink.dir/D_/Raspberry/RP2040/pico-sdk/src/common/pico_sync/lock_core.c.obj
                0x10000dc4                lock_init
 .text.alarm_pool_post_alloc_init
                0x10000dd4       0x40 CMakeFiles/blink.dir/D_/Raspberry/RP2040/pico-sdk/src/common/pico_time/time.c.obj
 .text.sleep_until_callback
                0x10000e14       0x30 CMakeFiles/blink.dir/D_/Raspberry/RP2040/pico-sdk/src/common/pico_time/time.c.obj
 .text.timer_pool_entry_comparator
                0x10000e44       0x78 CMakeFiles/blink.dir/D_/Raspberry/RP2040/pico-sdk/src/common/pico_time/time.c.obj
                0x10000e44                timer_pool_entry_comparator
 .text.ph_add_child_node
                0x10000ebc       0xa0 CMakeFiles/blink.dir/D_/Raspberry/RP2040/pico-sdk/src/common/pico_time/time.c.obj
 .text.ph_merge_nodes
                0x10000f5c       0x3e CMakeFiles/blink.dir/D_/Raspberry/RP2040/pico-sdk/src/common/pico_time/time.c.obj
 *fill*         0x10000f9a        0x2 
 .text.add_alarm_under_lock
                0x10000f9c      0x16c CMakeFiles/blink.dir/D_/Raspberry/RP2040/pico-sdk/src/common/pico_time/time.c.obj
 .text.alarm_pool_alarm_callback
                0x10001108      0x328 CMakeFiles/blink.dir/D_/Raspberry/RP2040/pico-sdk/src/common/pico_time/time.c.obj
 .text.alarm_pool_init_default
                0x10001430       0x38 CMakeFiles/blink.dir/D_/Raspberry/RP2040/pico-sdk/src/common/pico_time/time.c.obj
                0x10001430                alarm_pool_init_default
 .text.alarm_pool_get_default
                0x10001468       0x2c CMakeFiles/blink.dir/D_/Raspberry/RP2040/pico-sdk/src/common/pico_time/time.c.obj
                0x10001468                alarm_pool_get_default
 .text.alarm_pool_add_alarm_at
                0x10001494      0x178 CMakeFiles/blink.dir/D_/Raspberry/RP2040/pico-sdk/src/common/pico_time/time.c.obj
                0x10001494                alarm_pool_add_alarm_at
 .text.alarm_pool_cancel_alarm
                0x1000160c       0xec CMakeFiles/blink.dir/D_/Raspberry/RP2040/pico-sdk/src/common/pico_time/time.c.obj
                0x1000160c                alarm_pool_cancel_alarm
 .text.sleep_until
                0x100016f8       0xfc CMakeFiles/blink.dir/D_/Raspberry/RP2040/pico-sdk/src/common/pico_time/time.c.obj
                0x100016f8                sleep_until
 .text.sleep_us
                0x100017f4       0x58 CMakeFiles/blink.dir/D_/Raspberry/RP2040/pico-sdk/src/common/pico_time/time.c.obj
                0x100017f4                sleep_us
 .text.sleep_ms
                0x1000184c       0x14 CMakeFiles/blink.dir/D_/Raspberry/RP2040/pico-sdk/src/common/pico_time/time.c.obj
                0x1000184c                sleep_ms
 .text.best_effort_wfe_or_timeout
                0x10001860       0x80 CMakeFiles/blink.dir/D_/Raspberry/RP2040/pico-sdk/src/common/pico_time/time.c.obj
                0x10001860                best_effort_wfe_or_timeout
 .text.hardware_alarm_irq_handler
                0x100018e0       0x88 CMakeFiles/blink.dir/D_/Raspberry/RP2040/pico-sdk/src/rp2_common/hardware_timer/timer.c.obj
 .text.hardware_alarm_claim
                0x10001968       0x18 CMakeFiles/blink.dir/D_/Raspberry/RP2040/pico-sdk/src/rp2_common/hardware_timer/timer.c.obj
                0x10001968                hardware_alarm_claim
 .text.time_us_64
                0x10001980       0x18 CMakeFiles/blink.dir/D_/Raspberry/RP2040/pico-sdk/src/rp2_common/hardware_timer/timer.c.obj
                0x10001980                time_us_64
 .text.busy_wait_until
                0x10001998       0x28 CMakeFiles/blink.dir/D_/Raspberry/RP2040/pico-sdk/src/rp2_common/hardware_timer/timer.c.obj
                0x10001998                busy_wait_until
 .text.hardware_alarm_set_callback
                0x100019c0       0x90 CMakeFiles/blink.dir/D_/Raspberry/RP2040/pico-sdk/src/rp2_common/hardware_timer/timer.c.obj
                0x100019c0                hardware_alarm_set_callback
 .text.hardware_alarm_set_target
                0x10001a50       0xe8 CMakeFiles/blink.dir/D_/Raspberry/RP2040/pico-sdk/src/rp2_common/hardware_timer/timer.c.obj
                0x10001a50                hardware_alarm_set_target
 .text.hardware_alarm_cancel
                0x10001b38       0x40 CMakeFiles/blink.dir/D_/Raspberry/RP2040/pico-sdk/src/rp2_common/hardware_timer/timer.c.obj
                0x10001b38                hardware_alarm_cancel
 .text.ph_add_child_node
                0x10001b78       0xa0 CMakeFiles/blink.dir/D_/Raspberry/RP2040/pico-sdk/src/common/pico_util/pheap.c.obj
 .text.ph_merge_nodes
                0x10001c18       0x3e CMakeFiles/blink.dir/D_/Raspberry/RP2040/pico-sdk/src/common/pico_util/pheap.c.obj
 *fill*         0x10001c56        0x2 
 .text.ph_clear
                0x10001c58       0x70 CMakeFiles/blink.dir/D_/Raspberry/RP2040/pico-sdk/src/common/pico_util/pheap.c.obj
                0x10001c58                ph_clear
 .text.ph_post_alloc_init
                0x10001cc8        0xe CMakeFiles/blink.dir/D_/Raspberry/RP2040/pico-sdk/src/common/pico_util/pheap.c.obj
                0x10001cc8                ph_post_alloc_init
 *fill*         0x10001cd6        0x2 
 .text.ph_merge_two_pass
                0x10001cd8       0xa4 CMakeFiles/blink.dir/D_/Raspberry/RP2040/pico-sdk/src/common/pico_util/pheap.c.obj
                0x10001cd8                ph_merge_two_pass
 .text.ph_remove_any_head
                0x10001d7c      0x104 CMakeFiles/blink.dir/D_/Raspberry/RP2040/pico-sdk/src/common/pico_util/pheap.c.obj
 .text.ph_remove_head
                0x10001e80       0x14 CMakeFiles/blink.dir/D_/Raspberry/RP2040/pico-sdk/src/common/pico_util/pheap.c.obj
                0x10001e80                ph_remove_head
 .text.ph_remove_and_free_node
                0x10001e94       0xf8 CMakeFiles/blink.dir/D_/Raspberry/RP2040/pico-sdk/src/common/pico_util/pheap.c.obj
                0x10001e94                ph_remove_and_free_node
 .text.mutex_init
                0x10001f8c       0x1a CMakeFiles/blink.dir/D_/Raspberry/RP2040/pico-sdk/src/common/pico_sync/mutex.c.obj
                0x10001f8c                mutex_init
 .text.recursive_mutex_init
                0x10001fa6       0x1e CMakeFiles/blink.dir/D_/Raspberry/RP2040/pico-sdk/src/common/pico_sync/mutex.c.obj
                0x10001fa6                recursive_mutex_init
 .text.critical_section_init_with_lock_num
                0x10001fc4       0x14 CMakeFiles/blink.dir/D_/Raspberry/RP2040/pico-sdk/src/common/pico_sync/critical_section.c.obj
                0x10001fc4                critical_section_init_with_lock_num
 .text.critical_section_init
                0x10001fd8       0x14 CMakeFiles/blink.dir/D_/Raspberry/RP2040/pico-sdk/src/common/pico_sync/critical_section.c.obj
                0x10001fd8                critical_section_init
 .text._exit    0x10001fec        0x4 CMakeFiles/blink.dir/D_/Raspberry/RP2040/pico-sdk/src/rp2_common/pico_runtime/runtime.c.obj
                0x10001fec                _exit
 .text.exit     0x10001ff0        0x6 CMakeFiles/blink.dir/D_/Raspberry/RP2040/pico-sdk/src/rp2_common/pico_runtime/runtime.c.obj
                0x10001ff0                exit
 *fill*         0x10001ff6        0x2 
 .text.__assert_func
                0x10001ff8       0x3c CMakeFiles/blink.dir/D_/Raspberry/RP2040/pico-sdk/src/rp2_common/pico_runtime/runtime.c.obj
                0x10001ff8                __assert_func
 .text.runtime_init
                0x10002034       0xf8 CMakeFiles/blink.dir/D_/Raspberry/RP2040/pico-sdk/src/rp2_common/pico_runtime/runtime.c.obj
                0x10002034                runtime_init
 .text.panic    0x1000212c       0x30 CMakeFiles/blink.dir/D_/Raspberry/RP2040/pico-sdk/src/rp2_common/pico_runtime/runtime.c.obj
                0x1000212c                panic
 .text.clock_configure
                0x1000215c      0x104 CMakeFiles/blink.dir/D_/Raspberry/RP2040/pico-sdk/src/rp2_common/hardware_clocks/clocks.c.obj
                0x1000215c                clock_configure
 .text.clocks_init
                0x10002260      0x100 CMakeFiles/blink.dir/D_/Raspberry/RP2040/pico-sdk/src/rp2_common/hardware_clocks/clocks.c.obj
                0x10002260                clocks_init
 .text.clock_get_hz
                0x10002360        0xc CMakeFiles/blink.dir/D_/Raspberry/RP2040/pico-sdk/src/rp2_common/hardware_clocks/clocks.c.obj
                0x10002360                clock_get_hz
 .text.pll_init
                0x1000236c      0x140 CMakeFiles/blink.dir/D_/Raspberry/RP2040/pico-sdk/src/rp2_common/hardware_pll/pll.c.obj
                0x1000236c                pll_init
 .text.watchdog_start_tick
                0x100024ac       0x10 CMakeFiles/blink.dir/D_/Raspberry/RP2040/pico-sdk/src/rp2_common/hardware_watchdog/watchdog.c.obj
                0x100024ac                watchdog_start_tick
 .text.watchdog_update
                0x100024bc       0x14 CMakeFiles/blink.dir/D_/Raspberry/RP2040/pico-sdk/src/rp2_common/hardware_watchdog/watchdog.c.obj
                0x100024bc                watchdog_update
 .text._watchdog_enable
                0x100024d0       0x78 CMakeFiles/blink.dir/D_/Raspberry/RP2040/pico-sdk/src/rp2_common/hardware_watchdog/watchdog.c.obj
                0x100024d0                _watchdog_enable
 .text.watchdog_reboot
                0x10002548       0x48 CMakeFiles/blink.dir/D_/Raspberry/RP2040/pico-sdk/src/rp2_common/hardware_watchdog/watchdog.c.obj
                0x10002548                watchdog_reboot
 .text.xosc_init
                0x10002590       0x28 CMakeFiles/blink.dir/D_/Raspberry/RP2040/pico-sdk/src/rp2_common/hardware_xosc/xosc.c.obj
                0x10002590                xosc_init
 .text._out_null
                0x100025b8        0x2 CMakeFiles/blink.dir/D_/Raspberry/RP2040/pico-sdk/src/rp2_common/pico_printf/printf.c.obj
 .text._out_fct
                0x100025ba        0xe CMakeFiles/blink.dir/D_/Raspberry/RP2040/pico-sdk/src/rp2_common/pico_printf/printf.c.obj
 .text._atoi    0x100025c8       0x24 CMakeFiles/blink.dir/D_/Raspberry/RP2040/pico-sdk/src/rp2_common/pico_printf/printf.c.obj
 .text._out_rev
                0x100025ec       0xae CMakeFiles/blink.dir/D_/Raspberry/RP2040/pico-sdk/src/rp2_common/pico_printf/printf.c.obj
 .text._ntoa_format
                0x1000269a      0x112 CMakeFiles/blink.dir/D_/Raspberry/RP2040/pico-sdk/src/rp2_common/pico_printf/printf.c.obj
 .text._ntoa_long
                0x100027ac       0xbc CMakeFiles/blink.dir/D_/Raspberry/RP2040/pico-sdk/src/rp2_common/pico_printf/printf.c.obj
 .text._ntoa_long_long
                0x10002868       0xe2 CMakeFiles/blink.dir/D_/Raspberry/RP2040/pico-sdk/src/rp2_common/pico_printf/printf.c.obj
 *fill*         0x1000294a        0x2 
 .text._etoa    0x1000294c      0x414 CMakeFiles/blink.dir/D_/Raspberry/RP2040/pico-sdk/src/rp2_common/pico_printf/printf.c.obj
 .text._ftoa    0x10002d60      0x354 CMakeFiles/blink.dir/D_/Raspberry/RP2040/pico-sdk/src/rp2_common/pico_printf/printf.c.obj
 .text._vsnprintf
                0x100030b4      0x650 CMakeFiles/blink.dir/D_/Raspberry/RP2040/pico-sdk/src/rp2_common/pico_printf/printf.c.obj
 .text.vfctprintf
                0x10003704       0x20 CMakeFiles/blink.dir/D_/Raspberry/RP2040/pico-sdk/src/rp2_common/pico_printf/printf.c.obj
                0x10003704                vfctprintf
 .text          0x10003724       0x10 CMakeFiles/blink.dir/D_/Raspberry/RP2040/pico-sdk/src/rp2_common/pico_bit_ops/bit_ops_aeabi.S.obj
 .text.rom_func_lookup
                0x10003734       0x10 CMakeFiles/blink.dir/D_/Raspberry/RP2040/pico-sdk/src/rp2_common/pico_bootrom/bootrom.c.obj
                0x10003734                rom_func_lookup
 .text.rom_data_lookup
                0x10003744       0x10 CMakeFiles/blink.dir/D_/Raspberry/RP2040/pico-sdk/src/rp2_common/pico_bootrom/bootrom.c.obj
                0x10003744                rom_data_lookup
 .text.rom_funcs_lookup
                0x10003754       0x36 CMakeFiles/blink.dir/D_/Raspberry/RP2040/pico-sdk/src/rp2_common/pico_bootrom/bootrom.c.obj
                0x10003754                rom_funcs_lookup
 *fill*         0x1000378a        0x2 
 .text.__wrap___aeabi_idiv
                0x1000378c       0x50 CMakeFiles/blink.dir/D_/Raspberry/RP2040/pico-sdk/src/rp2_common/pico_divider/divider.S.obj
                0x1000378c                __wrap___aeabi_idivmod
                0x1000378c                divmod_s32s32
                0x1000378c                div_s32s32
                0x1000378c                __wrap___aeabi_idiv
                0x10003794                divmod_s32s32_unsafe
                0x100037c0                divmod_s32s32_savestate
 .text.__wrap___aeabi_uidiv
                0x100037dc       0x4c CMakeFiles/blink.dir/D_/Raspberry/RP2040/pico-sdk/src/rp2_common/pico_divider/divider.S.obj
                0x100037dc                __wrap___aeabi_uidiv
                0x100037dc                __wrap___aeabi_uidivmod
                0x100037dc                div_u32u32
                0x100037dc                divmod_u32u32
                0x100037e4                divmod_u32u32_unsafe
                0x1000380c                divmod_u32u32_savestate
 .text.__wrap___aeabi_ldiv
                0x10003828      0x434 CMakeFiles/blink.dir/D_/Raspberry/RP2040/pico-sdk/src/rp2_common/pico_divider/divider.S.obj
                0x10003828                div_s64s64
                0x10003828                divmod_s64s64
                0x10003828                __wrap___aeabi_ldivmod
                0x10003860                divmod_u64u64
                0x10003860                div_u64u64
                0x10003860                __wrap___aeabi_uldivmod
                0x10003870                divmod_u64u64_savestate
                0x10003898                divmod_s64s64_unsafe
                0x10003920                divmod_u64u64_unsafe
 .text.__wrap___aeabi_darithmetic
                0x10003c5c       0x80 CMakeFiles/blink.dir/D_/Raspberry/RP2040/pico-sdk/src/rp2_common/pico_double/double_aeabi.S.obj
                0x10003c5c                __wrap___aeabi_drsub
                0x10003c62                __wrap___aeabi_dsub
                0x10003c74                __wrap___aeabi_dadd
                0x10003c86                __wrap___aeabi_ddiv
                0x10003cc2                __wrap___aeabi_dmul
 .text.__wrap___aeabi_cdcmple
                0x10003cdc       0x6c CMakeFiles/blink.dir/D_/Raspberry/RP2040/pico-sdk/src/rp2_common/pico_double/double_aeabi.S.obj
                0x10003cdc                __wrap___aeabi_cdrcmple
                0x10003cec                __wrap___aeabi_cdcmpeq
                0x10003cec                __wrap___aeabi_cdcmple
 .text.__wrap___aeabi_dcmplt
                0x10003d48        0xc CMakeFiles/blink.dir/D_/Raspberry/RP2040/pico-sdk/src/rp2_common/pico_double/double_aeabi.S.obj
                0x10003d48                __wrap___aeabi_dcmplt
 .text.__wrap___aeabi_dcmple
                0x10003d54       0x10 CMakeFiles/blink.dir/D_/Raspberry/RP2040/pico-sdk/src/rp2_common/pico_double/double_aeabi.S.obj
                0x10003d54                __wrap___aeabi_dcmple
 .text.__wrap___aeabi_dcmpge
                0x10003d64       0x10 CMakeFiles/blink.dir/D_/Raspberry/RP2040/pico-sdk/src/rp2_common/pico_double/double_aeabi.S.obj
                0x10003d64                __wrap___aeabi_dcmpge
 .text.__wrap___aeabi_dcmpgt
                0x10003d74        0xa CMakeFiles/blink.dir/D_/Raspberry/RP2040/pico-sdk/src/rp2_common/pico_double/double_aeabi.S.obj
                0x10003d74                __wrap___aeabi_dcmpgt
 .text.__wrap___aeabi_dcmpun
                0x10003d7e       0x1c CMakeFiles/blink.dir/D_/Raspberry/RP2040/pico-sdk/src/rp2_common/pico_double/double_aeabi.S.obj
                0x10003d7e                __wrap___aeabi_dcmpun
 *fill*         0x10003d9a        0x2 
 .text.__wrap___aeabi_i2d
                0x10003d9c       0x38 CMakeFiles/blink.dir/D_/Raspberry/RP2040/pico-sdk/src/rp2_common/pico_double/double_aeabi.S.obj
                0x10003d9c                __wrap___aeabi_ui2d
                0x10003da4                __wrap___aeabi_i2d
 .text.__wrap___aeabi_d2iz
                0x10003dd4       0x48 CMakeFiles/blink.dir/D_/Raspberry/RP2040/pico-sdk/src/rp2_common/pico_double/double_aeabi.S.obj
                0x10003dd4                double2int_z
                0x10003dd4                __wrap___aeabi_d2iz
 .text.__wrap___aeabi_d2uiz
                0x10003e1c       0x18 CMakeFiles/blink.dir/D_/Raspberry/RP2040/pico-sdk/src/rp2_common/pico_double/double_aeabi.S.obj
                0x10003e1c                __wrap___aeabi_d2uiz
                0x10003e1c                double2uint
 .text.__aeabi_double_init
                0x10003e34       0xc8 CMakeFiles/blink.dir/D_/Raspberry/RP2040/pico-sdk/src/rp2_common/pico_double/double_init_rom.c.obj
                0x10003e34                __aeabi_double_init
 .text.double_table_shim_on_use_helper
                0x10003efc       0x34 CMakeFiles/blink.dir/D_/Raspberry/RP2040/pico-sdk/src/rp2_common/pico_double/double_v1_rom_shim.S.obj
                0x10003efc                double_table_shim_on_use_helper
 .text.__wrap___aeabi_dsub
                0x10003f30       0x10 CMakeFiles/blink.dir/D_/Raspberry/RP2040/pico-sdk/src/rp2_common/pico_double/double_v1_rom_shim.S.obj
                0x10003f30                drsub_shim
                0x10003f36                dsub_shim
 .text.dadd_shim
                0x10003f40      0x15c CMakeFiles/blink.dir/D_/Raspberry/RP2040/pico-sdk/src/rp2_common/pico_double/double_v1_rom_shim.S.obj
                0x10003f40                dadd_shim
 .text.dmul_shim
                0x1000409c      0x15c CMakeFiles/blink.dir/D_/Raspberry/RP2040/pico-sdk/src/rp2_common/pico_double/double_v1_rom_shim.S.obj
                0x1000409c                dmul_shim
 .text.ddiv_shim
                0x100041f8      0x1b0 CMakeFiles/blink.dir/D_/Raspberry/RP2040/pico-sdk/src/rp2_common/pico_double/double_v1_rom_shim.S.obj
                0x100041f8                ddiv_shim
 .text.double2uint_shim
                0x100043a8        0xe CMakeFiles/blink.dir/D_/Raspberry/RP2040/pico-sdk/src/rp2_common/pico_double/double_v1_rom_shim.S.obj
                0x100043a8                double2uint_shim
                0x100043aa                double2ufix_shim
 *fill*         0x100043b6        0x2 
 .text.double2uint64_shim
                0x100043b8       0x70 CMakeFiles/blink.dir/D_/Raspberry/RP2040/pico-sdk/src/rp2_common/pico_double/double_v1_rom_shim.S.obj
                0x100043b8                double2uint64_shim
                0x100043ba                double2ufix64_shim
                0x100043da                d2fix_a
 .text.dunpacks
                0x10004428       0x3c CMakeFiles/blink.dir/D_/Raspberry/RP2040/pico-sdk/src/rp2_common/pico_double/double_v1_rom_shim.S.obj
                0x10004428                dunpacks
 .text.__aeabi_lmul
                0x10004464       0x32 CMakeFiles/blink.dir/D_/Raspberry/RP2040/pico-sdk/src/rp2_common/pico_int64_ops/pico_int64_ops_aeabi.S.obj
                0x10004464                __wrap___aeabi_lmul
 *fill*         0x10004496        0x2 
 .text.__aeabi_float_init
                0x10004498       0xfc CMakeFiles/blink.dir/D_/Raspberry/RP2040/pico-sdk/src/rp2_common/pico_float/float_init_rom.c.obj
                0x10004498                __aeabi_float_init
 .text.float_table_shim_on_use_helper
                0x10004594       0x34 CMakeFiles/blink.dir/D_/Raspberry/RP2040/pico-sdk/src/rp2_common/pico_float/float_v1_rom_shim.S.obj
                0x10004594                float_table_shim_on_use_helper
 .text          0x100045c8       0x10 CMakeFiles/blink.dir/D_/Raspberry/RP2040/pico-sdk/src/rp2_common/pico_mem_ops/mem_ops_aeabi.S.obj
                0x100045c8                __aeabi_mem_init
 .text.memset   0x100045d8        0xc CMakeFiles/blink.dir/D_/Raspberry/RP2040/pico-sdk/src/rp2_common/pico_mem_ops/mem_ops_aeabi.S.obj
                0x100045d8                __wrap_memset
 .text.memcpy   0x100045e4        0xc CMakeFiles/blink.dir/D_/Raspberry/RP2040/pico-sdk/src/rp2_common/pico_mem_ops/mem_ops_aeabi.S.obj
                0x100045e4                __wrap_memcpy
                0x100045e4                __wrap___aeabi_memcpy
 .text.stdio_out_chars_no_crlf
                0x100045f0        0xe CMakeFiles/blink.dir/D_/Raspberry/RP2040/pico-sdk/src/rp2_common/pico_stdio/stdio.c.obj
 *fill*         0x100045fe        0x2 
 .text.stdio_out_chars_crlf
                0x10004600       0x80 CMakeFiles/blink.dir/D_/Raspberry/RP2040/pico-sdk/src/rp2_common/pico_stdio/stdio.c.obj
 .text.stdio_stack_buffer_flush
                0x10004680       0x44 CMakeFiles/blink.dir/D_/Raspberry/RP2040/pico-sdk/src/rp2_common/pico_stdio/stdio.c.obj
 .text.stdio_buffered_printer
                0x100046c4       0x20 CMakeFiles/blink.dir/D_/Raspberry/RP2040/pico-sdk/src/rp2_common/pico_stdio/stdio.c.obj
 .text.stdout_serialize_begin
                0x100046e4       0x30 CMakeFiles/blink.dir/D_/Raspberry/RP2040/pico-sdk/src/rp2_common/pico_stdio/stdio.c.obj
                0x100046e4                stdout_serialize_begin
 .text.stdout_serialize_end
                0x10004714       0x10 CMakeFiles/blink.dir/D_/Raspberry/RP2040/pico-sdk/src/rp2_common/pico_stdio/stdio.c.obj
                0x10004714                stdout_serialize_end
 .text.stdio_put_string
                0x10004724       0x98 CMakeFiles/blink.dir/D_/Raspberry/RP2040/pico-sdk/src/rp2_common/pico_stdio/stdio.c.obj
 .text.stdio_set_driver_enabled
                0x100047bc       0x2c CMakeFiles/blink.dir/D_/Raspberry/RP2040/pico-sdk/src/rp2_common/pico_stdio/stdio.c.obj
                0x100047bc                stdio_set_driver_enabled
 .text.stdio_flush
                0x100047e8       0x20 CMakeFiles/blink.dir/D_/Raspberry/RP2040/pico-sdk/src/rp2_common/pico_stdio/stdio.c.obj
                0x100047e8                stdio_flush
 .text.__wrap_puts
                0x10004808       0x1e CMakeFiles/blink.dir/D_/Raspberry/RP2040/pico-sdk/src/rp2_common/pico_stdio/stdio.c.obj
                0x10004808                __wrap_puts
 *fill*         0x10004826        0x2 
 .text.__wrap_vprintf
                0x10004828       0x44 CMakeFiles/blink.dir/D_/Raspberry/RP2040/pico-sdk/src/rp2_common/pico_stdio/stdio.c.obj
                0x10004828                __wrap_vprintf
 .text.__wrap_printf
                0x1000486c       0x18 CMakeFiles/blink.dir/D_/Raspberry/RP2040/pico-sdk/src/rp2_common/pico_stdio/stdio.c.obj
                0x1000486c                __wrap_printf
 .text.stdio_init_all
                0x10004884        0x8 CMakeFiles/blink.dir/D_/Raspberry/RP2040/pico-sdk/src/rp2_common/pico_stdio/stdio.c.obj
                0x10004884                stdio_init_all
 .text.resetd_init
                0x1000488c        0x2 CMakeFiles/blink.dir/D_/Raspberry/RP2040/pico-sdk/src/rp2_common/pico_stdio_usb/reset_interface.c.obj
 *fill*         0x1000488e        0x2 
 .text.resetd_reset
                0x10004890        0xc CMakeFiles/blink.dir/D_/Raspberry/RP2040/pico-sdk/src/rp2_common/pico_stdio_usb/reset_interface.c.obj
 .text.resetd_open
                0x1000489c       0x34 CMakeFiles/blink.dir/D_/Raspberry/RP2040/pico-sdk/src/rp2_common/pico_stdio_usb/reset_interface.c.obj
 .text.resetd_xfer_cb
                0x100048d0        0x4 CMakeFiles/blink.dir/D_/Raspberry/RP2040/pico-sdk/src/rp2_common/pico_stdio_usb/reset_interface.c.obj
 .text.reset_usb_boot
                0x100048d4       0x18 CMakeFiles/blink.dir/D_/Raspberry/RP2040/pico-sdk/src/rp2_common/pico_stdio_usb/reset_interface.c.obj
 .text.resetd_control_xfer_cb
                0x100048ec       0x5c CMakeFiles/blink.dir/D_/Raspberry/RP2040/pico-sdk/src/rp2_common/pico_stdio_usb/reset_interface.c.obj
 .text.usbd_app_driver_get_cb
                0x10004948        0xc CMakeFiles/blink.dir/D_/Raspberry/RP2040/pico-sdk/src/rp2_common/pico_stdio_usb/reset_interface.c.obj
                0x10004948                usbd_app_driver_get_cb
 .text.tud_cdc_line_coding_cb
                0x10004954       0x28 CMakeFiles/blink.dir/D_/Raspberry/RP2040/pico-sdk/src/rp2_common/pico_stdio_usb/reset_interface.c.obj
                0x10004954                tud_cdc_line_coding_cb
 .text.stdio_usb_in_chars
                0x1000497c       0x70 CMakeFiles/blink.dir/D_/Raspberry/RP2040/pico-sdk/src/rp2_common/pico_stdio_usb/stdio_usb.c.obj
                0x1000497c                stdio_usb_in_chars
 .text.low_priority_worker_irq
                0x100049ec       0x20 CMakeFiles/blink.dir/D_/Raspberry/RP2040/pico-sdk/src/rp2_common/pico_stdio_usb/stdio_usb.c.obj
 .text.stdio_usb_out_chars
                0x10004a0c       0xd4 CMakeFiles/blink.dir/D_/Raspberry/RP2040/pico-sdk/src/rp2_common/pico_stdio_usb/stdio_usb.c.obj
 .text.timer_task
                0x10004ae0       0x40 CMakeFiles/blink.dir/D_/Raspberry/RP2040/pico-sdk/src/rp2_common/pico_stdio_usb/stdio_usb.c.obj
 .text.usb_irq  0x10004b20       0x10 CMakeFiles/blink.dir/D_/Raspberry/RP2040/pico-sdk/src/rp2_common/pico_stdio_usb/stdio_usb.c.obj
 .text.stdio_usb_init
                0x10004b30       0xec CMakeFiles/blink.dir/D_/Raspberry/RP2040/pico-sdk/src/rp2_common/pico_stdio_usb/stdio_usb.c.obj
                0x10004b30                stdio_usb_init
 .text.tud_descriptor_device_cb
                0x10004c1c        0x8 CMakeFiles/blink.dir/D_/Raspberry/RP2040/pico-sdk/src/rp2_common/pico_stdio_usb/stdio_usb_descriptors.c.obj
                0x10004c1c                tud_descriptor_device_cb
 .text.tud_descriptor_configuration_cb
                0x10004c24        0x8 CMakeFiles/blink.dir/D_/Raspberry/RP2040/pico-sdk/src/rp2_common/pico_stdio_usb/stdio_usb_descriptors.c.obj
                0x10004c24                tud_descriptor_configuration_cb
 .text.tud_descriptor_string_cb
                0x10004c2c       0x6c CMakeFiles/blink.dir/D_/Raspberry/RP2040/pico-sdk/src/rp2_common/pico_stdio_usb/stdio_usb_descriptors.c.obj
                0x10004c2c                tud_descriptor_string_cb
 .text.hw_endpoint_get_by_addr
                0x10004c98       0x18 CMakeFiles/blink.dir/D_/Raspberry/RP2040/pico-sdk/lib/tinyusb/src/portable/raspberrypi/rp2040/dcd_rp2040.c.obj
 .text.reset_ep0_pid
                0x10004cb0       0x28 CMakeFiles/blink.dir/D_/Raspberry/RP2040/pico-sdk/lib/tinyusb/src/portable/raspberrypi/rp2040/dcd_rp2040.c.obj
 .text._hw_endpoint_alloc
                0x10004cd8       0x70 CMakeFiles/blink.dir/D_/Raspberry/RP2040/pico-sdk/lib/tinyusb/src/portable/raspberrypi/rp2040/dcd_rp2040.c.obj
 .text.hw_endpoint_init
                0x10004d48       0x88 CMakeFiles/blink.dir/D_/Raspberry/RP2040/pico-sdk/lib/tinyusb/src/portable/raspberrypi/rp2040/dcd_rp2040.c.obj
 .text.reset_non_control_endpoints
                0x10004dd0       0x40 CMakeFiles/blink.dir/D_/Raspberry/RP2040/pico-sdk/lib/tinyusb/src/portable/raspberrypi/rp2040/dcd_rp2040.c.obj
 .text.hw_handle_buff_status
                0x10004e10       0x8c CMakeFiles/blink.dir/D_/Raspberry/RP2040/pico-sdk/lib/tinyusb/src/portable/raspberrypi/rp2040/dcd_rp2040.c.obj
 .text.dcd_rp2040_irq
                0x10004e9c       0xc0 CMakeFiles/blink.dir/D_/Raspberry/RP2040/pico-sdk/lib/tinyusb/src/portable/raspberrypi/rp2040/dcd_rp2040.c.obj
 .text.hw_endpoint_xfer
                0x10004f5c       0x14 CMakeFiles/blink.dir/D_/Raspberry/RP2040/pico-sdk/lib/tinyusb/src/portable/raspberrypi/rp2040/dcd_rp2040.c.obj
 .text.dcd_int_enable
                0x10004f70       0x2c CMakeFiles/blink.dir/D_/Raspberry/RP2040/pico-sdk/lib/tinyusb/src/portable/raspberrypi/rp2040/dcd_rp2040.c.obj
                0x10004f70                dcd_int_enable
 .text.dcd_set_address
                0x10004f9c       0x2c CMakeFiles/blink.dir/D_/Raspberry/RP2040/pico-sdk/lib/tinyusb/src/portable/raspberrypi/rp2040/dcd_rp2040.c.obj
                0x10004f9c                dcd_set_address
 .text.dcd_connect
                0x10004fc8       0x10 CMakeFiles/blink.dir/D_/Raspberry/RP2040/pico-sdk/lib/tinyusb/src/portable/raspberrypi/rp2040/dcd_rp2040.c.obj
                0x10004fc8                dcd_connect
 .text.dcd_init
                0x10004fd8       0x7c CMakeFiles/blink.dir/D_/Raspberry/RP2040/pico-sdk/lib/tinyusb/src/portable/raspberrypi/rp2040/dcd_rp2040.c.obj
                0x10004fd8                dcd_init
 .text.dcd_edpt0_status_complete
                0x10005054       0x1c CMakeFiles/blink.dir/D_/Raspberry/RP2040/pico-sdk/lib/tinyusb/src/portable/raspberrypi/rp2040/dcd_rp2040.c.obj
                0x10005054                dcd_edpt0_status_complete
 .text.dcd_edpt_open
                0x10005070       0x40 CMakeFiles/blink.dir/D_/Raspberry/RP2040/pico-sdk/lib/tinyusb/src/portable/raspberrypi/rp2040/dcd_rp2040.c.obj
                0x10005070                dcd_edpt_open
 .text.dcd_edpt_close_all
                0x100050b0        0x8 CMakeFiles/blink.dir/D_/Raspberry/RP2040/pico-sdk/lib/tinyusb/src/portable/raspberrypi/rp2040/dcd_rp2040.c.obj
                0x100050b0                dcd_edpt_close_all
 .text.dcd_edpt_xfer
                0x100050b8       0x30 CMakeFiles/blink.dir/D_/Raspberry/RP2040/pico-sdk/lib/tinyusb/src/portable/raspberrypi/rp2040/dcd_rp2040.c.obj
                0x100050b8                dcd_edpt_xfer
 .text.dcd_edpt_stall
                0x100050e8       0x2c CMakeFiles/blink.dir/D_/Raspberry/RP2040/pico-sdk/lib/tinyusb/src/portable/raspberrypi/rp2040/dcd_rp2040.c.obj
                0x100050e8                dcd_edpt_stall
 .text.dcd_edpt_clear_stall
                0x10005114       0x20 CMakeFiles/blink.dir/D_/Raspberry/RP2040/pico-sdk/lib/tinyusb/src/portable/raspberrypi/rp2040/dcd_rp2040.c.obj
                0x10005114                dcd_edpt_clear_stall
 .text.prepare_ep_buffer
                0x10005134       0x6c CMakeFiles/blink.dir/D_/Raspberry/RP2040/pico-sdk/lib/tinyusb/src/portable/raspberrypi/rp2040/rp2040_usb.c.obj
 .text.sync_ep_buffer
                0x100051a0       0x78 CMakeFiles/blink.dir/D_/Raspberry/RP2040/pico-sdk/lib/tinyusb/src/portable/raspberrypi/rp2040/rp2040_usb.c.obj
 .text._hw_endpoint_xfer_sync
                0x10005218       0x28 CMakeFiles/blink.dir/D_/Raspberry/RP2040/pico-sdk/lib/tinyusb/src/portable/raspberrypi/rp2040/rp2040_usb.c.obj
 .text.rp2040_usb_init
                0x10005240       0x4c CMakeFiles/blink.dir/D_/Raspberry/RP2040/pico-sdk/lib/tinyusb/src/portable/raspberrypi/rp2040/rp2040_usb.c.obj
                0x10005240                rp2040_usb_init
 .text.hw_endpoint_reset_transfer
                0x1000528c        0xc CMakeFiles/blink.dir/D_/Raspberry/RP2040/pico-sdk/lib/tinyusb/src/portable/raspberrypi/rp2040/rp2040_usb.c.obj
                0x1000528c                hw_endpoint_reset_transfer
 .text._hw_endpoint_buffer_control_update32
                0x10005298       0x58 CMakeFiles/blink.dir/D_/Raspberry/RP2040/pico-sdk/lib/tinyusb/src/portable/raspberrypi/rp2040/rp2040_usb.c.obj
                0x10005298                _hw_endpoint_buffer_control_update32
 .text._hw_endpoint_start_next_buffer
                0x100052f0       0x74 CMakeFiles/blink.dir/D_/Raspberry/RP2040/pico-sdk/lib/tinyusb/src/portable/raspberrypi/rp2040/rp2040_usb.c.obj
 .text.hw_endpoint_xfer_start
                0x10005364       0x48 CMakeFiles/blink.dir/D_/Raspberry/RP2040/pico-sdk/lib/tinyusb/src/portable/raspberrypi/rp2040/rp2040_usb.c.obj
                0x10005364                hw_endpoint_xfer_start
 .text.hw_endpoint_xfer_continue
                0x100053ac       0x38 CMakeFiles/blink.dir/D_/Raspberry/RP2040/pico-sdk/lib/tinyusb/src/portable/raspberrypi/rp2040/rp2040_usb.c.obj
                0x100053ac                hw_endpoint_xfer_continue
 .text.configuration_reset
                0x100053e4       0x84 CMakeFiles/blink.dir/D_/Raspberry/RP2040/pico-sdk/lib/tinyusb/src/device/usbd.c.obj
 .text.usbd_reset
                0x10005468        0xc CMakeFiles/blink.dir/D_/Raspberry/RP2040/pico-sdk/lib/tinyusb/src/device/usbd.c.obj
 .text.invoke_class_control
                0x10005474       0x1a CMakeFiles/blink.dir/D_/Raspberry/RP2040/pico-sdk/lib/tinyusb/src/device/usbd.c.obj
 *fill*         0x1000548e        0x2 
 .text.process_set_config
                0x10005490      0x1b0 CMakeFiles/blink.dir/D_/Raspberry/RP2040/pico-sdk/lib/tinyusb/src/device/usbd.c.obj
 .text.process_get_descriptor
                0x10005640       0xec CMakeFiles/blink.dir/D_/Raspberry/RP2040/pico-sdk/lib/tinyusb/src/device/usbd.c.obj
 .text.tud_mounted
                0x1000572c       0x10 CMakeFiles/blink.dir/D_/Raspberry/RP2040/pico-sdk/lib/tinyusb/src/device/usbd.c.obj
                0x1000572c                tud_mounted
 .text.tud_suspended
                0x1000573c       0x10 CMakeFiles/blink.dir/D_/Raspberry/RP2040/pico-sdk/lib/tinyusb/src/device/usbd.c.obj
                0x1000573c                tud_suspended
 .text.tud_inited
                0x1000574c        0xc CMakeFiles/blink.dir/D_/Raspberry/RP2040/pico-sdk/lib/tinyusb/src/device/usbd.c.obj
                0x1000574c                tud_inited
 .text.tud_init
                0x10005758       0xcc CMakeFiles/blink.dir/D_/Raspberry/RP2040/pico-sdk/lib/tinyusb/src/device/usbd.c.obj
                0x10005758                tud_init
 .text.dcd_event_handler
                0x10005824      0x1e0 CMakeFiles/blink.dir/D_/Raspberry/RP2040/pico-sdk/lib/tinyusb/src/device/usbd.c.obj
                0x10005824                dcd_event_handler
 .text.dcd_event_bus_signal
                0x10005a04       0x26 CMakeFiles/blink.dir/D_/Raspberry/RP2040/pico-sdk/lib/tinyusb/src/device/usbd.c.obj
                0x10005a04                dcd_event_bus_signal
 .text.dcd_event_bus_reset
                0x10005a2a       0x2a CMakeFiles/blink.dir/D_/Raspberry/RP2040/pico-sdk/lib/tinyusb/src/device/usbd.c.obj
                0x10005a2a                dcd_event_bus_reset
 .text.dcd_event_setup_received
                0x10005a54       0x34 CMakeFiles/blink.dir/D_/Raspberry/RP2040/pico-sdk/lib/tinyusb/src/device/usbd.c.obj
                0x10005a54                dcd_event_setup_received
 .text.dcd_event_xfer_complete
                0x10005a88       0x44 CMakeFiles/blink.dir/D_/Raspberry/RP2040/pico-sdk/lib/tinyusb/src/device/usbd.c.obj
                0x10005a88                dcd_event_xfer_complete
 .text.usbd_edpt_open
                0x10005acc       0x58 CMakeFiles/blink.dir/D_/Raspberry/RP2040/pico-sdk/lib/tinyusb/src/device/usbd.c.obj
                0x10005acc                usbd_edpt_open
 .text.usbd_open_edpt_pair
                0x10005b24       0x8c CMakeFiles/blink.dir/D_/Raspberry/RP2040/pico-sdk/lib/tinyusb/src/device/usbd.c.obj
                0x10005b24                usbd_open_edpt_pair
 .text.usbd_edpt_claim
                0x10005bb0       0x8c CMakeFiles/blink.dir/D_/Raspberry/RP2040/pico-sdk/lib/tinyusb/src/device/usbd.c.obj
                0x10005bb0                usbd_edpt_claim
 .text.usbd_edpt_release
                0x10005c3c       0x68 CMakeFiles/blink.dir/D_/Raspberry/RP2040/pico-sdk/lib/tinyusb/src/device/usbd.c.obj
                0x10005c3c                usbd_edpt_release
 .text.usbd_edpt_xfer
                0x10005ca4       0x84 CMakeFiles/blink.dir/D_/Raspberry/RP2040/pico-sdk/lib/tinyusb/src/device/usbd.c.obj
                0x10005ca4                usbd_edpt_xfer
 .text.usbd_edpt_stall
                0x10005d28       0x40 CMakeFiles/blink.dir/D_/Raspberry/RP2040/pico-sdk/lib/tinyusb/src/device/usbd.c.obj
                0x10005d28                usbd_edpt_stall
 .text.usbd_edpt_clear_stall
                0x10005d68       0x40 CMakeFiles/blink.dir/D_/Raspberry/RP2040/pico-sdk/lib/tinyusb/src/device/usbd.c.obj
                0x10005d68                usbd_edpt_clear_stall
 .text.usbd_edpt_stalled
                0x10005da8       0x1c CMakeFiles/blink.dir/D_/Raspberry/RP2040/pico-sdk/lib/tinyusb/src/device/usbd.c.obj
                0x10005da8                usbd_edpt_stalled
 .text.process_control_request
                0x10005dc4      0x3b8 CMakeFiles/blink.dir/D_/Raspberry/RP2040/pico-sdk/lib/tinyusb/src/device/usbd.c.obj
 .text.tud_task
                0x1000617c      0x218 CMakeFiles/blink.dir/D_/Raspberry/RP2040/pico-sdk/lib/tinyusb/src/device/usbd.c.obj
                0x1000617c                tud_task
 .text._data_stage_xact
                0x10006394       0x58 CMakeFiles/blink.dir/D_/Raspberry/RP2040/pico-sdk/lib/tinyusb/src/device/usbd_control.c.obj
 .text.tud_control_status
                0x100063ec       0x38 CMakeFiles/blink.dir/D_/Raspberry/RP2040/pico-sdk/lib/tinyusb/src/device/usbd_control.c.obj
                0x100063ec                tud_control_status
 .text.tud_control_xfer
                0x10006424       0xa8 CMakeFiles/blink.dir/D_/Raspberry/RP2040/pico-sdk/lib/tinyusb/src/device/usbd_control.c.obj
                0x10006424                tud_control_xfer
 .text.usbd_control_reset
                0x100064cc       0x14 CMakeFiles/blink.dir/D_/Raspberry/RP2040/pico-sdk/lib/tinyusb/src/device/usbd_control.c.obj
                0x100064cc                usbd_control_reset
 .text.usbd_control_set_complete_callback
                0x100064e0        0xc CMakeFiles/blink.dir/D_/Raspberry/RP2040/pico-sdk/lib/tinyusb/src/device/usbd_control.c.obj
                0x100064e0                usbd_control_set_complete_callback
 .text.usbd_control_set_request
                0x100064ec       0x1c CMakeFiles/blink.dir/D_/Raspberry/RP2040/pico-sdk/lib/tinyusb/src/device/usbd_control.c.obj
                0x100064ec                usbd_control_set_request
 .text.usbd_control_xfer_cb
                0x10006508       0xfc CMakeFiles/blink.dir/D_/Raspberry/RP2040/pico-sdk/lib/tinyusb/src/device/usbd_control.c.obj
                0x10006508                usbd_control_xfer_cb
 .text._prep_out_transaction
                0x10006604       0x46 CMakeFiles/blink.dir/D_/Raspberry/RP2040/pico-sdk/lib/tinyusb/src/class/cdc/cdc_device.c.obj
 *fill*         0x1000664a        0x2 
 .text.tud_cdc_n_connected
                0x1000664c       0x44 CMakeFiles/blink.dir/D_/Raspberry/RP2040/pico-sdk/lib/tinyusb/src/class/cdc/cdc_device.c.obj
                0x1000664c                tud_cdc_n_connected
 .text.tud_cdc_n_available
                0x10006690       0x18 CMakeFiles/blink.dir/D_/Raspberry/RP2040/pico-sdk/lib/tinyusb/src/class/cdc/cdc_device.c.obj
                0x10006690                tud_cdc_n_available
 .text.tud_cdc_n_read
                0x100066a8       0x28 CMakeFiles/blink.dir/D_/Raspberry/RP2040/pico-sdk/lib/tinyusb/src/class/cdc/cdc_device.c.obj
                0x100066a8                tud_cdc_n_read
 .text.tud_cdc_n_write_flush
                0x100066d0       0xcc CMakeFiles/blink.dir/D_/Raspberry/RP2040/pico-sdk/lib/tinyusb/src/class/cdc/cdc_device.c.obj
                0x100066d0                tud_cdc_n_write_flush
 .text.tud_cdc_n_write
                0x1000679c       0x38 CMakeFiles/blink.dir/D_/Raspberry/RP2040/pico-sdk/lib/tinyusb/src/class/cdc/cdc_device.c.obj
                0x1000679c                tud_cdc_n_write
 .text.tud_cdc_n_write_available
                0x100067d4       0x1c CMakeFiles/blink.dir/D_/Raspberry/RP2040/pico-sdk/lib/tinyusb/src/class/cdc/cdc_device.c.obj
                0x100067d4                tud_cdc_n_write_available
 .text.cdcd_init
                0x100067f0       0xbc CMakeFiles/blink.dir/D_/Raspberry/RP2040/pico-sdk/lib/tinyusb/src/class/cdc/cdc_device.c.obj
                0x100067f0                cdcd_init
 .text.cdcd_reset
                0x100068ac       0x44 CMakeFiles/blink.dir/D_/Raspberry/RP2040/pico-sdk/lib/tinyusb/src/class/cdc/cdc_device.c.obj
                0x100068ac                cdcd_reset
 .text.cdcd_open
                0x100068f0       0xf8 CMakeFiles/blink.dir/D_/Raspberry/RP2040/pico-sdk/lib/tinyusb/src/class/cdc/cdc_device.c.obj
                0x100068f0                cdcd_open
 .text.cdcd_control_xfer_cb
                0x100069e8      0x134 CMakeFiles/blink.dir/D_/Raspberry/RP2040/pico-sdk/lib/tinyusb/src/class/cdc/cdc_device.c.obj
                0x100069e8                cdcd_control_xfer_cb
 .text.cdcd_xfer_cb
                0x10006b1c      0x144 CMakeFiles/blink.dir/D_/Raspberry/RP2040/pico-sdk/lib/tinyusb/src/class/cdc/cdc_device.c.obj
                0x10006b1c                cdcd_xfer_cb
 .text.tusb_init
                0x10006c60       0x24 CMakeFiles/blink.dir/D_/Raspberry/RP2040/pico-sdk/lib/tinyusb/src/tusb.c.obj
                0x10006c60                tusb_init
 .text.tusb_inited
                0x10006c84        0xe CMakeFiles/blink.dir/D_/Raspberry/RP2040/pico-sdk/lib/tinyusb/src/tusb.c.obj
                0x10006c84                tusb_inited
 *fill*         0x10006c92        0x2 
 .text.tu_edpt_validate
                0x10006c94       0xa8 CMakeFiles/blink.dir/D_/Raspberry/RP2040/pico-sdk/lib/tinyusb/src/tusb.c.obj
                0x10006c94                tu_edpt_validate
 .text.tu_edpt_bind_driver
                0x10006d3c       0x2a CMakeFiles/blink.dir/D_/Raspberry/RP2040/pico-sdk/lib/tinyusb/src/tusb.c.obj
                0x10006d3c                tu_edpt_bind_driver
 .text.advance_pointer
                0x10006d66       0x18 CMakeFiles/blink.dir/D_/Raspberry/RP2040/pico-sdk/lib/tinyusb/src/common/tusb_fifo.c.obj
 .text.backward_pointer
                0x10006d7e       0x1e CMakeFiles/blink.dir/D_/Raspberry/RP2040/pico-sdk/lib/tinyusb/src/common/tusb_fifo.c.obj
 .text.get_relative_pointer
                0x10006d9c       0x10 CMakeFiles/blink.dir/D_/Raspberry/RP2040/pico-sdk/lib/tinyusb/src/common/tusb_fifo.c.obj
 .text._tu_fifo_peek
                0x10006dac       0x50 CMakeFiles/blink.dir/D_/Raspberry/RP2040/pico-sdk/lib/tinyusb/src/common/tusb_fifo.c.obj
 .text._ff_pull_const_addr
                0x10006dfc       0x4c CMakeFiles/blink.dir/D_/Raspberry/RP2040/pico-sdk/lib/tinyusb/src/common/tusb_fifo.c.obj
 .text._ff_pull_n
                0x10006e48      0x10c CMakeFiles/blink.dir/D_/Raspberry/RP2040/pico-sdk/lib/tinyusb/src/common/tusb_fifo.c.obj
 .text._tu_fifo_peek_n
                0x10006f54       0x5e CMakeFiles/blink.dir/D_/Raspberry/RP2040/pico-sdk/lib/tinyusb/src/common/tusb_fifo.c.obj
 .text._tu_fifo_read_n
                0x10006fb2       0x4e CMakeFiles/blink.dir/D_/Raspberry/RP2040/pico-sdk/lib/tinyusb/src/common/tusb_fifo.c.obj
 .text._ff_push_const_addr
                0x10007000       0x40 CMakeFiles/blink.dir/D_/Raspberry/RP2040/pico-sdk/lib/tinyusb/src/common/tusb_fifo.c.obj
 .text._ff_push_n
                0x10007040      0x108 CMakeFiles/blink.dir/D_/Raspberry/RP2040/pico-sdk/lib/tinyusb/src/common/tusb_fifo.c.obj
 .text._tu_fifo_write_n
                0x10007148       0x9e CMakeFiles/blink.dir/D_/Raspberry/RP2040/pico-sdk/lib/tinyusb/src/common/tusb_fifo.c.obj
 .text.tu_fifo_config
                0x100071e6       0x72 CMakeFiles/blink.dir/D_/Raspberry/RP2040/pico-sdk/lib/tinyusb/src/common/tusb_fifo.c.obj
                0x100071e6                tu_fifo_config
 .text.tu_fifo_count
                0x10007258       0x26 CMakeFiles/blink.dir/D_/Raspberry/RP2040/pico-sdk/lib/tinyusb/src/common/tusb_fifo.c.obj
                0x10007258                tu_fifo_count
 .text.tu_fifo_empty
                0x1000727e        0xe CMakeFiles/blink.dir/D_/Raspberry/RP2040/pico-sdk/lib/tinyusb/src/common/tusb_fifo.c.obj
                0x1000727e                tu_fifo_empty
 .text.tu_fifo_remaining
                0x1000728c       0x20 CMakeFiles/blink.dir/D_/Raspberry/RP2040/pico-sdk/lib/tinyusb/src/common/tusb_fifo.c.obj
                0x1000728c                tu_fifo_remaining
 .text.tu_fifo_read
                0x100072ac       0x42 CMakeFiles/blink.dir/D_/Raspberry/RP2040/pico-sdk/lib/tinyusb/src/common/tusb_fifo.c.obj
                0x100072ac                tu_fifo_read
 .text.tu_fifo_read_n
                0x100072ee        0xa CMakeFiles/blink.dir/D_/Raspberry/RP2040/pico-sdk/lib/tinyusb/src/common/tusb_fifo.c.obj
                0x100072ee                tu_fifo_read_n
 .text.tu_fifo_write
                0x100072f8       0x6a CMakeFiles/blink.dir/D_/Raspberry/RP2040/pico-sdk/lib/tinyusb/src/common/tusb_fifo.c.obj
                0x100072f8                tu_fifo_write
 .text.tu_fifo_write_n
                0x10007362        0xa CMakeFiles/blink.dir/D_/Raspberry/RP2040/pico-sdk/lib/tinyusb/src/common/tusb_fifo.c.obj
                0x10007362                tu_fifo_write_n
 .text.tu_fifo_clear
                0x1000736c       0x4c CMakeFiles/blink.dir/D_/Raspberry/RP2040/pico-sdk/lib/tinyusb/src/common/tusb_fifo.c.obj
                0x1000736c                tu_fifo_clear
 .text.tu_fifo_set_overwritable
                0x100073b8       0x3c CMakeFiles/blink.dir/D_/Raspberry/RP2040/pico-sdk/lib/tinyusb/src/common/tusb_fifo.c.obj
                0x100073b8                tu_fifo_set_overwritable
 .text._retrieve_unique_id_on_boot
                0x100073f4       0x10 CMakeFiles/blink.dir/D_/Raspberry/RP2040/pico-sdk/src/rp2_common/pico_unique_id/unique_id.c.obj
 .text.pico_get_unique_board_id_string
                0x10007404       0x5c CMakeFiles/blink.dir/D_/Raspberry/RP2040/pico-sdk/src/rp2_common/pico_unique_id/unique_id.c.obj
                0x10007404                pico_get_unique_board_id_string
 .text.flash_get_unique_id
                0x10007460       0x46 CMakeFiles/blink.dir/D_/Raspberry/RP2040/pico-sdk/src/rp2_common/hardware_flash/flash.c.obj
                0x10007460                flash_get_unique_id
 .text.spi_set_baudrate
                0x100074a6       0x92 CMakeFiles/blink.dir/D_/Raspberry/RP2040/pico-sdk/src/rp2_common/hardware_spi/spi.c.obj
                0x100074a6                spi_set_baudrate
 .text.spi_init
                0x10007538       0x68 CMakeFiles/blink.dir/D_/Raspberry/RP2040/pico-sdk/src/rp2_common/hardware_spi/spi.c.obj
                0x10007538                spi_init
 .text.strtok   0x100075a0       0x14 d:/arm toolchain/11.3 rel1/bin/../lib/gcc/arm-none-eabi/11.3.1/thumb/v6-m/nofp\libg.a(libc_a-strtok.o)
                0x100075a0                strtok
 .text.__strtok_r
                0x100075b4       0x6c d:/arm toolchain/11.3 rel1/bin/../lib/gcc/arm-none-eabi/11.3.1/thumb/v6-m/nofp\libg.a(libc_a-strtok_r.o)
                0x100075b4                __strtok_r
 .text.strlen   0x10007620       0x5c d:/arm toolchain/11.3 rel1/bin/../lib/gcc/arm-none-eabi/11.3.1/thumb/v6-m/nofp\libg.a(libc_a-strlen-stub.o)
                0x10007620                strlen
 *(.fini)
 .fini          0x1000767c        0x4 d:/arm toolchain/11.3 rel1/bin/../lib/gcc/arm-none-eabi/11.3.1/thumb/v6-m/nofp/crti.o
                0x1000767c                _fini
 .fini.__stub   0x10007680       0x90 linker stubs
 *crtbegin.o(.ctors)
 *crtbegin?.o(.ctors)
 *(EXCLUDE_FILE(*crtend.o *crtend?.o) .ctors)
 *(SORT_BY_NAME(.ctors.*))
 *(.ctors)
 *crtbegin.o(.dtors)
 *crtbegin?.o(.dtors)
 *(EXCLUDE_FILE(*crtend.o *crtend?.o) .dtors)
 *(SORT_BY_NAME(.dtors.*))
 *(.dtors)
 *(.eh_frame*)
 .eh_frame      0x10007710        0x0 d:/arm toolchain/11.3 rel1/bin/../lib/gcc/arm-none-eabi/11.3.1/thumb/v6-m/nofp/crtbegin.o
                0x10007710                . = ALIGN (0x4)

.glue_7         0x10007710        0x0
 .glue_7        0x10007710        0x0 linker stubs

.glue_7t        0x10007710        0x0
 .glue_7t       0x10007710        0x0 linker stubs

.vfp11_veneer   0x10007710        0x0
 .vfp11_veneer  0x10007710        0x0 linker stubs

.v4_bx          0x10007710        0x0
 .v4_bx         0x10007710        0x0 linker stubs

.iplt           0x10007710        0x0
 .iplt          0x10007710        0x0 d:/arm toolchain/11.3 rel1/bin/../lib/gcc/arm-none-eabi/11.3.1/thumb/v6-m/nofp/crtbegin.o

.rodata         0x10007710     0x16d0
 *(EXCLUDE_FILE(*libm.a: *libc.a:*lib_a-mem*.o *libgcc.a:) .rodata*)
 .rodata.config.str1.4
                0x10007710        0x6 CMakeFiles/blink.dir/main.c.obj
 *fill*         0x10007716        0x2 
 .rodata.main.str1.4
                0x10007718       0x19 CMakeFiles/blink.dir/main.c.obj
 *fill*         0x10007731        0x3 
 .rodata.spin_lock_claim_unused.str1.4
                0x10007734       0x1b CMakeFiles/blink.dir/D_/Raspberry/RP2040/pico-sdk/src/rp2_common/hardware_sync/sync.c.obj
 *fill*         0x1000774f        0x1 
 .rodata.make_branch.str1.4
                0x10007750       0x6f CMakeFiles/blink.dir/D_/Raspberry/RP2040/pico-sdk/src/rp2_common/hardware_irq/irq.c.obj
 *fill*         0x100077bf        0x1 
 .rodata.insert_branch_and_link.str1.4
                0x100077c0       0x10 CMakeFiles/blink.dir/D_/Raspberry/RP2040/pico-sdk/src/rp2_common/hardware_irq/irq.c.obj
 .rodata.irq_set_exclusive_handler.str1.4
                0x100077d0       0x36 CMakeFiles/blink.dir/D_/Raspberry/RP2040/pico-sdk/src/rp2_common/hardware_irq/irq.c.obj
 *fill*         0x10007806        0x2 
 .rodata.irq_add_shared_handler.str1.4
                0x10007808       0xd9 CMakeFiles/blink.dir/D_/Raspberry/RP2040/pico-sdk/src/rp2_common/hardware_irq/irq.c.obj
 *fill*         0x100078e1        0x3 
 .rodata.irq_remove_handler.str1.4
                0x100078e4       0x2a CMakeFiles/blink.dir/D_/Raspberry/RP2040/pico-sdk/src/rp2_common/hardware_irq/irq.c.obj
 *fill*         0x1000790e        0x2 
 .rodata.irq_add_tail_to_free_list.str1.4
                0x10007910       0x3a CMakeFiles/blink.dir/D_/Raspberry/RP2040/pico-sdk/src/rp2_common/hardware_irq/irq.c.obj
 *fill*         0x1000794a        0x2 
 .rodata.user_irq_claim_unused.str1.4
                0x1000794c       0x1b CMakeFiles/blink.dir/D_/Raspberry/RP2040/pico-sdk/src/rp2_common/hardware_irq/irq.c.obj
 *fill*         0x10007967        0x1 
 .rodata.__func__.0
                0x10007968       0x1a CMakeFiles/blink.dir/D_/Raspberry/RP2040/pico-sdk/src/rp2_common/hardware_irq/irq.c.obj
 *fill*         0x10007982        0x2 
 .rodata.__func__.1
                0x10007984       0x17 CMakeFiles/blink.dir/D_/Raspberry/RP2040/pico-sdk/src/rp2_common/hardware_irq/irq.c.obj
 *fill*         0x1000799b        0x1 
 .rodata.__func__.2
                0x1000799c       0x13 CMakeFiles/blink.dir/D_/Raspberry/RP2040/pico-sdk/src/rp2_common/hardware_irq/irq.c.obj
 *fill*         0x100079af        0x1 
 .rodata.__func__.3
                0x100079b0        0xc CMakeFiles/blink.dir/D_/Raspberry/RP2040/pico-sdk/src/rp2_common/hardware_irq/irq.c.obj
 .rodata.__func__.4
                0x100079bc        0xf CMakeFiles/blink.dir/D_/Raspberry/RP2040/pico-sdk/src/rp2_common/hardware_irq/irq.c.obj
 *fill*         0x100079cb        0x1 
 .rodata.__func__.5
                0x100079cc       0x17 CMakeFiles/blink.dir/D_/Raspberry/RP2040/pico-sdk/src/rp2_common/hardware_irq/irq.c.obj
 *fill*         0x100079e3        0x1 
 .rodata.__func__.6
                0x100079e4       0x1a CMakeFiles/blink.dir/D_/Raspberry/RP2040/pico-sdk/src/rp2_common/hardware_irq/irq.c.obj
 *fill*         0x100079fe        0x2 
 .rodata.repeating_timer_callback.str1.4
                0x10007a00       0x4d CMakeFiles/blink.dir/D_/Raspberry/RP2040/pico-sdk/src/common/pico_time/time.c.obj
 *fill*         0x10007a4d        0x3 
 .rodata.alarm_pool_dump_key.str1.4
                0x10007a50       0x33 CMakeFiles/blink.dir/D_/Raspberry/RP2040/pico-sdk/src/common/pico_time/time.c.obj
 *fill*         0x10007a83        0x1 
 .rodata.ph_add_child_node.str1.4
                0x10007a84       0x96 CMakeFiles/blink.dir/D_/Raspberry/RP2040/pico-sdk/src/common/pico_time/time.c.obj
 *fill*         0x10007b1a        0x2 
 .rodata.add_alarm_under_lock.str1.4
                0x10007b1c       0x28 CMakeFiles/blink.dir/D_/Raspberry/RP2040/pico-sdk/src/common/pico_time/time.c.obj
                                 0x2b (size before relaxing)
 .rodata.alarm_pool_alarm_callback.str1.4
                0x10007b44       0xe6 CMakeFiles/blink.dir/D_/Raspberry/RP2040/pico-sdk/src/common/pico_time/time.c.obj
 *fill*         0x10007c2a        0x2 
 .rodata.alarm_pool_get_default.str1.4
                0x10007c2c       0x21 CMakeFiles/blink.dir/D_/Raspberry/RP2040/pico-sdk/src/common/pico_time/time.c.obj
 *fill*         0x10007c4d        0x3 
 .rodata.alarm_pool_cancel_alarm.str1.4
                0x10007c50       0x27 CMakeFiles/blink.dir/D_/Raspberry/RP2040/pico-sdk/src/common/pico_time/time.c.obj
 *fill*         0x10007c77        0x1 
 .rodata.sleep_until.str1.4
                0x10007c78       0x4d CMakeFiles/blink.dir/D_/Raspberry/RP2040/pico-sdk/src/common/pico_time/time.c.obj
 *fill*         0x10007cc5        0x3 
 .rodata.__func__.1
                0x10007cc8       0x18 CMakeFiles/blink.dir/D_/Raspberry/RP2040/pico-sdk/src/common/pico_time/time.c.obj
 .rodata.__func__.10
                0x10007ce0       0x15 CMakeFiles/blink.dir/D_/Raspberry/RP2040/pico-sdk/src/common/pico_time/time.c.obj
 *fill*         0x10007cf5        0x3 
 .rodata.__func__.11
                0x10007cf8       0x1a CMakeFiles/blink.dir/D_/Raspberry/RP2040/pico-sdk/src/common/pico_time/time.c.obj
 *fill*         0x10007d12        0x2 
 .rodata.__func__.12
                0x10007d14        0xa CMakeFiles/blink.dir/D_/Raspberry/RP2040/pico-sdk/src/common/pico_time/time.c.obj
 *fill*         0x10007d1e        0x2 
 .rodata.__func__.3
                0x10007d20       0x17 CMakeFiles/blink.dir/D_/Raspberry/RP2040/pico-sdk/src/common/pico_time/time.c.obj
 *fill*         0x10007d37        0x1 
 .rodata.__func__.4
                0x10007d38       0x12 CMakeFiles/blink.dir/D_/Raspberry/RP2040/pico-sdk/src/common/pico_time/time.c.obj
 *fill*         0x10007d4a        0x2 
 .rodata.__func__.5
                0x10007d4c        0xd CMakeFiles/blink.dir/D_/Raspberry/RP2040/pico-sdk/src/common/pico_time/time.c.obj
 *fill*         0x10007d59        0x3 
 .rodata.__func__.6
                0x10007d5c       0x12 CMakeFiles/blink.dir/D_/Raspberry/RP2040/pico-sdk/src/common/pico_time/time.c.obj
 *fill*         0x10007d6e        0x2 
 .rodata.__func__.7
                0x10007d70        0xf CMakeFiles/blink.dir/D_/Raspberry/RP2040/pico-sdk/src/common/pico_time/time.c.obj
 *fill*         0x10007d7f        0x1 
 .rodata.__func__.8
                0x10007d80        0xc CMakeFiles/blink.dir/D_/Raspberry/RP2040/pico-sdk/src/common/pico_time/time.c.obj
 .rodata.__func__.9
                0x10007d8c       0x15 CMakeFiles/blink.dir/D_/Raspberry/RP2040/pico-sdk/src/common/pico_time/time.c.obj
 *fill*         0x10007da1        0x3 
 .rodata.hardware_alarm_claim.str1.4
                0x10007da4       0x22 CMakeFiles/blink.dir/D_/Raspberry/RP2040/pico-sdk/src/rp2_common/hardware_timer/timer.c.obj
 *fill*         0x10007dc6        0x2 
 .rodata.hardware_alarm_set_target.str1.4
                0x10007dc8       0x67 CMakeFiles/blink.dir/D_/Raspberry/RP2040/pico-sdk/src/rp2_common/hardware_timer/timer.c.obj
 *fill*         0x10007e2f        0x1 
 .rodata.__func__.0
                0x10007e30       0x1a CMakeFiles/blink.dir/D_/Raspberry/RP2040/pico-sdk/src/rp2_common/hardware_timer/timer.c.obj
 .rodata.ph_add_child_node.str1.4
                0x10007e4a       0x96 CMakeFiles/blink.dir/D_/Raspberry/RP2040/pico-sdk/src/common/pico_util/pheap.c.obj
 *fill*         0x10007e4a        0x2 
 .rodata.ph_remove_any_head.str1.4
                0x10007e4c       0x90 CMakeFiles/blink.dir/D_/Raspberry/RP2040/pico-sdk/src/common/pico_util/pheap.c.obj
 .rodata.ph_remove_and_free_node.str1.4
                0x10007edc       0x1e CMakeFiles/blink.dir/D_/Raspberry/RP2040/pico-sdk/src/common/pico_util/pheap.c.obj
                                 0x26 (size before relaxing)
 *fill*         0x10007efa        0x2 
 .rodata.__func__.0
                0x10007efc       0x18 CMakeFiles/blink.dir/D_/Raspberry/RP2040/pico-sdk/src/common/pico_util/pheap.c.obj
 .rodata.__func__.1
                0x10007f14       0x13 CMakeFiles/blink.dir/D_/Raspberry/RP2040/pico-sdk/src/common/pico_util/pheap.c.obj
 *fill*         0x10007f27        0x1 
 .rodata.__func__.2
                0x10007f28       0x12 CMakeFiles/blink.dir/D_/Raspberry/RP2040/pico-sdk/src/common/pico_util/pheap.c.obj
 *fill*         0x10007f3a        0x2 
 .rodata.__func__.3
                0x10007f3c        0xc CMakeFiles/blink.dir/D_/Raspberry/RP2040/pico-sdk/src/common/pico_util/pheap.c.obj
 .rodata.str1.4
                0x10007f48       0x8d CMakeFiles/blink.dir/D_/Raspberry/RP2040/pico-sdk/src/common/pico_sync/mutex.c.obj
                                 0xf1 (size before relaxing)
 *fill*         0x10007fd5        0x3 
 .rodata.__func__.1
                0x10007fd8        0xb CMakeFiles/blink.dir/D_/Raspberry/RP2040/pico-sdk/src/common/pico_sync/mutex.c.obj
 *fill*         0x10007fe3        0x1 
 .rodata.__func__.3
                0x10007fe4       0x18 CMakeFiles/blink.dir/D_/Raspberry/RP2040/pico-sdk/src/common/pico_sync/mutex.c.obj
 .rodata.__func__.4
                0x10007ffc       0x15 CMakeFiles/blink.dir/D_/Raspberry/RP2040/pico-sdk/src/common/pico_sync/mutex.c.obj
 *fill*         0x10008011        0x3 
 .rodata.__assert_func.str1.4
                0x10008014       0x3f CMakeFiles/blink.dir/D_/Raspberry/RP2040/pico-sdk/src/rp2_common/pico_runtime/runtime.c.obj
                                 0x43 (size before relaxing)
 *fill*         0x10008053        0x1 
 .rodata.runtime_init.str1.4
                0x10008054       0x63 CMakeFiles/blink.dir/D_/Raspberry/RP2040/pico-sdk/src/rp2_common/pico_runtime/runtime.c.obj
 *fill*         0x100080b7        0x1 
 .rodata.panic.str1.4
                0x100080b8       0x12 CMakeFiles/blink.dir/D_/Raspberry/RP2040/pico-sdk/src/rp2_common/pico_runtime/runtime.c.obj
 *fill*         0x100080ca        0x2 
 .rodata.__func__.1
                0x100080cc        0xd CMakeFiles/blink.dir/D_/Raspberry/RP2040/pico-sdk/src/rp2_common/pico_runtime/runtime.c.obj
 *fill*         0x100080d9        0x3 
 .rodata.clock_configure.str1.4
                0x100080dc       0x59 CMakeFiles/blink.dir/D_/Raspberry/RP2040/pico-sdk/src/rp2_common/hardware_clocks/clocks.c.obj
 *fill*         0x10008135        0x3 
 .rodata.__func__.1
                0x10008138       0x10 CMakeFiles/blink.dir/D_/Raspberry/RP2040/pico-sdk/src/rp2_common/hardware_clocks/clocks.c.obj
 .rodata.pll_init.str1.4
                0x10008148      0x13b CMakeFiles/blink.dir/D_/Raspberry/RP2040/pico-sdk/src/rp2_common/hardware_pll/pll.c.obj
 *fill*         0x10008283        0x1 
 .rodata.__func__.0
                0x10008284        0x9 CMakeFiles/blink.dir/D_/Raspberry/RP2040/pico-sdk/src/rp2_common/hardware_pll/pll.c.obj
 *fill*         0x1000828d        0x3 
 .rodata._ftoa.str1.4
                0x10008290       0x15 CMakeFiles/blink.dir/D_/Raspberry/RP2040/pico-sdk/src/rp2_common/pico_printf/printf.c.obj
 *fill*         0x100082a5        0x3 
 .rodata._vsnprintf
                0x100082a8      0x19c CMakeFiles/blink.dir/D_/Raspberry/RP2040/pico-sdk/src/rp2_common/pico_printf/printf.c.obj
 *fill*         0x10008444        0x4 
 .rodata.pow10.0
                0x10008448       0x50 CMakeFiles/blink.dir/D_/Raspberry/RP2040/pico-sdk/src/rp2_common/pico_printf/printf.c.obj
 .rodata.__aeabi_double_init.str1.4
                0x10008498       0xaa CMakeFiles/blink.dir/D_/Raspberry/RP2040/pico-sdk/src/rp2_common/pico_double/double_init_rom.c.obj
 *fill*         0x10008542        0x2 
 .rodata.__func__.0
                0x10008544       0x14 CMakeFiles/blink.dir/D_/Raspberry/RP2040/pico-sdk/src/rp2_common/pico_double/double_init_rom.c.obj
 .rodata.__aeabi_float_init.str1.4
                0x10008558       0x7c CMakeFiles/blink.dir/D_/Raspberry/RP2040/pico-sdk/src/rp2_common/pico_float/float_init_rom.c.obj
                                 0x80 (size before relaxing)
 .rodata.__func__.0
                0x100085d4       0x13 CMakeFiles/blink.dir/D_/Raspberry/RP2040/pico-sdk/src/rp2_common/pico_float/float_init_rom.c.obj
 *fill*         0x100085e7        0x1 
 .rodata.str1.4
                0x100085e8       0x3c CMakeFiles/blink.dir/D_/Raspberry/RP2040/pico-sdk/src/rp2_common/pico_standard_link/binary_info.c.obj
 .rodata.__bi_44
                0x10008624        0xc CMakeFiles/blink.dir/D_/Raspberry/RP2040/pico-sdk/src/rp2_common/pico_standard_link/binary_info.c.obj
 .rodata.__bi_75
                0x10008630        0xc CMakeFiles/blink.dir/D_/Raspberry/RP2040/pico-sdk/src/rp2_common/pico_standard_link/binary_info.c.obj
 .rodata.__bi_81
                0x1000863c        0xc CMakeFiles/blink.dir/D_/Raspberry/RP2040/pico-sdk/src/rp2_common/pico_standard_link/binary_info.c.obj
 .rodata.crlf_str.3
                0x10008648        0x2 CMakeFiles/blink.dir/D_/Raspberry/RP2040/pico-sdk/src/rp2_common/pico_stdio/stdio.c.obj
 *fill*         0x1000864a        0x2 
 .rodata._resetd_driver
                0x1000864c       0x18 CMakeFiles/blink.dir/D_/Raspberry/RP2040/pico-sdk/src/rp2_common/pico_stdio_usb/reset_interface.c.obj
 .rodata.timer_task.str1.4
                0x10008664       0x6f CMakeFiles/blink.dir/D_/Raspberry/RP2040/pico-sdk/src/rp2_common/pico_stdio_usb/stdio_usb.c.obj
 .rodata.stdio_usb_init.str1.4
                0x100086d3       0x63 CMakeFiles/blink.dir/D_/Raspberry/RP2040/pico-sdk/src/rp2_common/pico_stdio_usb/stdio_usb.c.obj
 *fill*         0x100086d3        0x1 
 .rodata.str1.4
                0x100086d4       0x13 CMakeFiles/blink.dir/D_/Raspberry/RP2040/pico-sdk/src/rp2_common/pico_stdio_usb/stdio_usb.c.obj
 *fill*         0x100086e7        0x1 
 .rodata.__bi_118.2
                0x100086e8        0xc CMakeFiles/blink.dir/D_/Raspberry/RP2040/pico-sdk/src/rp2_common/pico_stdio_usb/stdio_usb.c.obj
 .rodata.__func__.0
                0x100086f4       0x15 CMakeFiles/blink.dir/D_/Raspberry/RP2040/pico-sdk/src/rp2_common/pico_stdio_usb/stdio_usb.c.obj
 *fill*         0x10008709        0x3 
 .rodata.__func__.1
                0x1000870c        0xb CMakeFiles/blink.dir/D_/Raspberry/RP2040/pico-sdk/src/rp2_common/pico_stdio_usb/stdio_usb.c.obj
 *fill*         0x10008717        0x1 
 .rodata.str1.4
                0x10008718       0x2a CMakeFiles/blink.dir/D_/Raspberry/RP2040/pico-sdk/src/rp2_common/pico_stdio_usb/stdio_usb_descriptors.c.obj
 *fill*         0x10008742        0x2 
 .rodata.usbd_desc_cfg
                0x10008744       0x54 CMakeFiles/blink.dir/D_/Raspberry/RP2040/pico-sdk/src/rp2_common/pico_stdio_usb/stdio_usb_descriptors.c.obj
 .rodata.usbd_desc_device
                0x10008798       0x12 CMakeFiles/blink.dir/D_/Raspberry/RP2040/pico-sdk/src/rp2_common/pico_stdio_usb/stdio_usb_descriptors.c.obj
 *fill*         0x100087aa        0x2 
 .rodata.usbd_desc_str
                0x100087ac       0x18 CMakeFiles/blink.dir/D_/Raspberry/RP2040/pico-sdk/src/rp2_common/pico_stdio_usb/stdio_usb_descriptors.c.obj
 .rodata._hw_endpoint_alloc.str1.4
                0x100087c4       0xb9 CMakeFiles/blink.dir/D_/Raspberry/RP2040/pico-sdk/lib/tinyusb/src/portable/raspberrypi/rp2040/dcd_rp2040.c.obj
 *fill*         0x1000887d        0x3 
 .rodata.dcd_rp2040_irq.str1.4
                0x10008880       0x14 CMakeFiles/blink.dir/D_/Raspberry/RP2040/pico-sdk/lib/tinyusb/src/portable/raspberrypi/rp2040/dcd_rp2040.c.obj
 .rodata.dcd_int_enable.str1.4
                0x10008894        0xc CMakeFiles/blink.dir/D_/Raspberry/RP2040/pico-sdk/lib/tinyusb/src/portable/raspberrypi/rp2040/dcd_rp2040.c.obj
 .rodata.__func__.0
                0x100088a0        0xe CMakeFiles/blink.dir/D_/Raspberry/RP2040/pico-sdk/lib/tinyusb/src/portable/raspberrypi/rp2040/dcd_rp2040.c.obj
 *fill*         0x100088ae        0x2 
 .rodata.__func__.1
                0x100088b0        0xe CMakeFiles/blink.dir/D_/Raspberry/RP2040/pico-sdk/lib/tinyusb/src/portable/raspberrypi/rp2040/dcd_rp2040.c.obj
 *fill*         0x100088be        0x2 
 .rodata.__func__.3
                0x100088c0       0x10 CMakeFiles/blink.dir/D_/Raspberry/RP2040/pico-sdk/lib/tinyusb/src/portable/raspberrypi/rp2040/dcd_rp2040.c.obj
 .rodata.__func__.5
                0x100088d0        0xf CMakeFiles/blink.dir/D_/Raspberry/RP2040/pico-sdk/lib/tinyusb/src/portable/raspberrypi/rp2040/dcd_rp2040.c.obj
 *fill*         0x100088df        0x1 
 .rodata.__func__.6
                0x100088e0       0x13 CMakeFiles/blink.dir/D_/Raspberry/RP2040/pico-sdk/lib/tinyusb/src/portable/raspberrypi/rp2040/dcd_rp2040.c.obj
 *fill*         0x100088f3        0x1 
 .rodata.__func__.7
                0x100088f4        0x9 CMakeFiles/blink.dir/D_/Raspberry/RP2040/pico-sdk/lib/tinyusb/src/portable/raspberrypi/rp2040/dcd_rp2040.c.obj
 *fill*         0x100088fd        0x3 
 .rodata.sync_ep_buffer.str1.4
                0x10008900       0x95 CMakeFiles/blink.dir/D_/Raspberry/RP2040/pico-sdk/lib/tinyusb/src/portable/raspberrypi/rp2040/rp2040_usb.c.obj
 *fill*         0x10008995        0x3 
 .rodata._hw_endpoint_buffer_control_update32.str1.4
                0x10008998       0x1f CMakeFiles/blink.dir/D_/Raspberry/RP2040/pico-sdk/lib/tinyusb/src/portable/raspberrypi/rp2040/rp2040_usb.c.obj
 *fill*         0x100089b7        0x1 
 .rodata.hw_endpoint_xfer_start.str1.4
                0x100089b8       0x38 CMakeFiles/blink.dir/D_/Raspberry/RP2040/pico-sdk/lib/tinyusb/src/portable/raspberrypi/rp2040/rp2040_usb.c.obj
 .rodata.hw_endpoint_xfer_continue.str1.4
                0x100089f0       0x29 CMakeFiles/blink.dir/D_/Raspberry/RP2040/pico-sdk/lib/tinyusb/src/portable/raspberrypi/rp2040/rp2040_usb.c.obj
 *fill*         0x10008a19        0x3 
 .rodata.str1.4
                0x10008a1c        0x7 CMakeFiles/blink.dir/D_/Raspberry/RP2040/pico-sdk/lib/tinyusb/src/portable/raspberrypi/rp2040/rp2040_usb.c.obj
 *fill*         0x10008a23        0x1 
 .rodata.__func__.0
                0x10008a24        0xf CMakeFiles/blink.dir/D_/Raspberry/RP2040/pico-sdk/lib/tinyusb/src/portable/raspberrypi/rp2040/rp2040_usb.c.obj
 *fill*         0x10008a33        0x1 
 .rodata.process_set_config.str1.4
                0x10008a34       0x17 CMakeFiles/blink.dir/D_/Raspberry/RP2040/pico-sdk/lib/tinyusb/src/device/usbd.c.obj
 *fill*         0x10008a4b        0x1 
 .rodata.process_get_descriptor
                0x10008a4c       0x40 CMakeFiles/blink.dir/D_/Raspberry/RP2040/pico-sdk/lib/tinyusb/src/device/usbd.c.obj
 .rodata.process_control_request
                0x10008a8c       0x28 CMakeFiles/blink.dir/D_/Raspberry/RP2040/pico-sdk/lib/tinyusb/src/device/usbd.c.obj
 .rodata.tud_task
                0x10008ab4       0x24 CMakeFiles/blink.dir/D_/Raspberry/RP2040/pico-sdk/lib/tinyusb/src/device/usbd.c.obj
 .rodata.__func__.2
                0x10008ad8        0xf CMakeFiles/blink.dir/D_/Raspberry/RP2040/pico-sdk/lib/tinyusb/src/device/usbd.c.obj
 *fill*         0x10008ae7        0x1 
 .rodata.__func__.3
                0x10008ae8        0xf CMakeFiles/blink.dir/D_/Raspberry/RP2040/pico-sdk/lib/tinyusb/src/device/usbd.c.obj
 *fill*         0x10008af7        0x1 
 .rodata.__func__.4
                0x10008af8       0x14 CMakeFiles/blink.dir/D_/Raspberry/RP2040/pico-sdk/lib/tinyusb/src/device/usbd.c.obj
 .rodata.__func__.5
                0x10008b0c       0x10 CMakeFiles/blink.dir/D_/Raspberry/RP2040/pico-sdk/lib/tinyusb/src/device/usbd.c.obj
 .rodata.__func__.6
                0x10008b1c       0x17 CMakeFiles/blink.dir/D_/Raspberry/RP2040/pico-sdk/lib/tinyusb/src/device/usbd.c.obj
 *fill*         0x10008b33        0x1 
 .rodata.__func__.7
                0x10008b34       0x13 CMakeFiles/blink.dir/D_/Raspberry/RP2040/pico-sdk/lib/tinyusb/src/device/usbd.c.obj
 *fill*         0x10008b47        0x1 
 .rodata.__func__.8
                0x10008b48       0x18 CMakeFiles/blink.dir/D_/Raspberry/RP2040/pico-sdk/lib/tinyusb/src/device/usbd.c.obj
 .rodata.__func__.9
                0x10008b60        0x9 CMakeFiles/blink.dir/D_/Raspberry/RP2040/pico-sdk/lib/tinyusb/src/device/usbd.c.obj
 *fill*         0x10008b69        0x3 
 .rodata._usbd_driver
                0x10008b6c       0x18 CMakeFiles/blink.dir/D_/Raspberry/RP2040/pico-sdk/lib/tinyusb/src/device/usbd.c.obj
 .rodata.tud_control_xfer.str1.4
                0x10008b84       0x17 CMakeFiles/blink.dir/D_/Raspberry/RP2040/pico-sdk/lib/tinyusb/src/device/usbd_control.c.obj
 .rodata.__func__.0
                0x10008b84       0x15 CMakeFiles/blink.dir/D_/Raspberry/RP2040/pico-sdk/lib/tinyusb/src/device/usbd_control.c.obj
 *fill*         0x10008b99        0x3 
 .rodata.__func__.1
                0x10008b9c       0x11 CMakeFiles/blink.dir/D_/Raspberry/RP2040/pico-sdk/lib/tinyusb/src/device/usbd_control.c.obj
 .rodata.tud_cdc_n_write_flush.str1.4
                0x10008bad       0x17 CMakeFiles/blink.dir/D_/Raspberry/RP2040/pico-sdk/lib/tinyusb/src/class/cdc/cdc_device.c.obj
 *fill*         0x10008bad        0x3 
 .rodata.__func__.0
                0x10008bb0        0xd CMakeFiles/blink.dir/D_/Raspberry/RP2040/pico-sdk/lib/tinyusb/src/class/cdc/cdc_device.c.obj
 *fill*         0x10008bbd        0x3 
 .rodata.__func__.1
                0x10008bc0        0xa CMakeFiles/blink.dir/D_/Raspberry/RP2040/pico-sdk/lib/tinyusb/src/class/cdc/cdc_device.c.obj
 *fill*         0x10008bca        0x2 
 .rodata.__func__.2
                0x10008bcc       0x16 CMakeFiles/blink.dir/D_/Raspberry/RP2040/pico-sdk/lib/tinyusb/src/class/cdc/cdc_device.c.obj
 .rodata.tusb_init.str1.4
                0x10008be2       0x17 CMakeFiles/blink.dir/D_/Raspberry/RP2040/pico-sdk/lib/tinyusb/src/tusb.c.obj
 *fill*         0x10008be2        0x2 
 .rodata.__func__.0
                0x10008be4       0x11 CMakeFiles/blink.dir/D_/Raspberry/RP2040/pico-sdk/lib/tinyusb/src/tusb.c.obj
 *fill*         0x10008bf5        0x3 
 .rodata.__func__.1
                0x10008bf8        0xa CMakeFiles/blink.dir/D_/Raspberry/RP2040/pico-sdk/lib/tinyusb/src/tusb.c.obj
 *fill*         0x10008c02        0x2 
 .rodata.pico_get_unique_board_id_string.str1.4
                0x10008c04       0x4f CMakeFiles/blink.dir/D_/Raspberry/RP2040/pico-sdk/src/rp2_common/pico_unique_id/unique_id.c.obj
 *fill*         0x10008c53        0x1 
 .rodata.__func__.0
                0x10008c54       0x20 CMakeFiles/blink.dir/D_/Raspberry/RP2040/pico-sdk/src/rp2_common/pico_unique_id/unique_id.c.obj
 .rodata.str1.4
                0x10008c74      0x15a CMakeFiles/blink.dir/D_/Raspberry/RP2040/pico-sdk/src/rp2_common/hardware_flash/flash.c.obj
 *fill*         0x10008dce        0x2 
 .rodata.__func__.0
                0x10008dd0        0xd CMakeFiles/blink.dir/D_/Raspberry/RP2040/pico-sdk/src/rp2_common/hardware_flash/flash.c.obj
                0x10008de0                . = ALIGN (0x4)
 *fill*         0x10008ddd        0x3 
 *(SORT_BY_ALIGNMENT(SORT_BY_NAME(.flashdata*)))
                0x10008de0                . = ALIGN (0x4)

.rel.dyn        0x10008de0        0x0
 .rel.iplt      0x10008de0        0x0 d:/arm toolchain/11.3 rel1/bin/../lib/gcc/arm-none-eabi/11.3.1/thumb/v6-m/nofp/crtbegin.o

.ARM.extab
 *(.ARM.extab* .gnu.linkonce.armextab.*)
                0x10008de0                __exidx_start = .

.ARM.exidx
 *(.ARM.exidx* .gnu.linkonce.armexidx.*)
                0x10008de0                __exidx_end = .
                0x10008de0                . = ALIGN (0x4)
                0x10008de0                __binary_info_start = .

.binary_info    0x10008de0       0x20
 *(.binary_info.keep.*)
 .binary_info.keep.__bi_ptr22
                0x10008de0        0x4 CMakeFiles/blink.dir/D_/Raspberry/RP2040/pico-sdk/src/rp2_common/pico_standard_link/binary_info.c.obj
 .binary_info.keep.__bi_ptr30
                0x10008de4        0x4 CMakeFiles/blink.dir/D_/Raspberry/RP2040/pico-sdk/src/rp2_common/pico_standard_link/binary_info.c.obj
 .binary_info.keep.__bi_ptr38
                0x10008de8        0x4 CMakeFiles/blink.dir/D_/Raspberry/RP2040/pico-sdk/src/rp2_common/pico_standard_link/binary_info.c.obj
 .binary_info.keep.__bi_ptr44
                0x10008dec        0x4 CMakeFiles/blink.dir/D_/Raspberry/RP2040/pico-sdk/src/rp2_common/pico_standard_link/binary_info.c.obj
 .binary_info.keep.__bi_ptr50
                0x10008df0        0x4 CMakeFiles/blink.dir/D_/Raspberry/RP2040/pico-sdk/src/rp2_common/pico_standard_link/binary_info.c.obj
 .binary_info.keep.__bi_ptr75
                0x10008df4        0x4 CMakeFiles/blink.dir/D_/Raspberry/RP2040/pico-sdk/src/rp2_common/pico_standard_link/binary_info.c.obj
 .binary_info.keep.__bi_ptr81
                0x10008df8        0x4 CMakeFiles/blink.dir/D_/Raspberry/RP2040/pico-sdk/src/rp2_common/pico_standard_link/binary_info.c.obj
 *(.binary_info.*)
 .binary_info.__bi_ptr118
                0x10008dfc        0x4 CMakeFiles/blink.dir/D_/Raspberry/RP2040/pico-sdk/src/rp2_common/pico_stdio_usb/stdio_usb.c.obj
                0x10008e00                __binary_info_end = .
                0x10008e00                . = ALIGN (0x4)
                0x10008e00                __etext = .

.ram_vector_table
                0x20000000       0xc0
 *(.ram_vector_table)
 .ram_vector_table
                0x20000000       0xc0 CMakeFiles/blink.dir/D_/Raspberry/RP2040/pico-sdk/src/rp2_common/pico_runtime/runtime.c.obj
                0x20000000                ram_vector_table

.data           0x200000c0      0x5f4 load address 0x10008e00
                0x200000c0                __data_start__ = .
 *(vtable)
 *(.time_critical*)
 .time_critical.mutex_enter_blocking
                0x200000c0       0x48 CMakeFiles/blink.dir/D_/Raspberry/RP2040/pico-sdk/src/common/pico_sync/mutex.c.obj
                0x200000c0                mutex_enter_blocking
 .time_critical.mutex_try_enter
                0x20000108       0x46 CMakeFiles/blink.dir/D_/Raspberry/RP2040/pico-sdk/src/common/pico_sync/mutex.c.obj
                0x20000108                mutex_try_enter
 *fill*         0x2000014e        0x2 
 .time_critical.mutex_enter_block_until
                0x20000150       0x8c CMakeFiles/blink.dir/D_/Raspberry/RP2040/pico-sdk/src/common/pico_sync/mutex.c.obj
                0x20000150                mutex_enter_block_until
 .time_critical.mutex_enter_timeout_ms
                0x200001dc       0x74 CMakeFiles/blink.dir/D_/Raspberry/RP2040/pico-sdk/src/common/pico_sync/mutex.c.obj
                0x200001dc                mutex_enter_timeout_ms
 .time_critical.mutex_exit
                0x20000250       0x4c CMakeFiles/blink.dir/D_/Raspberry/RP2040/pico-sdk/src/common/pico_sync/mutex.c.obj
                0x20000250                mutex_exit
 .time_critical.flash_init_boot2_copyout
                0x2000029c       0x30 CMakeFiles/blink.dir/D_/Raspberry/RP2040/pico-sdk/src/rp2_common/hardware_flash/flash.c.obj
 .time_critical.flash_enable_xip_via_boot2
                0x200002cc       0x10 CMakeFiles/blink.dir/D_/Raspberry/RP2040/pico-sdk/src/rp2_common/hardware_flash/flash.c.obj
 .time_critical.flash_cs_force
                0x200002dc       0x28 CMakeFiles/blink.dir/D_/Raspberry/RP2040/pico-sdk/src/rp2_common/hardware_flash/flash.c.obj
 .time_critical.flash_do_cmd
                0x20000304       0xd8 CMakeFiles/blink.dir/D_/Raspberry/RP2040/pico-sdk/src/rp2_common/hardware_flash/flash.c.obj
                0x20000304                flash_do_cmd
 .time_critical.spi_write_blocking
                0x200003dc       0x3a CMakeFiles/blink.dir/D_/Raspberry/RP2040/pico-sdk/src/rp2_common/hardware_spi/spi.c.obj
                0x200003dc                spi_write_blocking
 .time_critical.spi_read_blocking
                0x20000416       0x3e CMakeFiles/blink.dir/D_/Raspberry/RP2040/pico-sdk/src/rp2_common/hardware_spi/spi.c.obj
                0x20000416                spi_read_blocking
 *(.text*)
 .text          0x20000454        0x4 d:/arm toolchain/11.3 rel1/bin/../lib/gcc/arm-none-eabi/11.3.1/thumb/v6-m/nofp\libgcc.a(_dvmd_tls.o)
                0x20000454                __aeabi_idiv0
                0x20000454                __aeabi_ldiv0
 .text.__stub   0x20000458       0x40 linker stubs
                0x20000498                . = ALIGN (0x4)
 *(.rodata*)
                0x20000498                . = ALIGN (0x4)
 *(.data*)
 .data.striped_spin_lock_num
                0x20000498        0x1 CMakeFiles/blink.dir/D_/Raspberry/RP2040/pico-sdk/src/rp2_common/hardware_sync/sync.c.obj
 *fill*         0x20000499        0x3 
 .data          0x2000049c       0x48 CMakeFiles/blink.dir/D_/Raspberry/RP2040/pico-sdk/src/rp2_common/hardware_irq/irq_handler_chain.S.obj
                0x2000049c                irq_handler_chain_slots
                0x200004cc                irq_handler_chain_first_slot
                0x200004d6                irq_handler_chain_remove_tail
 .data.default_alarm_pool
                0x200004e4       0x18 CMakeFiles/blink.dir/D_/Raspberry/RP2040/pico-sdk/src/common/pico_time/time.c.obj
 .data.default_alarm_pool_heap
                0x200004fc       0x10 CMakeFiles/blink.dir/D_/Raspberry/RP2040/pico-sdk/src/common/pico_time/time.c.obj
 *fill*         0x2000050c        0x4 
 .data.aeabi_bits_funcs
                0x20000510       0x10 CMakeFiles/blink.dir/D_/Raspberry/RP2040/pico-sdk/src/rp2_common/pico_bit_ops/bit_ops_aeabi.S.obj
                0x20000510                aeabi_bits_funcs
                0x20000520                aeabi_bits_funcs_end
 .data.aeabi_mem_funcs
                0x20000520       0x10 CMakeFiles/blink.dir/D_/Raspberry/RP2040/pico-sdk/src/rp2_common/pico_mem_ops/mem_ops_aeabi.S.obj
                0x20000520                aeabi_mem_funcs
                0x20000530                aeabi_mem_funcs_end
 .data.stdio_usb
                0x20000530       0x14 CMakeFiles/blink.dir/D_/Raspberry/RP2040/pico-sdk/src/rp2_common/pico_stdio_usb/stdio_usb.c.obj
                0x20000530                stdio_usb
 .data.ep_dir_string
                0x20000544        0x8 CMakeFiles/blink.dir/D_/Raspberry/RP2040/pico-sdk/lib/tinyusb/src/portable/raspberrypi/rp2040/rp2040_usb.c.obj
                0x20000544                ep_dir_string
 .data._usbd_qdef
                0x2000054c       0x24 CMakeFiles/blink.dir/D_/Raspberry/RP2040/pico-sdk/lib/tinyusb/src/device/usbd.c.obj
                0x2000054c                _usbd_qdef
 .data._impure_data
                0x20000570      0x120 d:/arm toolchain/11.3 rel1/bin/../lib/gcc/arm-none-eabi/11.3.1/thumb/v6-m/nofp\libg.a(libc_a-impure.o)
                0x20000570                _impure_data
 .data._impure_ptr
                0x20000690        0x4 d:/arm toolchain/11.3 rel1/bin/../lib/gcc/arm-none-eabi/11.3.1/thumb/v6-m/nofp\libg.a(libc_a-impure.o)
                0x20000690                _impure_ptr
                0x20000694                . = ALIGN (0x4)
 *(.after_data.*)
                0x20000694                . = ALIGN (0x4)
                0x20000694                PROVIDE (__mutex_array_start = .)
 *(SORT_BY_NAME(.mutex_array.*))
 *(.mutex_array)
 .mutex_array   0x20000694        0x8 CMakeFiles/blink.dir/D_/Raspberry/RP2040/pico-sdk/src/rp2_common/pico_stdio/stdio.c.obj
                0x2000069c                PROVIDE (__mutex_array_end = .)
                0x2000069c                . = ALIGN (0x4)
                0x2000069c                PROVIDE (__preinit_array_start = .)
 *(SORT_BY_NAME(.preinit_array.*))
 .preinit_array.00001
                0x2000069c        0x4 CMakeFiles/blink.dir/D_/Raspberry/RP2040/pico-sdk/src/rp2_common/pico_mem_ops/mem_ops_aeabi.S.obj
 .preinit_array.00010
                0x200006a0        0x4 CMakeFiles/blink.dir/D_/Raspberry/RP2040/pico-sdk/src/rp2_common/pico_bit_ops/bit_ops_aeabi.S.obj
 .preinit_array.00020
                0x200006a4        0x4 CMakeFiles/blink.dir/D_/Raspberry/RP2040/pico-sdk/src/rp2_common/pico_double/double_aeabi.S.obj
 .preinit_array.00020
                0x200006a8        0x4 CMakeFiles/blink.dir/D_/Raspberry/RP2040/pico-sdk/src/rp2_common/pico_float/float_aeabi.S.obj
 *(.preinit_array)
                0x200006ac                PROVIDE (__preinit_array_end = .)
                0x200006ac                . = ALIGN (0x4)
                0x200006ac                PROVIDE (__init_array_start = .)
 *(SORT_BY_NAME(.init_array.*))
 *(.init_array)
 .init_array    0x200006ac        0x4 d:/arm toolchain/11.3 rel1/bin/../lib/gcc/arm-none-eabi/11.3.1/thumb/v6-m/nofp/crtbegin.o
 .init_array    0x200006b0        0x4 CMakeFiles/blink.dir/D_/Raspberry/RP2040/pico-sdk/src/rp2_common/pico_unique_id/unique_id.c.obj
                0x200006b4                PROVIDE (__init_array_end = .)
                0x200006b4                . = ALIGN (0x4)
                [!provide]                PROVIDE (__fini_array_start = .)
 *(SORT_BY_NAME(.fini_array.*))
 *(.fini_array)
                [!provide]                PROVIDE (__fini_array_end = .)
 *(.jcr)
                0x200006b4                . = ALIGN (0x4)
                0x200006b4                __data_end__ = .

.tm_clone_table
                0x200006b4        0x0 load address 0x100093f4
 .tm_clone_table
                0x200006b4        0x0 d:/arm toolchain/11.3 rel1/bin/../lib/gcc/arm-none-eabi/11.3.1/thumb/v6-m/nofp/crtbegin.o
 .tm_clone_table
                0x200006b4        0x0 d:/arm toolchain/11.3 rel1/bin/../lib/gcc/arm-none-eabi/11.3.1/thumb/v6-m/nofp/crtend.o

.igot.plt       0x200006b4        0x0 load address 0x100093f4
 .igot.plt      0x200006b4        0x0 d:/arm toolchain/11.3 rel1/bin/../lib/gcc/arm-none-eabi/11.3.1/thumb/v6-m/nofp/crtbegin.o

.uninitialized_data
                0x200006b4        0x0 load address 0x100093f4