Archive member included to satisfy reference by file (symbol)

d:/arm toolchain/11.3 rel1/bin/../lib/gcc/arm-none-eabi/11.3.1/thumb/v6-m/nofp\libgcc.a(_dvmd_tls.o)
                              CMakeFiles/blink.dir/D_/Raspberry/RP2040/pico-sdk/src/rp2_common/pico_divider/divider.S.obj (__aeabi_idiv0)
d:/arm toolchain/11.3 rel1/bin/../lib/gcc/arm-none-eabi/11.3.1/thumb/v6-m/nofp\libg.a(libc_a-atoi.o)
                              CMakeFiles/blink.dir/main.c.obj (atoi)
d:/arm toolchain/11.3 rel1/bin/../lib/gcc/arm-none-eabi/11.3.1/thumb/v6-m/nofp\libg.a(libc_a-calloc.o)
                              CMakeFiles/blink.dir/D_/Raspberry/RP2040/pico-sdk/src/rp2_common/pico_malloc/pico_malloc.c.obj (calloc)
d:/arm toolchain/11.3 rel1/bin/../lib/gcc/arm-none-eabi/11.3.1/thumb/v6-m/nofp\libg.a(libc_a-callocr.o)
                              d:/arm toolchain/11.3 rel1/bin/../lib/gcc/arm-none-eabi/11.3.1/thumb/v6-m/nofp\libg.a(libc_a-calloc.o) (_calloc_r)
d:/arm toolchain/11.3 rel1/bin/../lib/gcc/arm-none-eabi/11.3.1/thumb/v6-m/nofp\libg.a(libc_a-malloc.o)
                              CMakeFiles/blink.dir/D_/Raspberry/RP2040/pico-sdk/src/rp2_common/pico_malloc/pico_malloc.c.obj (malloc)
d:/arm toolchain/11.3 rel1/bin/../lib/gcc/arm-none-eabi/11.3.1/thumb/v6-m/nofp\libg.a(libc_a-mallocr.o)
                              d:/arm toolchain/11.3 rel1/bin/../lib/gcc/arm-none-eabi/11.3.1/thumb/v6-m/nofp\libg.a(libc_a-callocr.o) (_malloc_r)
d:/arm toolchain/11.3 rel1/bin/../lib/gcc/arm-none-eabi/11.3.1/thumb/v6-m/nofp\libg.a(libc_a-mlock.o)
                              d:/arm toolchain/11.3 rel1/bin/../lib/gcc/arm-none-eabi/11.3.1/thumb/v6-m/nofp\libg.a(libc_a-mallocr.o) (__malloc_lock)
d:/arm toolchain/11.3 rel1/bin/../lib/gcc/arm-none-eabi/11.3.1/thumb/v6-m/nofp\libg.a(libc_a-realloc.o)
                              CMakeFiles/blink.dir/D_/Raspberry/RP2040/pico-sdk/src/rp2_common/pico_malloc/pico_malloc.c.obj (realloc)
d:/arm toolchain/11.3 rel1/bin/../lib/gcc/arm-none-eabi/11.3.1/thumb/v6-m/nofp\libg.a(libc_a-reallocr.o)
                              d:/arm toolchain/11.3 rel1/bin/../lib/gcc/arm-none-eabi/11.3.1/thumb/v6-m/nofp\libg.a(libc_a-realloc.o) (_realloc_r)
d:/arm toolchain/11.3 rel1/bin/../lib/gcc/arm-none-eabi/11.3.1/thumb/v6-m/nofp\libg.a(libc_a-strtol.o)
                              d:/arm toolchain/11.3 rel1/bin/../lib/gcc/arm-none-eabi/11.3.1/thumb/v6-m/nofp\libg.a(libc_a-atoi.o) (_strtol_r)
d:/arm toolchain/11.3 rel1/bin/../lib/gcc/arm-none-eabi/11.3.1/thumb/v6-m/nofp\libg.a(libc_a-ctype_.o)
                              CMakeFiles/blink.dir/D_/Raspberry/RP2040/pico-sdk/lib/tinyusb/src/tusb.c.obj (_ctype_)
d:/arm toolchain/11.3 rel1/bin/../lib/gcc/arm-none-eabi/11.3.1/thumb/v6-m/nofp\libg.a(libc_a-memmove.o)
                              d:/arm toolchain/11.3 rel1/bin/../lib/gcc/arm-none-eabi/11.3.1/thumb/v6-m/nofp\libg.a(libc_a-reallocr.o) (memmove)
d:/arm toolchain/11.3 rel1/bin/../lib/gcc/arm-none-eabi/11.3.1/thumb/v6-m/nofp\libg.a(libc_a-strtok.o)
                              CMakeFiles/blink.dir/main.c.obj (strtok)
d:/arm toolchain/11.3 rel1/bin/../lib/gcc/arm-none-eabi/11.3.1/thumb/v6-m/nofp\libg.a(libc_a-strtok_r.o)
                              d:/arm toolchain/11.3 rel1/bin/../lib/gcc/arm-none-eabi/11.3.1/thumb/v6-m/nofp\libg.a(libc_a-strtok.o) (__strtok_r)
d:/arm toolchain/11.3 rel1/bin/../lib/gcc/arm-none-eabi/11.3.1/thumb/v6-m/nofp\libg.a(libc_a-impure.o)
                              d:/arm toolchain/11.3 rel1/bin/../lib/gcc/arm-none-eabi/11.3.1/thumb/v6-m/nofp\libg.a(libc_a-calloc.o) (_impure_ptr)
d:/arm toolchain/11.3 rel1/bin/../lib/gcc/arm-none-eabi/11.3.1/thumb/v6-m/nofp\libg.a(libc_a-sbrkr.o)
                              d:/arm toolchain/11.3 rel1/bin/../lib/gcc/arm-none-eabi/11.3.1/thumb/v6-m/nofp\libg.a(libc_a-mallocr.o) (_sbrk_r)
d:/arm toolchain/11.3 rel1/bin/../lib/gcc/arm-none-eabi/11.3.1/thumb/v6-m/nofp\libg.a(libc_a-errno.o)
                              d:/arm toolchain/11.3 rel1/bin/../lib/gcc/arm-none-eabi/11.3.1/thumb/v6-m/nofp\libg.a(libc_a-callocr.o) (__errno)
d:/arm toolchain/11.3 rel1/bin/../lib/gcc/arm-none-eabi/11.3.1/thumb/v6-m/nofp\libg.a(libc_a-init.o)
                              d:/arm toolchain/11.3 rel1/bin/../lib/gcc/arm-none-eabi/11.3.1/thumb/v6-m/nofp/crt0.o (__libc_init_array)
d:/arm toolchain/11.3 rel1/bin/../lib/gcc/arm-none-eabi/11.3.1/thumb/v6-m/nofp\libg.a(libc_a-lock.o)
                              d:/arm toolchain/11.3 rel1/bin/../lib/gcc/arm-none-eabi/11.3.1/thumb/v6-m/nofp\libg.a(libc_a-mlock.o) (__retarget_lock_acquire_recursive)
d:/arm toolchain/11.3 rel1/bin/../lib/gcc/arm-none-eabi/11.3.1/thumb/v6-m/nofp\libg.a(libc_a-strlen-stub.o)
                              CMakeFiles/blink.dir/D_/Raspberry/RP2040/pico-sdk/src/rp2_common/pico_stdio/stdio.c.obj (strlen)
d:/arm toolchain/11.3 rel1/bin/../lib/gcc/arm-none-eabi/11.3.1/thumb/v6-m/nofp\libg.a(libc_a-freer.o)
[...]
Memory Configuration

Name             Origin             Length             Attributes
FLASH            0x10000000         0x00200000         xr
RAM              0x20000000         0x00040000         xrw
SCRATCH_X        0x20040000         0x00001000         xrw
SCRATCH_Y        0x20041000         0x00001000         xrw
*default*        0x00000000         0xffffffff

Linker script and memory map

LOAD d:/arm toolchain/11.3 rel1/bin/../lib/gcc/arm-none-eabi/11.3.1/thumb/v6-m/nofp/crti.o
LOAD d:/arm toolchain/11.3 rel1/bin/../lib/gcc/arm-none-eabi/11.3.1/thumb/v6-m/nofp/crtbegin.o
LOAD d:/arm toolchain/11.3 rel1/bin/../lib/gcc/arm-none-eabi/11.3.1/thumb/v6-m/nofp/crt0.o

.flash_begin    0x10000000        0x0
                0x10000000                __flash_binary_start = .

.boot2          0x10000000      0x100
                0x10000000                __boot2_start__ = .
 *(.boot2)
 .boot2         0x10000000      0x100 C:\Users\USER\AppData\Local\Temp\ccG9CbUX.o
                0x10000100                __boot2_end__ = .
                0x00000001                ASSERT (((__boot2_end__ - __boot2_start__) == 0x100), ERROR: Pico second stage bootloader must be 256 bytes in size)

.text           0x10000100     0x7980
                0x10000100                __logical_binary_start = .
 *(.vectors)
 .vectors       0x10000100       0xd4 CMakeFiles/blink.dir/D_/Raspberry/RP2040/pico-sdk/src/rp2_common/pico_standard_link/crt0.S.obj
                0x10000100                __VECTOR_TABLE
                0x10000100                __vectors
                0x100001c0                isr_invalid
                0x100001c0                __default_isrs_start
                0x100001c2                isr_nmi
                0x100001c4                isr_hardfault
                0x100001c6                isr_svcall
                0x100001c8                isr_pendsv
                0x100001ca                isr_systick
                0x100001cc                isr_irq23
                0x100001cc                isr_irq18
                0x100001cc                isr_irq11
                0x100001cc                isr_irq28
                0x100001cc                isr_irq19
                0x100001cc                isr_irq0
                0x100001cc                isr_irq6
                0x100001cc                isr_irq5
                0x100001cc                isr_irq12
                0x100001cc                isr_irq22
                0x100001cc                isr_irq31
                0x100001cc                isr_irq17
                0x100001cc                isr_irq27
                0x100001cc                isr_irq30
                0x100001cc                isr_irq2
                0x100001cc                isr_irq10
                0x100001cc                isr_irq8
                0x100001cc                isr_irq24
                0x100001cc                isr_irq1
                0x100001cc                isr_irq7
                0x100001cc                isr_irq21
                0x100001cc                isr_irq20
                0x100001cc                isr_irq15
                0x100001cc                isr_irq25
                0x100001cc                isr_irq13
                0x100001cc                __unhandled_user_irq
                0x100001cc                isr_irq4
                0x100001cc                isr_irq16
                0x100001cc                isr_irq29
                0x100001cc                isr_irq26
                0x100001cc                __default_isrs_end
                0x100001cc                isr_irq3
                0x100001cc                isr_irq14
                0x100001cc                isr_irq9
                0x100001d2                unhandled_user_irq_num_in_r0
 *(.binary_info_header)
 .binary_info_header
                0x100001d4       0x14 CMakeFiles/blink.dir/D_/Raspberry/RP2040/pico-sdk/src/rp2_common/pico_standard_link/crt0.S.obj
                0x100001e8                __binary_info_header_end = .
 *(.reset)
 .reset         0x100001e8       0xa8 CMakeFiles/blink.dir/D_/Raspberry/RP2040/pico-sdk/src/rp2_common/pico_standard_link/crt0.S.obj
                0x100001e8                _entry_point
                0x10000266                __get_current_exception
 .reset         0x10000290       0x30 CMakeFiles/blink.dir/D_/Raspberry/RP2040/pico-sdk/src/rp2_common/pico_standard_link/binary_info.c.obj
 *(.init)
 .init          0x100002c0        0x4 d:/arm toolchain/11.3 rel1/bin/../lib/gcc/arm-none-eabi/11.3.1/thumb/v6-m/nofp/crti.o
                0x100002c0                _init
 *(EXCLUDE_FILE(*libm.a: *libc.a:*lib_a-mem*.o *libgcc.a:) .text*)
 .text.register_tm_clones
                0x100002c4       0x28 d:/arm toolchain/11.3 rel1/bin/../lib/gcc/arm-none-eabi/11.3.1/thumb/v6-m/nofp/crtbegin.o
 .text.frame_dummy
                0x100002ec       0x24 d:/arm toolchain/11.3 rel1/bin/../lib/gcc/arm-none-eabi/11.3.1/thumb/v6-m/nofp/crtbegin.o
 .text.repeating_timer_callback
                0x10000310       0x38 CMakeFiles/blink.dir/main.c.obj
                0x10000310                repeating_timer_callback
 .text.csLow    0x10000348        0xc CMakeFiles/blink.dir/main.c.obj
                0x10000348                csLow
 .text.csHigh   0x10000354        0xc CMakeFiles/blink.dir/main.c.obj
                0x10000354                csHigh
 .text.ceLow    0x10000360        0xc CMakeFiles/blink.dir/main.c.obj
                0x10000360                ceLow
 .text.ceHigh   0x1000036c        0xc CMakeFiles/blink.dir/main.c.obj
                0x1000036c                ceHigh
 .text.leerReg  0x10000378       0x3e CMakeFiles/blink.dir/main.c.obj
                0x10000378                leerReg
 .text.escribirReg
                0x100003b6       0x3c CMakeFiles/blink.dir/main.c.obj
                0x100003b6                escribirReg
 .text.escribirRegBytes
                0x100003f2       0x44 CMakeFiles/blink.dir/main.c.obj
                0x100003f2                escribirRegBytes
 *fill*         0x10000436        0x2 
 .text.config   0x10000438       0x68 CMakeFiles/blink.dir/main.c.obj
                0x10000438                config
 .text.ModoRx   0x100004a0       0x30 CMakeFiles/blink.dir/main.c.obj
                0x100004a0                ModoRx
 .text.recirbirMsg
                0x100004d0       0x32 CMakeFiles/blink.dir/main.c.obj
                0x100004d0                recirbirMsg
 .text.nuevoMsg
                0x10000502       0x14 CMakeFiles/blink.dir/main.c.obj
                0x10000502                nuevoMsg
 *fill*         0x10000516        0x2 
 .text.main     0x10000518      0x198 CMakeFiles/blink.dir/main.c.obj
                0x10000518                main
 .text.gpio_set_function
                0x100006b0       0x30 CMakeFiles/blink.dir/D_/Raspberry/RP2040/pico-sdk/src/rp2_common/hardware_gpio/gpio.c.obj
                0x100006b0                gpio_set_function
 .text.gpio_init
                0x100006e0       0x16 CMakeFiles/blink.dir/D_/Raspberry/RP2040/pico-sdk/src/rp2_common/hardware_gpio/gpio.c.obj
                0x100006e0                gpio_init
 *fill*         0x100006f6        0x2 
 .text.hw_claim_lock
                0x100006f8       0x18 CMakeFiles/blink.dir/D_/Raspberry/RP2040/pico-sdk/src/rp2_common/hardware_claim/claim.c.obj
                0x100006f8                hw_claim_lock
 .text.hw_claim_unlock
                0x10000710       0x14 CMakeFiles/blink.dir/D_/Raspberry/RP2040/pico-sdk/src/rp2_common/hardware_claim/claim.c.obj
                0x10000710                hw_claim_unlock
 .text.hw_claim_or_assert
                0x10000724       0x32 CMakeFiles/blink.dir/D_/Raspberry/RP2040/pico-sdk/src/rp2_common/hardware_claim/claim.c.obj
                0x10000724                hw_claim_or_assert
 .text.hw_claim_unused_from_range
                0x10000756       0x50 CMakeFiles/blink.dir/D_/Raspberry/RP2040/pico-sdk/src/rp2_common/hardware_claim/claim.c.obj
                0x10000756                hw_claim_unused_from_range
 *fill*         0x100007a6        0x2 
 .text.running_on_fpga
                0x100007a8       0x14 CMakeFiles/blink.dir/D_/Raspberry/RP2040/pico-sdk/src/rp2_common/pico_platform/platform.c.obj
                0x100007a8                running_on_fpga
 .text.spin_locks_reset
                0x100007bc       0x20 CMakeFiles/blink.dir/D_/Raspberry/RP2040/pico-sdk/src/rp2_common/hardware_sync/sync.c.obj
                0x100007bc                spin_locks_reset
 .text.next_striped_spin_lock_num
                0x100007dc       0x1c CMakeFiles/blink.dir/D_/Raspberry/RP2040/pico-sdk/src/rp2_common/hardware_sync/sync.c.obj
                0x100007dc                next_striped_spin_lock_num
 .text.spin_lock_claim_unused
                0x100007f8       0x24 CMakeFiles/blink.dir/D_/Raspberry/RP2040/pico-sdk/src/rp2_common/hardware_sync/sync.c.obj
                0x100007f8                spin_lock_claim_unused
 .text.set_raw_irq_handler_and_unlock
                0x1000081c       0x28 CMakeFiles/blink.dir/D_/Raspberry/RP2040/pico-sdk/src/rp2_common/hardware_irq/irq.c.obj
 .text.make_branch
                0x10000844       0x48 CMakeFiles/blink.dir/D_/Raspberry/RP2040/pico-sdk/src/rp2_common/hardware_irq/irq.c.obj
 .text.insert_branch_and_link
                0x1000088c       0x40 CMakeFiles/blink.dir/D_/Raspberry/RP2040/pico-sdk/src/rp2_common/hardware_irq/irq.c.obj
 .text.irq_is_enabled
                0x100008cc       0x18 CMakeFiles/blink.dir/D_/Raspberry/RP2040/pico-sdk/src/rp2_common/hardware_irq/irq.c.obj
                0x100008cc                irq_is_enabled
 .text.irq_set_mask_enabled
                0x100008e4       0x20 CMakeFiles/blink.dir/D_/Raspberry/RP2040/pico-sdk/src/rp2_common/hardware_irq/irq.c.obj
                0x100008e4                irq_set_mask_enabled
 .text.irq_set_enabled
                0x10000904        0xe CMakeFiles/blink.dir/D_/Raspberry/RP2040/pico-sdk/src/rp2_common/hardware_irq/irq.c.obj
                0x10000904                irq_set_enabled
 *fill*         0x10000912        0x2 
 .text.irq_set_pending
                0x10000914       0x10 CMakeFiles/blink.dir/D_/Raspberry/RP2040/pico-sdk/src/rp2_common/hardware_irq/irq.c.obj
                0x10000914                irq_set_pending
 .text.irq_get_vtable_handler
                0x10000924       0x10 CMakeFiles/blink.dir/D_/Raspberry/RP2040/pico-sdk/src/rp2_common/hardware_irq/irq.c.obj
                0x10000924                irq_get_vtable_handler
 .text.irq_has_shared_handler
                0x10000934       0x24 CMakeFiles/blink.dir/D_/Raspberry/RP2040/pico-sdk/src/rp2_common/hardware_irq/irq.c.obj
                0x10000934                irq_has_shared_handler
 .text.irq_set_exclusive_handler
                0x10000958       0x54 CMakeFiles/blink.dir/D_/Raspberry/RP2040/pico-sdk/src/rp2_common/hardware_irq/irq.c.obj
                0x10000958                irq_set_exclusive_handler
 .text.irq_add_shared_handler
                0x100009ac      0x230 CMakeFiles/blink.dir/D_/Raspberry/RP2040/pico-sdk/src/rp2_common/hardware_irq/irq.c.obj
                0x100009ac                irq_add_shared_handler
 .text.irq_remove_handler
                0x10000bdc      0x1a4 CMakeFiles/blink.dir/D_/Raspberry/RP2040/pico-sdk/src/rp2_common/hardware_irq/irq.c.obj
                0x10000bdc                irq_remove_handler
 .text.irq_add_tail_to_free_list
                0x10000d80       0xf0 CMakeFiles/blink.dir/D_/Raspberry/RP2040/pico-sdk/src/rp2_common/hardware_irq/irq.c.obj
                0x10000d80                irq_add_tail_to_free_list
 .text.irq_init_priorities
                0x10000e70       0x1c CMakeFiles/blink.dir/D_/Raspberry/RP2040/pico-sdk/src/rp2_common/hardware_irq/irq.c.obj
                0x10000e70                irq_init_priorities
 .text.user_irq_claim_unused
                0x10000e8c       0x30 CMakeFiles/blink.dir/D_/Raspberry/RP2040/pico-sdk/src/rp2_common/hardware_irq/irq.c.obj
                0x10000e8c                user_irq_claim_unused
 .text.lock_init
                0x10000ebc       0x10 CMakeFiles/blink.dir/D_/Raspberry/RP2040/pico-sdk/src/common/pico_sync/lock_core.c.obj
                0x10000ebc                lock_init
 .text.repeating_timer_callback
                0x10000ecc       0x40 CMakeFiles/blink.dir/D_/Raspberry/RP2040/pico-sdk/src/common/pico_time/time.c.obj
 .text.alarm_pool_post_alloc_init
                0x10000f0c       0x40 CMakeFiles/blink.dir/D_/Raspberry/RP2040/pico-sdk/src/common/pico_time/time.c.obj
 .text.sleep_until_callback
                0x10000f4c       0x30 CMakeFiles/blink.dir/D_/Raspberry/RP2040/pico-sdk/src/common/pico_time/time.c.obj
 .text.timer_pool_entry_comparator
                0x10000f7c       0x78 CMakeFiles/blink.dir/D_/Raspberry/RP2040/pico-sdk/src/common/pico_time/time.c.obj
                0x10000f7c                timer_pool_entry_comparator
 .text.ph_add_child_node
                0x10000ff4       0xa0 CMakeFiles/blink.dir/D_/Raspberry/RP2040/pico-sdk/src/common/pico_time/time.c.obj
 .text.ph_merge_nodes
                0x10001094       0x3e CMakeFiles/blink.dir/D_/Raspberry/RP2040/pico-sdk/src/common/pico_time/time.c.obj
 *fill*         0x100010d2        0x2 
 .text.add_alarm_under_lock
                0x100010d4      0x16c CMakeFiles/blink.dir/D_/Raspberry/RP2040/pico-sdk/src/common/pico_time/time.c.obj
 .text.alarm_pool_alarm_callback
                0x10001240      0x328 CMakeFiles/blink.dir/D_/Raspberry/RP2040/pico-sdk/src/common/pico_time/time.c.obj
 .text.alarm_pool_init_default
                0x10001568       0x38 CMakeFiles/blink.dir/D_/Raspberry/RP2040/pico-sdk/src/common/pico_time/time.c.obj
                0x10001568                alarm_pool_init_default
 .text.alarm_pool_get_default
                0x100015a0       0x2c CMakeFiles/blink.dir/D_/Raspberry/RP2040/pico-sdk/src/common/pico_time/time.c.obj
                0x100015a0                alarm_pool_get_default
 .text.alarm_pool_add_alarm_at
                0x100015cc      0x178 CMakeFiles/blink.dir/D_/Raspberry/RP2040/pico-sdk/src/common/pico_time/time.c.obj
                0x100015cc                alarm_pool_add_alarm_at
 .text.alarm_pool_cancel_alarm
                0x10001744       0xec CMakeFiles/blink.dir/D_/Raspberry/RP2040/pico-sdk/src/common/pico_time/time.c.obj
                0x10001744                alarm_pool_cancel_alarm
 .text.alarm_pool_add_repeating_timer_us
                0x10001830       0x98 CMakeFiles/blink.dir/D_/Raspberry/RP2040/pico-sdk/src/common/pico_time/time.c.obj
                0x10001830                alarm_pool_add_repeating_timer_us
 .text.sleep_until
                0x100018c8       0xfc CMakeFiles/blink.dir/D_/Raspberry/RP2040/pico-sdk/src/common/pico_time/time.c.obj
                0x100018c8                sleep_until
 .text.sleep_us
                0x100019c4       0x58 CMakeFiles/blink.dir/D_/Raspberry/RP2040/pico-sdk/src/common/pico_time/time.c.obj
                0x100019c4                sleep_us
 .text.sleep_ms
                0x10001a1c       0x14 CMakeFiles/blink.dir/D_/Raspberry/RP2040/pico-sdk/src/common/pico_time/time.c.obj
                0x10001a1c                sleep_ms
 .text.best_effort_wfe_or_timeout
                0x10001a30       0x80 CMakeFiles/blink.dir/D_/Raspberry/RP2040/pico-sdk/src/common/pico_time/time.c.obj
                0x10001a30                best_effort_wfe_or_timeout
 .text.hardware_alarm_irq_handler
                0x10001ab0       0x88 CMakeFiles/blink.dir/D_/Raspberry/RP2040/pico-sdk/src/rp2_common/hardware_timer/timer.c.obj
 .text.hardware_alarm_claim
                0x10001b38       0x18 CMakeFiles/blink.dir/D_/Raspberry/RP2040/pico-sdk/src/rp2_common/hardware_timer/timer.c.obj
                0x10001b38                hardware_alarm_claim
 .text.time_us_64
                0x10001b50       0x18 CMakeFiles/blink.dir/D_/Raspberry/RP2040/pico-sdk/src/rp2_common/hardware_timer/timer.c.obj
                0x10001b50                time_us_64
 .text.busy_wait_until
                0x10001b68       0x28 CMakeFiles/blink.dir/D_/Raspberry/RP2040/pico-sdk/src/rp2_common/hardware_timer/timer.c.obj
                0x10001b68                busy_wait_until
 .text.hardware_alarm_set_callback
                0x10001b90       0x90 CMakeFiles/blink.dir/D_/Raspberry/RP2040/pico-sdk/src/rp2_common/hardware_timer/timer.c.obj
                0x10001b90                hardware_alarm_set_callback
 .text.hardware_alarm_set_target
                0x10001c20       0xe8 CMakeFiles/blink.dir/D_/Raspberry/RP2040/pico-sdk/src/rp2_common/hardware_timer/timer.c.obj
                0x10001c20                hardware_alarm_set_target
 .text.hardware_alarm_cancel
                0x10001d08       0x40 CMakeFiles/blink.dir/D_/Raspberry/RP2040/pico-sdk/src/rp2_common/hardware_timer/timer.c.obj
                0x10001d08                hardware_alarm_cancel
 .text.ph_add_child_node
                0x10001d48       0xa0 CMakeFiles/blink.dir/D_/Raspberry/RP2040/pico-sdk/src/common/pico_util/pheap.c.obj
 .text.ph_merge_nodes
                0x10001de8       0x3e CMakeFiles/blink.dir/D_/Raspberry/RP2040/pico-sdk/src/common/pico_util/pheap.c.obj
 *fill*         0x10001e26        0x2 
 .text.ph_clear
                0x10001e28       0x70 CMakeFiles/blink.dir/D_/Raspberry/RP2040/pico-sdk/src/common/pico_util/pheap.c.obj
                0x10001e28                ph_clear
 .text.ph_post_alloc_init
                0x10001e98        0xe CMakeFiles/blink.dir/D_/Raspberry/RP2040/pico-sdk/src/common/pico_util/pheap.c.obj
                0x10001e98                ph_post_alloc_init
 *fill*         0x10001ea6        0x2 
 .text.ph_merge_two_pass
                0x10001ea8       0xa4 CMakeFiles/blink.dir/D_/Raspberry/RP2040/pico-sdk/src/common/pico_util/pheap.c.obj
                0x10001ea8                ph_merge_two_pass
 .text.ph_remove_any_head
                0x10001f4c      0x104 CMakeFiles/blink.dir/D_/Raspberry/RP2040/pico-sdk/src/common/pico_util/pheap.c.obj
 .text.ph_remove_head
                0x10002050       0x14 CMakeFiles/blink.dir/D_/Raspberry/RP2040/pico-sdk/src/common/pico_util/pheap.c.obj
                0x10002050                ph_remove_head
 .text.ph_remove_and_free_node
                0x10002064       0xf8 CMakeFiles/blink.dir/D_/Raspberry/RP2040/pico-sdk/src/common/pico_util/pheap.c.obj
                0x10002064                ph_remove_and_free_node
 .text.mutex_init
                0x1000215c       0x1a CMakeFiles/blink.dir/D_/Raspberry/RP2040/pico-sdk/src/common/pico_sync/mutex.c.obj
                0x1000215c                mutex_init
 .text.recursive_mutex_init
                0x10002176       0x1e CMakeFiles/blink.dir/D_/Raspberry/RP2040/pico-sdk/src/common/pico_sync/mutex.c.obj
                0x10002176                recursive_mutex_init
 .text.critical_section_init_with_lock_num
                0x10002194       0x14 CMakeFiles/blink.dir/D_/Raspberry/RP2040/pico-sdk/src/common/pico_sync/critical_section.c.obj
                0x10002194                critical_section_init_with_lock_num
 .text.critical_section_init
                0x100021a8       0x14 CMakeFiles/blink.dir/D_/Raspberry/RP2040/pico-sdk/src/common/pico_sync/critical_section.c.obj
                0x100021a8                critical_section_init
 .text._exit    0x100021bc        0x4 CMakeFiles/blink.dir/D_/Raspberry/RP2040/pico-sdk/src/rp2_common/pico_runtime/runtime.c.obj
                0x100021bc                _exit
 .text.exit     0x100021c0        0x6 CMakeFiles/blink.dir/D_/Raspberry/RP2040/pico-sdk/src/rp2_common/pico_runtime/runtime.c.obj
                0x100021c0                exit
 *fill*         0x100021c6        0x2 
 .text.__assert_func
                0x100021c8       0x3c CMakeFiles/blink.dir/D_/Raspberry/RP2040/pico-sdk/src/rp2_common/pico_runtime/runtime.c.obj
                0x100021c8                __assert_func
 .text.runtime_init
                0x10002204       0xf8 CMakeFiles/blink.dir/D_/Raspberry/RP2040/pico-sdk/src/rp2_common/pico_runtime/runtime.c.obj
                0x10002204                runtime_init
 .text.panic    0x100022fc       0x30 CMakeFiles/blink.dir/D_/Raspberry/RP2040/pico-sdk/src/rp2_common/pico_runtime/runtime.c.obj
                0x100022fc                panic
 .text.clock_configure
                0x1000232c      0x104 CMakeFiles/blink.dir/D_/Raspberry/RP2040/pico-sdk/src/rp2_common/hardware_clocks/clocks.c.obj
                0x1000232c                clock_configure
 .text.clocks_init
                0x10002430      0x100 CMakeFiles/blink.dir/D_/Raspberry/RP2040/pico-sdk/src/rp2_common/hardware_clocks/clocks.c.obj
                0x10002430                clocks_init
 .text.clock_get_hz
                0x10002530        0xc CMakeFiles/blink.dir/D_/Raspberry/RP2040/pico-sdk/src/rp2_common/hardware_clocks/clocks.c.obj
                0x10002530                clock_get_hz
 .text.pll_init
                0x1000253c      0x140 CMakeFiles/blink.dir/D_/Raspberry/RP2040/pico-sdk/src/rp2_common/hardware_pll/pll.c.obj
                0x1000253c                pll_init
 .text.watchdog_start_tick
                0x1000267c       0x10 CMakeFiles/blink.dir/D_/Raspberry/RP2040/pico-sdk/src/rp2_common/hardware_watchdog/watchdog.c.obj
                0x1000267c                watchdog_start_tick
 .text.watchdog_update
                0x1000268c       0x14 CMakeFiles/blink.dir/D_/Raspberry/RP2040/pico-sdk/src/rp2_common/hardware_watchdog/watchdog.c.obj
                0x1000268c                watchdog_update
 .text._watchdog_enable
                0x100026a0       0x78 CMakeFiles/blink.dir/D_/Raspberry/RP2040/pico-sdk/src/rp2_common/hardware_watchdog/watchdog.c.obj
                0x100026a0                _watchdog_enable
 .text.watchdog_reboot
                0x10002718       0x48 CMakeFiles/blink.dir/D_/Raspberry/RP2040/pico-sdk/src/rp2_common/hardware_watchdog/watchdog.c.obj
                0x10002718                watchdog_reboot
 .text.xosc_init
                0x10002760       0x28 CMakeFiles/blink.dir/D_/Raspberry/RP2040/pico-sdk/src/rp2_common/hardware_xosc/xosc.c.obj
                0x10002760                xosc_init
 .text._out_null
                0x10002788        0x2 CMakeFiles/blink.dir/D_/Raspberry/RP2040/pico-sdk/src/rp2_common/pico_printf/printf.c.obj
 .text._out_fct
                0x1000278a        0xe CMakeFiles/blink.dir/D_/Raspberry/RP2040/pico-sdk/src/rp2_common/pico_printf/printf.c.obj
 .text._atoi    0x10002798       0x24 CMakeFiles/blink.dir/D_/Raspberry/RP2040/pico-sdk/src/rp2_common/pico_printf/printf.c.obj
 .text._out_rev
                0x100027bc       0xae CMakeFiles/blink.dir/D_/Raspberry/RP2040/pico-sdk/src/rp2_common/pico_printf/printf.c.obj
 .text._ntoa_format
                0x1000286a      0x112 CMakeFiles/blink.dir/D_/Raspberry/RP2040/pico-sdk/src/rp2_common/pico_printf/printf.c.obj
 .text._ntoa_long
                0x1000297c       0xbc CMakeFiles/blink.dir/D_/Raspberry/RP2040/pico-sdk/src/rp2_common/pico_printf/printf.c.obj
 .text._ntoa_long_long
                0x10002a38       0xe2 CMakeFiles/blink.dir/D_/Raspberry/RP2040/pico-sdk/src/rp2_common/pico_printf/printf.c.obj
 *fill*         0x10002b1a        0x2 
 .text._etoa    0x10002b1c      0x414 CMakeFiles/blink.dir/D_/Raspberry/RP2040/pico-sdk/src/rp2_common/pico_printf/printf.c.obj
 .text._ftoa    0x10002f30      0x354 CMakeFiles/blink.dir/D_/Raspberry/RP2040/pico-sdk/src/rp2_common/pico_printf/printf.c.obj
 .text._vsnprintf
                0x10003284      0x650 CMakeFiles/blink.dir/D_/Raspberry/RP2040/pico-sdk/src/rp2_common/pico_printf/printf.c.obj
 .text.vfctprintf
                0x100038d4       0x20 CMakeFiles/blink.dir/D_/Raspberry/RP2040/pico-sdk/src/rp2_common/pico_printf/printf.c.obj
                0x100038d4                vfctprintf
 .text          0x100038f4       0x10 CMakeFiles/blink.dir/D_/Raspberry/RP2040/pico-sdk/src/rp2_common/pico_bit_ops/bit_ops_aeabi.S.obj
 .text.rom_func_lookup
                0x10003904       0x10 CMakeFiles/blink.dir/D_/Raspberry/RP2040/pico-sdk/src/rp2_common/pico_bootrom/bootrom.c.obj
                0x10003904                rom_func_lookup
 .text.rom_data_lookup
                0x10003914       0x10 CMakeFiles/blink.dir/D_/Raspberry/RP2040/pico-sdk/src/rp2_common/pico_bootrom/bootrom.c.obj
                0x10003914                rom_data_lookup
 .text.rom_funcs_lookup
                0x10003924       0x36 CMakeFiles/blink.dir/D_/Raspberry/RP2040/pico-sdk/src/rp2_common/pico_bootrom/bootrom.c.obj
                0x10003924                rom_funcs_lookup
 *fill*         0x1000395a        0x2 
 .text.__wrap___aeabi_idiv
                0x1000395c       0x50 CMakeFiles/blink.dir/D_/Raspberry/RP2040/pico-sdk/src/rp2_common/pico_divider/divider.S.obj
                0x1000395c                __wrap___aeabi_idivmod
                0x1000395c                divmod_s32s32
                0x1000395c                div_s32s32
                0x1000395c                __wrap___aeabi_idiv
                0x10003964                divmod_s32s32_unsafe
                0x10003990                divmod_s32s32_savestate
 .text.__wrap___aeabi_uidiv
                0x100039ac       0x4c CMakeFiles/blink.dir/D_/Raspberry/RP2040/pico-sdk/src/rp2_common/pico_divider/divider.S.obj
                0x100039ac                __wrap___aeabi_uidiv
                0x100039ac                __wrap___aeabi_uidivmod
                0x100039ac                div_u32u32
                0x100039ac                divmod_u32u32
                0x100039b4                divmod_u32u32_unsafe
                0x100039dc                divmod_u32u32_savestate
 .text.__wrap___aeabi_ldiv
                0x100039f8      0x434 CMakeFiles/blink.dir/D_/Raspberry/RP2040/pico-sdk/src/rp2_common/pico_divider/divider.S.obj
                0x100039f8                div_s64s64
                0x100039f8                divmod_s64s64
                0x100039f8                __wrap___aeabi_ldivmod
                0x10003a30                divmod_u64u64
                0x10003a30                div_u64u64
                0x10003a30                __wrap___aeabi_uldivmod
                0x10003a40                divmod_u64u64_savestate
                0x10003a68                divmod_s64s64_unsafe
                0x10003af0                divmod_u64u64_unsafe
 .text.__wrap___aeabi_darithmetic
                0x10003e2c       0x80 CMakeFiles/blink.dir/D_/Raspberry/RP2040/pico-sdk/src/rp2_common/pico_double/double_aeabi.S.obj
                0x10003e2c                __wrap___aeabi_drsub
                0x10003e32                __wrap___aeabi_dsub
                0x10003e44                __wrap___aeabi_dadd
                0x10003e56                __wrap___aeabi_ddiv
                0x10003e92                __wrap___aeabi_dmul
 .text.__wrap___aeabi_cdcmple
                0x10003eac       0x6c CMakeFiles/blink.dir/D_/Raspberry/RP2040/pico-sdk/src/rp2_common/pico_double/double_aeabi.S.obj
                0x10003eac                __wrap___aeabi_cdrcmple
                0x10003ebc                __wrap___aeabi_cdcmpeq
                0x10003ebc                __wrap___aeabi_cdcmple
 .text.__wrap___aeabi_dcmplt
                0x10003f18        0xc CMakeFiles/blink.dir/D_/Raspberry/RP2040/pico-sdk/src/rp2_common/pico_double/double_aeabi.S.obj
                0x10003f18                __wrap___aeabi_dcmplt
 .text.__wrap___aeabi_dcmple
                0x10003f24       0x10 CMakeFiles/blink.dir/D_/Raspberry/RP2040/pico-sdk/src/rp2_common/pico_double/double_aeabi.S.obj
                0x10003f24                __wrap___aeabi_dcmple
 .text.__wrap___aeabi_dcmpge
                0x10003f34       0x10 CMakeFiles/blink.dir/D_/Raspberry/RP2040/pico-sdk/src/rp2_common/pico_double/double_aeabi.S.obj
                0x10003f34                __wrap___aeabi_dcmpge
 .text.__wrap___aeabi_dcmpgt
                0x10003f44        0xa CMakeFiles/blink.dir/D_/Raspberry/RP2040/pico-sdk/src/rp2_common/pico_double/double_aeabi.S.obj
                0x10003f44                __wrap___aeabi_dcmpgt
 .text.__wrap___aeabi_dcmpun
                0x10003f4e       0x1c CMakeFiles/blink.dir/D_/Raspberry/RP2040/pico-sdk/src/rp2_common/pico_double/double_aeabi.S.obj
                0x10003f4e                __wrap___aeabi_dcmpun
 *fill*         0x10003f6a        0x2 
 .text.__wrap___aeabi_i2d
                0x10003f6c       0x38 CMakeFiles/blink.dir/D_/Raspberry/RP2040/pico-sdk/src/rp2_common/pico_double/double_aeabi.S.obj
                0x10003f6c                __wrap___aeabi_ui2d
                0x10003f74                __wrap___aeabi_i2d
 .text.__wrap___aeabi_d2iz
                0x10003fa4       0x48 CMakeFiles/blink.dir/D_/Raspberry/RP2040/pico-sdk/src/rp2_common/pico_double/double_aeabi.S.obj
                0x10003fa4                double2int_z
                0x10003fa4                __wrap___aeabi_d2iz
 .text.__wrap___aeabi_d2uiz
                0x10003fec       0x18 CMakeFiles/blink.dir/D_/Raspberry/RP2040/pico-sdk/src/rp2_common/pico_double/double_aeabi.S.obj
                0x10003fec                __wrap___aeabi_d2uiz
                0x10003fec                double2uint
 .text.__aeabi_double_init
                0x10004004       0xc8 CMakeFiles/blink.dir/D_/Raspberry/RP2040/pico-sdk/src/rp2_common/pico_double/double_init_rom.c.obj
                0x10004004                __aeabi_double_init
 .text.double_table_shim_on_use_helper
                0x100040cc       0x34 CMakeFiles/blink.dir/D_/Raspberry/RP2040/pico-sdk/src/rp2_common/pico_double/double_v1_rom_shim.S.obj
                0x100040cc                double_table_shim_on_use_helper
 .text.__wrap___aeabi_dsub
                0x10004100       0x10 CMakeFiles/blink.dir/D_/Raspberry/RP2040/pico-sdk/src/rp2_common/pico_double/double_v1_rom_shim.S.obj
                0x10004100                drsub_shim
                0x10004106                dsub_shim
 .text.dadd_shim
                0x10004110      0x15c CMakeFiles/blink.dir/D_/Raspberry/RP2040/pico-sdk/src/rp2_common/pico_double/double_v1_rom_shim.S.obj
                0x10004110                dadd_shim
 .text.dmul_shim
                0x1000426c      0x15c CMakeFiles/blink.dir/D_/Raspberry/RP2040/pico-sdk/src/rp2_common/pico_double/double_v1_rom_shim.S.obj
                0x1000426c                dmul_shim
 .text.ddiv_shim
                0x100043c8      0x1b0 CMakeFiles/blink.dir/D_/Raspberry/RP2040/pico-sdk/src/rp2_common/pico_double/double_v1_rom_shim.S.obj
                0x100043c8                ddiv_shim
 .text.double2uint_shim
                0x10004578        0xe CMakeFiles/blink.dir/D_/Raspberry/RP2040/pico-sdk/src/rp2_common/pico_double/double_v1_rom_shim.S.obj
                0x10004578                double2uint_shim
                0x1000457a                double2ufix_shim
 *fill*         0x10004586        0x2 
 .text.double2uint64_shim
                0x10004588       0x70 CMakeFiles/blink.dir/D_/Raspberry/RP2040/pico-sdk/src/rp2_common/pico_double/double_v1_rom_shim.S.obj
                0x10004588                double2uint64_shim
                0x1000458a                double2ufix64_shim
                0x100045aa                d2fix_a
 .text.dunpacks
                0x100045f8       0x3c CMakeFiles/blink.dir/D_/Raspberry/RP2040/pico-sdk/src/rp2_common/pico_double/double_v1_rom_shim.S.obj
                0x100045f8                dunpacks
 .text.__aeabi_lmul
                0x10004634       0x32 CMakeFiles/blink.dir/D_/Raspberry/RP2040/pico-sdk/src/rp2_common/pico_int64_ops/pico_int64_ops_aeabi.S.obj
                0x10004634                __wrap___aeabi_lmul
 *fill*         0x10004666        0x2 
 .text.__aeabi_float_init
                0x10004668       0xfc CMakeFiles/blink.dir/D_/Raspberry/RP2040/pico-sdk/src/rp2_common/pico_float/float_init_rom.c.obj
                0x10004668                __aeabi_float_init
 .text.float_table_shim_on_use_helper
                0x10004764       0x34 CMakeFiles/blink.dir/D_/Raspberry/RP2040/pico-sdk/src/rp2_common/pico_float/float_v1_rom_shim.S.obj
                0x10004764                float_table_shim_on_use_helper
 .text          0x10004798       0x10 CMakeFiles/blink.dir/D_/Raspberry/RP2040/pico-sdk/src/rp2_common/pico_mem_ops/mem_ops_aeabi.S.obj
                0x10004798                __aeabi_mem_init
 .text.memset   0x100047a8        0xc CMakeFiles/blink.dir/D_/Raspberry/RP2040/pico-sdk/src/rp2_common/pico_mem_ops/mem_ops_aeabi.S.obj
                0x100047a8                __wrap_memset
 .text.memcpy   0x100047b4        0xc CMakeFiles/blink.dir/D_/Raspberry/RP2040/pico-sdk/src/rp2_common/pico_mem_ops/mem_ops_aeabi.S.obj
                0x100047b4                __wrap_memcpy
                0x100047b4                __wrap___aeabi_memcpy
 .text.stdio_out_chars_no_crlf
                0x100047c0        0xe CMakeFiles/blink.dir/D_/Raspberry/RP2040/pico-sdk/src/rp2_common/pico_stdio/stdio.c.obj
 *fill*         0x100047ce        0x2 
 .text.stdio_out_chars_crlf
                0x100047d0       0x80 CMakeFiles/blink.dir/D_/Raspberry/RP2040/pico-sdk/src/rp2_common/pico_stdio/stdio.c.obj
 .text.stdio_stack_buffer_flush
                0x10004850       0x44 CMakeFiles/blink.dir/D_/Raspberry/RP2040/pico-sdk/src/rp2_common/pico_stdio/stdio.c.obj
 .text.stdio_buffered_printer
                0x10004894       0x20 CMakeFiles/blink.dir/D_/Raspberry/RP2040/pico-sdk/src/rp2_common/pico_stdio/stdio.c.obj
 .text.stdout_serialize_begin
                0x100048b4       0x30 CMakeFiles/blink.dir/D_/Raspberry/RP2040/pico-sdk/src/rp2_common/pico_stdio/stdio.c.obj
                0x100048b4                stdout_serialize_begin
 .text.stdout_serialize_end
                0x100048e4       0x10 CMakeFiles/blink.dir/D_/Raspberry/RP2040/pico-sdk/src/rp2_common/pico_stdio/stdio.c.obj
                0x100048e4                stdout_serialize_end
 .text.stdio_put_string
                0x100048f4       0x98 CMakeFiles/blink.dir/D_/Raspberry/RP2040/pico-sdk/src/rp2_common/pico_stdio/stdio.c.obj
 .text.stdio_set_driver_enabled
                0x1000498c       0x2c CMakeFiles/blink.dir/D_/Raspberry/RP2040/pico-sdk/src/rp2_common/pico_stdio/stdio.c.obj
                0x1000498c                stdio_set_driver_enabled
 .text.stdio_flush
                0x100049b8       0x20 CMakeFiles/blink.dir/D_/Raspberry/RP2040/pico-sdk/src/rp2_common/pico_stdio/stdio.c.obj
                0x100049b8                stdio_flush
 .text.__wrap_puts
                0x100049d8       0x1e CMakeFiles/blink.dir/D_/Raspberry/RP2040/pico-sdk/src/rp2_common/pico_stdio/stdio.c.obj
                0x100049d8                __wrap_puts
 *fill*         0x100049f6        0x2 
 .text.__wrap_vprintf
                0x100049f8       0x44 CMakeFiles/blink.dir/D_/Raspberry/RP2040/pico-sdk/src/rp2_common/pico_stdio/stdio.c.obj
                0x100049f8                __wrap_vprintf
 .text.__wrap_printf
                0x10004a3c       0x18 CMakeFiles/blink.dir/D_/Raspberry/RP2040/pico-sdk/src/rp2_common/pico_stdio/stdio.c.obj
                0x10004a3c                __wrap_printf
 .text.stdio_init_all
                0x10004a54        0x8 CMakeFiles/blink.dir/D_/Raspberry/RP2040/pico-sdk/src/rp2_common/pico_stdio/stdio.c.obj
                0x10004a54                stdio_init_all
 .text.resetd_init
                0x10004a5c        0x2 CMakeFiles/blink.dir/D_/Raspberry/RP2040/pico-sdk/src/rp2_common/pico_stdio_usb/reset_interface.c.obj
 *fill*         0x10004a5e        0x2 
 .text.resetd_reset
                0x10004a60        0xc CMakeFiles/blink.dir/D_/Raspberry/RP2040/pico-sdk/src/rp2_common/pico_stdio_usb/reset_interface.c.obj
 .text.resetd_open
                0x10004a6c       0x34 CMakeFiles/blink.dir/D_/Raspberry/RP2040/pico-sdk/src/rp2_common/pico_stdio_usb/reset_interface.c.obj
 .text.resetd_xfer_cb
                0x10004aa0        0x4 CMakeFiles/blink.dir/D_/Raspberry/RP2040/pico-sdk/src/rp2_common/pico_stdio_usb/reset_interface.c.obj
 .text.reset_usb_boot
                0x10004aa4       0x18 CMakeFiles/blink.dir/D_/Raspberry/RP2040/pico-sdk/src/rp2_common/pico_stdio_usb/reset_interface.c.obj
 .text.resetd_control_xfer_cb
                0x10004abc       0x5c CMakeFiles/blink.dir/D_/Raspberry/RP2040/pico-sdk/src/rp2_common/pico_stdio_usb/reset_interface.c.obj
 .text.usbd_app_driver_get_cb
                0x10004b18        0xc CMakeFiles/blink.dir/D_/Raspberry/RP2040/pico-sdk/src/rp2_common/pico_stdio_usb/reset_interface.c.obj
                0x10004b18                usbd_app_driver_get_cb
 .text.tud_cdc_line_coding_cb
                0x10004b24       0x28 CMakeFiles/blink.dir/D_/Raspberry/RP2040/pico-sdk/src/rp2_common/pico_stdio_usb/reset_interface.c.obj
                0x10004b24                tud_cdc_line_coding_cb
 .text.stdio_usb_in_chars
                0x10004b4c       0x70 CMakeFiles/blink.dir/D_/Raspberry/RP2040/pico-sdk/src/rp2_common/pico_stdio_usb/stdio_usb.c.obj
                0x10004b4c                stdio_usb_in_chars
 .text.low_priority_worker_irq
                0x10004bbc       0x20 CMakeFiles/blink.dir/D_/Raspberry/RP2040/pico-sdk/src/rp2_common/pico_stdio_usb/stdio_usb.c.obj
 .text.stdio_usb_out_chars
                0x10004bdc       0xd4 CMakeFiles/blink.dir/D_/Raspberry/RP2040/pico-sdk/src/rp2_common/pico_stdio_usb/stdio_usb.c.obj
 .text.timer_task
                0x10004cb0       0x40 CMakeFiles/blink.dir/D_/Raspberry/RP2040/pico-sdk/src/rp2_common/pico_stdio_usb/stdio_usb.c.obj
 .text.usb_irq  0x10004cf0       0x10 CMakeFiles/blink.dir/D_/Raspberry/RP2040/pico-sdk/src/rp2_common/pico_stdio_usb/stdio_usb.c.obj
 .text.stdio_usb_init
                0x10004d00       0xec CMakeFiles/blink.dir/D_/Raspberry/RP2040/pico-sdk/src/rp2_common/pico_stdio_usb/stdio_usb.c.obj
                0x10004d00                stdio_usb_init
 .text.tud_descriptor_device_cb
                0x10004dec        0x8 CMakeFiles/blink.dir/D_/Raspberry/RP2040/pico-sdk/src/rp2_common/pico_stdio_usb/stdio_usb_descriptors.c.obj
                0x10004dec                tud_descriptor_device_cb
 .text.tud_descriptor_configuration_cb
                0x10004df4        0x8 CMakeFiles/blink.dir/D_/Raspberry/RP2040/pico-sdk/src/rp2_common/pico_stdio_usb/stdio_usb_descriptors.c.obj
                0x10004df4                tud_descriptor_configuration_cb
 .text.tud_descriptor_string_cb
                0x10004dfc       0x6c CMakeFiles/blink.dir/D_/Raspberry/RP2040/pico-sdk/src/rp2_common/pico_stdio_usb/stdio_usb_descriptors.c.obj
                0x10004dfc                tud_descriptor_string_cb
 .text.hw_endpoint_get_by_addr
                0x10004e68       0x18 CMakeFiles/blink.dir/D_/Raspberry/RP2040/pico-sdk/lib/tinyusb/src/portable/raspberrypi/rp2040/dcd_rp2040.c.obj
 .text.reset_ep0_pid
                0x10004e80       0x28 CMakeFiles/blink.dir/D_/Raspberry/RP2040/pico-sdk/lib/tinyusb/src/portable/raspberrypi/rp2040/dcd_rp2040.c.obj
 .text._hw_endpoint_alloc
                0x10004ea8       0x70 CMakeFiles/blink.dir/D_/Raspberry/RP2040/pico-sdk/lib/tinyusb/src/portable/raspberrypi/rp2040/dcd_rp2040.c.obj
 .text.hw_endpoint_init
                0x10004f18       0x88 CMakeFiles/blink.dir/D_/Raspberry/RP2040/pico-sdk/lib/tinyusb/src/portable/raspberrypi/rp2040/dcd_rp2040.c.obj
 .text.reset_non_control_endpoints
                0x10004fa0       0x40 CMakeFiles/blink.dir/D_/Raspberry/RP2040/pico-sdk/lib/tinyusb/src/portable/raspberrypi/rp2040/dcd_rp2040.c.obj
 .text.hw_handle_buff_status
                0x10004fe0       0x8c CMakeFiles/blink.dir/D_/Raspberry/RP2040/pico-sdk/lib/tinyusb/src/portable/raspberrypi/rp2040/dcd_rp2040.c.obj
 .text.dcd_rp2040_irq
                0x1000506c       0xc0 CMakeFiles/blink.dir/D_/Raspberry/RP2040/pico-sdk/lib/tinyusb/src/portable/raspberrypi/rp2040/dcd_rp2040.c.obj
 .text.hw_endpoint_xfer
                0x1000512c       0x14 CMakeFiles/blink.dir/D_/Raspberry/RP2040/pico-sdk/lib/tinyusb/src/portable/raspberrypi/rp2040/dcd_rp2040.c.obj
 .text.dcd_int_enable
                0x10005140       0x2c CMakeFiles/blink.dir/D_/Raspberry/RP2040/pico-sdk/lib/tinyusb/src/portable/raspberrypi/rp2040/dcd_rp2040.c.obj
                0x10005140                dcd_int_enable
 .text.dcd_set_address
                0x1000516c       0x2c CMakeFiles/blink.dir/D_/Raspberry/RP2040/pico-sdk/lib/tinyusb/src/portable/raspberrypi/rp2040/dcd_rp2040.c.obj
                0x1000516c                dcd_set_address
 .text.dcd_connect
                0x10005198       0x10 CMakeFiles/blink.dir/D_/Raspberry/RP2040/pico-sdk/lib/tinyusb/src/portable/raspberrypi/rp2040/dcd_rp2040.c.obj
                0x10005198                dcd_connect
 .text.dcd_init
                0x100051a8       0x7c CMakeFiles/blink.dir/D_/Raspberry/RP2040/pico-sdk/lib/tinyusb/src/portable/raspberrypi/rp2040/dcd_rp2040.c.obj
                0x100051a8                dcd_init
 .text.dcd_edpt0_status_complete
                0x10005224       0x1c CMakeFiles/blink.dir/D_/Raspberry/RP2040/pico-sdk/lib/tinyusb/src/portable/raspberrypi/rp2040/dcd_rp2040.c.obj
                0x10005224                dcd_edpt0_status_complete
 .text.dcd_edpt_open
                0x10005240       0x40 CMakeFiles/blink.dir/D_/Raspberry/RP2040/pico-sdk/lib/tinyusb/src/portable/raspberrypi/rp2040/dcd_rp2040.c.obj
                0x10005240                dcd_edpt_open
 .text.dcd_edpt_close_all
                0x10005280        0x8 CMakeFiles/blink.dir/D_/Raspberry/RP2040/pico-sdk/lib/tinyusb/src/portable/raspberrypi/rp2040/dcd_rp2040.c.obj
                0x10005280                dcd_edpt_close_all
 .text.dcd_edpt_xfer
                0x10005288       0x30 CMakeFiles/blink.dir/D_/Raspberry/RP2040/pico-sdk/lib/tinyusb/src/portable/raspberrypi/rp2040/dcd_rp2040.c.obj
                0x10005288                dcd_edpt_xfer
 .text.dcd_edpt_stall
                0x100052b8       0x2c CMakeFiles/blink.dir/D_/Raspberry/RP2040/pico-sdk/lib/tinyusb/src/portable/raspberrypi/rp2040/dcd_rp2040.c.obj
                0x100052b8                dcd_edpt_stall
 .text.dcd_edpt_clear_stall
                0x100052e4       0x20 CMakeFiles/blink.dir/D_/Raspberry/RP2040/pico-sdk/lib/tinyusb/src/portable/raspberrypi/rp2040/dcd_rp2040.c.obj
                0x100052e4                dcd_edpt_clear_stall
 .text.prepare_ep_buffer
                0x10005304       0x6c CMakeFiles/blink.dir/D_/Raspberry/RP2040/pico-sdk/lib/tinyusb/src/portable/raspberrypi/rp2040/rp2040_usb.c.obj
 .text.sync_ep_buffer
                0x10005370       0x78 CMakeFiles/blink.dir/D_/Raspberry/RP2040/pico-sdk/lib/tinyusb/src/portable/raspberrypi/rp2040/rp2040_usb.c.obj
 .text._hw_endpoint_xfer_sync
                0x100053e8       0x28 CMakeFiles/blink.dir/D_/Raspberry/RP2040/pico-sdk/lib/tinyusb/src/portable/raspberrypi/rp2040/rp2040_usb.c.obj
 .text.rp2040_usb_init
                0x10005410       0x4c CMakeFiles/blink.dir/D_/Raspberry/RP2040/pico-sdk/lib/tinyusb/src/portable/raspberrypi/rp2040/rp2040_usb.c.obj
                0x10005410                rp2040_usb_init
 .text.hw_endpoint_reset_transfer
                0x1000545c        0xc CMakeFiles/blink.dir/D_/Raspberry/RP2040/pico-sdk/lib/tinyusb/src/portable/raspberrypi/rp2040/rp2040_usb.c.obj
                0x1000545c                hw_endpoint_reset_transfer
 .text._hw_endpoint_buffer_control_update32
                0x10005468       0x58 CMakeFiles/blink.dir/D_/Raspberry/RP2040/pico-sdk/lib/tinyusb/src/portable/raspberrypi/rp2040/rp2040_usb.c.obj
                0x10005468                _hw_endpoint_buffer_control_update32
 .text._hw_endpoint_start_next_buffer
                0x100054c0       0x74 CMakeFiles/blink.dir/D_/Raspberry/RP2040/pico-sdk/lib/tinyusb/src/portable/raspberrypi/rp2040/rp2040_usb.c.obj
 .text.hw_endpoint_xfer_start
                0x10005534       0x48 CMakeFiles/blink.dir/D_/Raspberry/RP2040/pico-sdk/lib/tinyusb/src/portable/raspberrypi/rp2040/rp2040_usb.c.obj
                0x10005534                hw_endpoint_xfer_start
 .text.hw_endpoint_xfer_continue
                0x1000557c       0x38 CMakeFiles/blink.dir/D_/Raspberry/RP2040/pico-sdk/lib/tinyusb/src/portable/raspberrypi/rp2040/rp2040_usb.c.obj
                0x1000557c                hw_endpoint_xfer_continue
 .text.configuration_reset
                0x100055b4       0x84 CMakeFiles/blink.dir/D_/Raspberry/RP2040/pico-sdk/lib/tinyusb/src/device/usbd.c.obj
 .text.usbd_reset
                0x10005638        0xc CMakeFiles/blink.dir/D_/Raspberry/RP2040/pico-sdk/lib/tinyusb/src/device/usbd.c.obj
 .text.invoke_class_control
                0x10005644       0x1a CMakeFiles/blink.dir/D_/Raspberry/RP2040/pico-sdk/lib/tinyusb/src/device/usbd.c.obj
 *fill*         0x1000565e        0x2 
 .text.process_set_config
                0x10005660      0x1b0 CMakeFiles/blink.dir/D_/Raspberry/RP2040/pico-sdk/lib/tinyusb/src/device/usbd.c.obj
 .text.process_get_descriptor
                0x10005810       0xec CMakeFiles/blink.dir/D_/Raspberry/RP2040/pico-sdk/lib/tinyusb/src/device/usbd.c.obj
 .text.tud_mounted
                0x100058fc       0x10 CMakeFiles/blink.dir/D_/Raspberry/RP2040/pico-sdk/lib/tinyusb/src/device/usbd.c.obj
                0x100058fc                tud_mounted
 .text.tud_suspended
                0x1000590c       0x10 CMakeFiles/blink.dir/D_/Raspberry/RP2040/pico-sdk/lib/tinyusb/src/device/usbd.c.obj
                0x1000590c                tud_suspended
 .text.tud_inited
                0x1000591c        0xc CMakeFiles/blink.dir/D_/Raspberry/RP2040/pico-sdk/lib/tinyusb/src/device/usbd.c.obj
                0x1000591c                tud_inited
 .text.tud_init
                0x10005928       0xcc CMakeFiles/blink.dir/D_/Raspberry/RP2040/pico-sdk/lib/tinyusb/src/device/usbd.c.obj
                0x10005928                tud_init
 .text.dcd_event_handler
                0x100059f4      0x1e0 CMakeFiles/blink.dir/D_/Raspberry/RP2040/pico-sdk/lib/tinyusb/src/device/usbd.c.obj
                0x100059f4                dcd_event_handler
 .text.dcd_event_bus_signal
                0x10005bd4       0x26 CMakeFiles/blink.dir/D_/Raspberry/RP2040/pico-sdk/lib/tinyusb/src/device/usbd.c.obj
                0x10005bd4                dcd_event_bus_signal
 .text.dcd_event_bus_reset
                0x10005bfa       0x2a CMakeFiles/blink.dir/D_/Raspberry/RP2040/pico-sdk/lib/tinyusb/src/device/usbd.c.obj
                0x10005bfa                dcd_event_bus_reset
 .text.dcd_event_setup_received
                0x10005c24       0x34 CMakeFiles/blink.dir/D_/Raspberry/RP2040/pico-sdk/lib/tinyusb/src/device/usbd.c.obj
                0x10005c24                dcd_event_setup_received
 .text.dcd_event_xfer_complete
                0x10005c58       0x44 CMakeFiles/blink.dir/D_/Raspberry/RP2040/pico-sdk/lib/tinyusb/src/device/usbd.c.obj
                0x10005c58                dcd_event_xfer_complete
 .text.usbd_edpt_open
                0x10005c9c       0x58 CMakeFiles/blink.dir/D_/Raspberry/RP2040/pico-sdk/lib/tinyusb/src/device/usbd.c.obj
                0x10005c9c                usbd_edpt_open
 .text.usbd_open_edpt_pair
                0x10005cf4       0x8c CMakeFiles/blink.dir/D_/Raspberry/RP2040/pico-sdk/lib/tinyusb/src/device/usbd.c.obj
                0x10005cf4                usbd_open_edpt_pair
 .text.usbd_edpt_claim
                0x10005d80       0x8c CMakeFiles/blink.dir/D_/Raspberry/RP2040/pico-sdk/lib/tinyusb/src/device/usbd.c.obj
                0x10005d80                usbd_edpt_claim
 .text.usbd_edpt_release
                0x10005e0c       0x68 CMakeFiles/blink.dir/D_/Raspberry/RP2040/pico-sdk/lib/tinyusb/src/device/usbd.c.obj
                0x10005e0c                usbd_edpt_release
 .text.usbd_edpt_xfer
                0x10005e74       0x84 CMakeFiles/blink.dir/D_/Raspberry/RP2040/pico-sdk/lib/tinyusb/src/device/usbd.c.obj
                0x10005e74                usbd_edpt_xfer
 .text.usbd_edpt_stall
                0x10005ef8       0x40 CMakeFiles/blink.dir/D_/Raspberry/RP2040/pico-sdk/lib/tinyusb/src/device/usbd.c.obj
                0x10005ef8                usbd_edpt_stall
 .text.usbd_edpt_clear_stall
                0x10005f38       0x40 CMakeFiles/blink.dir/D_/Raspberry/RP2040/pico-sdk/lib/tinyusb/src/device/usbd.c.obj
                0x10005f38                usbd_edpt_clear_stall
 .text.usbd_edpt_stalled
                0x10005f78       0x1c CMakeFiles/blink.dir/D_/Raspberry/RP2040/pico-sdk/lib/tinyusb/src/device/usbd.c.obj
                0x10005f78                usbd_edpt_stalled
 .text.process_control_request
                0x10005f94      0x3b8 CMakeFiles/blink.dir/D_/Raspberry/RP2040/pico-sdk/lib/tinyusb/src/device/usbd.c.obj
 .text.tud_task
                0x1000634c      0x218 CMakeFiles/blink.dir/D_/Raspberry/RP2040/pico-sdk/lib/tinyusb/src/device/usbd.c.obj
                0x1000634c                tud_task
 .text._data_stage_xact
                0x10006564       0x58 CMakeFiles/blink.dir/D_/Raspberry/RP2040/pico-sdk/lib/tinyusb/src/device/usbd_control.c.obj
 .text.tud_control_status
                0x100065bc       0x38 CMakeFiles/blink.dir/D_/Raspberry/RP2040/pico-sdk/lib/tinyusb/src/device/usbd_control.c.obj
                0x100065bc                tud_control_status
 .text.tud_control_xfer
                0x100065f4       0xa8 CMakeFiles/blink.dir/D_/Raspberry/RP2040/pico-sdk/lib/tinyusb/src/device/usbd_control.c.obj
                0x100065f4                tud_control_xfer
 .text.usbd_control_reset
                0x1000669c       0x14 CMakeFiles/blink.dir/D_/Raspberry/RP2040/pico-sdk/lib/tinyusb/src/device/usbd_control.c.obj
                0x1000669c                usbd_control_reset
 .text.usbd_control_set_complete_callback
                0x100066b0        0xc CMakeFiles/blink.dir/D_/Raspberry/RP2040/pico-sdk/lib/tinyusb/src/device/usbd_control.c.obj
                0x100066b0                usbd_control_set_complete_callback
 .text.usbd_control_set_request
                0x100066bc       0x1c CMakeFiles/blink.dir/D_/Raspberry/RP2040/pico-sdk/lib/tinyusb/src/device/usbd_control.c.obj
                0x100066bc                usbd_control_set_request
 .text.usbd_control_xfer_cb
                0x100066d8       0xfc CMakeFiles/blink.dir/D_/Raspberry/RP2040/pico-sdk/lib/tinyusb/src/device/usbd_control.c.obj
                0x100066d8                usbd_control_xfer_cb
 .text._prep_out_transaction
                0x100067d4       0x46 CMakeFiles/blink.dir/D_/Raspberry/RP2040/pico-sdk/lib/tinyusb/src/class/cdc/cdc_device.c.obj
 *fill*         0x1000681a        0x2 
 .text.tud_cdc_n_connected
                0x1000681c       0x44 CMakeFiles/blink.dir/D_/Raspberry/RP2040/pico-sdk/lib/tinyusb/src/class/cdc/cdc_device.c.obj
                0x1000681c                tud_cdc_n_connected
 .text.tud_cdc_n_available
                0x10006860       0x18 CMakeFiles/blink.dir/D_/Raspberry/RP2040/pico-sdk/lib/tinyusb/src/class/cdc/cdc_device.c.obj
                0x10006860                tud_cdc_n_available
 .text.tud_cdc_n_read
                0x10006878       0x28 CMakeFiles/blink.dir/D_/Raspberry/RP2040/pico-sdk/lib/tinyusb/src/class/cdc/cdc_device.c.obj
                0x10006878                tud_cdc_n_read
 .text.tud_cdc_n_write_flush
                0x100068a0       0xcc CMakeFiles/blink.dir/D_/Raspberry/RP2040/pico-sdk/lib/tinyusb/src/class/cdc/cdc_device.c.obj
                0x100068a0                tud_cdc_n_write_flush
 .text.tud_cdc_n_write
                0x1000696c       0x38 CMakeFiles/blink.dir/D_/Raspberry/RP2040/pico-sdk/lib/tinyusb/src/class/cdc/cdc_device.c.obj
                0x1000696c                tud_cdc_n_write
 .text.tud_cdc_n_write_available
                0x100069a4       0x1c CMakeFiles/blink.dir/D_/Raspberry/RP2040/pico-sdk/lib/tinyusb/src/class/cdc/cdc_device.c.obj
                0x100069a4                tud_cdc_n_write_available
 .text.cdcd_init
                0x100069c0       0xbc CMakeFiles/blink.dir/D_/Raspberry/RP2040/pico-sdk/lib/tinyusb/src/class/cdc/cdc_device.c.obj
                0x100069c0                cdcd_init
 .text.cdcd_reset
                0x10006a7c       0x44 CMakeFiles/blink.dir/D_/Raspberry/RP2040/pico-sdk/lib/tinyusb/src/class/cdc/cdc_device.c.obj
                0x10006a7c                cdcd_reset
 .text.cdcd_open
                0x10006ac0       0xf8 CMakeFiles/blink.dir/D_/Raspberry/RP2040/pico-sdk/lib/tinyusb/src/class/cdc/cdc_device.c.obj
                0x10006ac0                cdcd_open
 .text.cdcd_control_xfer_cb
                0x10006bb8      0x134 CMakeFiles/blink.dir/D_/Raspberry/RP2040/pico-sdk/lib/tinyusb/src/class/cdc/cdc_device.c.obj
                0x10006bb8                cdcd_control_xfer_cb
 .text.cdcd_xfer_cb
                0x10006cec      0x144 CMakeFiles/blink.dir/D_/Raspberry/RP2040/pico-sdk/lib/tinyusb/src/class/cdc/cdc_device.c.obj
                0x10006cec                cdcd_xfer_cb
 .text.tusb_init
                0x10006e30       0x24 CMakeFiles/blink.dir/D_/Raspberry/RP2040/pico-sdk/lib/tinyusb/src/tusb.c.obj
                0x10006e30                tusb_init
 .text.tusb_inited
                0x10006e54        0xe CMakeFiles/blink.dir/D_/Raspberry/RP2040/pico-sdk/lib/tinyusb/src/tusb.c.obj
                0x10006e54                tusb_inited
 *fill*         0x10006e62        0x2 
 .text.tu_edpt_validate
                0x10006e64       0xa8 CMakeFiles/blink.dir/D_/Raspberry/RP2040/pico-sdk/lib/tinyusb/src/tusb.c.obj
                0x10006e64                tu_edpt_validate
 .text.tu_edpt_bind_driver
                0x10006f0c       0x2a CMakeFiles/blink.dir/D_/Raspberry/RP2040/pico-sdk/lib/tinyusb/src/tusb.c.obj
                0x10006f0c                tu_edpt_bind_driver
 .text.advance_pointer
                0x10006f36       0x18 CMakeFiles/blink.dir/D_/Raspberry/RP2040/pico-sdk/lib/tinyusb/src/common/tusb_fifo.c.obj
 .text.backward_pointer
                0x10006f4e       0x1e CMakeFiles/blink.dir/D_/Raspberry/RP2040/pico-sdk/lib/tinyusb/src/common/tusb_fifo.c.obj
 .text.get_relative_pointer
                0x10006f6c       0x10 CMakeFiles/blink.dir/D_/Raspberry/RP2040/pico-sdk/lib/tinyusb/src/common/tusb_fifo.c.obj
 .text._tu_fifo_peek
                0x10006f7c       0x50 CMakeFiles/blink.dir/D_/Raspberry/RP2040/pico-sdk/lib/tinyusb/src/common/tusb_fifo.c.obj
 .text._ff_pull_const_addr
                0x10006fcc       0x4c CMakeFiles/blink.dir/D_/Raspberry/RP2040/pico-sdk/lib/tinyusb/src/common/tusb_fifo.c.obj
 .text._ff_pull_n
                0x10007018      0x10c CMakeFiles/blink.dir/D_/Raspberry/RP2040/pico-sdk/lib/tinyusb/src/common/tusb_fifo.c.obj
 .text._tu_fifo_peek_n
                0x10007124       0x5e CMakeFiles/blink.dir/D_/Raspberry/RP2040/pico-sdk/lib/tinyusb/src/common/tusb_fifo.c.obj
 .text._tu_fifo_read_n
                0x10007182       0x4e CMakeFiles/blink.dir/D_/Raspberry/RP2040/pico-sdk/lib/tinyusb/src/common/tusb_fifo.c.obj
 .text._ff_push_const_addr
                0x100071d0       0x40 CMakeFiles/blink.dir/D_/Raspberry/RP2040/pico-sdk/lib/tinyusb/src/common/tusb_fifo.c.obj
 .text._ff_push_n
                0x10007210      0x108 CMakeFiles/blink.dir/D_/Raspberry/RP2040/pico-sdk/lib/tinyusb/src/common/tusb_fifo.c.obj
 .text._tu_fifo_write_n
                0x10007318       0x9e CMakeFiles/blink.dir/D_/Raspberry/RP2040/pico-sdk/lib/tinyusb/src/common/tusb_fifo.c.obj
 .text.tu_fifo_config
                0x100073b6       0x72 CMakeFiles/blink.dir/D_/Raspberry/RP2040/pico-sdk/lib/tinyusb/src/common/tusb_fifo.c.obj
                0x100073b6                tu_fifo_config
 .text.tu_fifo_count
                0x10007428       0x26 CMakeFiles/blink.dir/D_/Raspberry/RP2040/pico-sdk/lib/tinyusb/src/common/tusb_fifo.c.obj
                0x10007428                tu_fifo_count
 .text.tu_fifo_empty
                0x1000744e        0xe CMakeFiles/blink.dir/D_/Raspberry/RP2040/pico-sdk/lib/tinyusb/src/common/tusb_fifo.c.obj
                0x1000744e                tu_fifo_empty
 .text.tu_fifo_remaining
                0x1000745c       0x20 CMakeFiles/blink.dir/D_/Raspberry/RP2040/pico-sdk/lib/tinyusb/src/common/tusb_fifo.c.obj
                0x1000745c                tu_fifo_remaining
 .text.tu_fifo_read
                0x1000747c       0x42 CMakeFiles/blink.dir/D_/Raspberry/RP2040/pico-sdk/lib/tinyusb/src/common/tusb_fifo.c.obj
                0x1000747c                tu_fifo_read
 .text.tu_fifo_read_n
                0x100074be        0xa CMakeFiles/blink.dir/D_/Raspberry/RP2040/pico-sdk/lib/tinyusb/src/common/tusb_fifo.c.obj
                0x100074be                tu_fifo_read_n
 .text.tu_fifo_write
                0x100074c8       0x6a CMakeFiles/blink.dir/D_/Raspberry/RP2040/pico-sdk/lib/tinyusb/src/common/tusb_fifo.c.obj
                0x100074c8                tu_fifo_write
 .text.tu_fifo_write_n
                0x10007532        0xa CMakeFiles/blink.dir/D_/Raspberry/RP2040/pico-sdk/lib/tinyusb/src/common/tusb_fifo.c.obj
                0x10007532                tu_fifo_write_n
 .text.tu_fifo_clear
                0x1000753c       0x4c CMakeFiles/blink.dir/D_/Raspberry/RP2040/pico-sdk/lib/tinyusb/src/common/tusb_fifo.c.obj
                0x1000753c                tu_fifo_clear
 .text.tu_fifo_set_overwritable
                0x10007588       0x3c CMakeFiles/blink.dir/D_/Raspberry/RP2040/pico-sdk/lib/tinyusb/src/common/tusb_fifo.c.obj
                0x10007588                tu_fifo_set_overwritable
 .text._retrieve_unique_id_on_boot
                0x100075c4       0x10 CMakeFiles/blink.dir/D_/Raspberry/RP2040/pico-sdk/src/rp2_common/pico_unique_id/unique_id.c.obj
 .text.pico_get_unique_board_id_string
                0x100075d4       0x5c CMakeFiles/blink.dir/D_/Raspberry/RP2040/pico-sdk/src/rp2_common/pico_unique_id/unique_id.c.obj
                0x100075d4                pico_get_unique_board_id_string
 .text.flash_get_unique_id
                0x10007630       0x46 CMakeFiles/blink.dir/D_/Raspberry/RP2040/pico-sdk/src/rp2_common/hardware_flash/flash.c.obj
                0x10007630                flash_get_unique_id
 .text.spi_set_baudrate
                0x10007676       0x92 CMakeFiles/blink.dir/D_/Raspberry/RP2040/pico-sdk/src/rp2_common/hardware_spi/spi.c.obj
                0x10007676                spi_set_baudrate
 .text.spi_init
                0x10007708       0x68 CMakeFiles/blink.dir/D_/Raspberry/RP2040/pico-sdk/src/rp2_common/hardware_spi/spi.c.obj
                0x10007708                spi_init
 .text.atoi     0x10007770        0xc d:/arm toolchain/11.3 rel1/bin/../lib/gcc/arm-none-eabi/11.3.1/thumb/v6-m/nofp\libg.a(libc_a-atoi.o)
                0x10007770                atoi
 .text._strtol_l.constprop.0
                0x1000777c      0x16c d:/arm toolchain/11.3 rel1/bin/../lib/gcc/arm-none-eabi/11.3.1/thumb/v6-m/nofp\libg.a(libc_a-strtol.o)
 .text.strtol   0x100078e8       0x18 d:/arm toolchain/11.3 rel1/bin/../lib/gcc/arm-none-eabi/11.3.1/thumb/v6-m/nofp\libg.a(libc_a-strtol.o)
                0x100078e8                strtol
 .text.strtok   0x10007900       0x14 d:/arm toolchain/11.3 rel1/bin/../lib/gcc/arm-none-eabi/11.3.1/thumb/v6-m/nofp\libg.a(libc_a-strtok.o)
                0x10007900                strtok
 .text.__strtok_r
                0x10007914       0x6c d:/arm toolchain/11.3 rel1/bin/../lib/gcc/arm-none-eabi/11.3.1/thumb/v6-m/nofp\libg.a(libc_a-strtok_r.o)
                0x10007914                __strtok_r
 .text.__errno  0x10007980        0xc d:/arm toolchain/11.3 rel1/bin/../lib/gcc/arm-none-eabi/11.3.1/thumb/v6-m/nofp\libg.a(libc_a-errno.o)
                0x10007980                __errno
 .text.strlen   0x1000798c       0x5c d:/arm toolchain/11.3 rel1/bin/../lib/gcc/arm-none-eabi/11.3.1/thumb/v6-m/nofp\libg.a(libc_a-strlen-stub.o)
                0x1000798c                strlen
 *(.fini)
 .fini          0x100079e8        0x4 d:/arm toolchain/11.3 rel1/bin/../lib/gcc/arm-none-eabi/11.3.1/thumb/v6-m/nofp/crti.o
                0x100079e8                _fini
 *fill*         0x100079ec        0x4 
 .fini.__stub   0x100079f0       0x90 linker stubs
 *crtbegin.o(.ctors)
 *crtbegin?.o(.ctors)
 *(EXCLUDE_FILE(*crtend.o *crtend?.o) .ctors)
 *(SORT_BY_NAME(.ctors.*))
 *(.ctors)
 *crtbegin.o(.dtors)
 *crtbegin?.o(.dtors)
 *(EXCLUDE_FILE(*crtend.o *crtend?.o) .dtors)
 *(SORT_BY_NAME(.dtors.*))
 *(.dtors)
 *(.eh_frame*)
 .eh_frame      0x10007a80        0x0 d:/arm toolchain/11.3 rel1/bin/../lib/gcc/arm-none-eabi/11.3.1/thumb/v6-m/nofp/crtbegin.o
                0x10007a80                . = ALIGN (0x4)

.glue_7         0x10007a80        0x0
 .glue_7        0x10007a80        0x0 linker stubs

.glue_7t        0x10007a80        0x0
 .glue_7t       0x10007a80        0x0 linker stubs

.vfp11_veneer   0x10007a80        0x0
 .vfp11_veneer  0x10007a80        0x0 linker stubs

.v4_bx          0x10007a80        0x0
 .v4_bx         0x10007a80        0x0 linker stubs

.iplt           0x10007a80        0x0
 .iplt          0x10007a80        0x0 d:/arm toolchain/11.3 rel1/bin/../lib/gcc/arm-none-eabi/11.3.1/thumb/v6-m/nofp/crtbegin.o

.rodata         0x10007a80     0x185c
 *(EXCLUDE_FILE(*libm.a: *libc.a:*lib_a-mem*.o *libgcc.a:) .rodata*)
 .rodata.config.str1.4
                0x10007a80        0x6 CMakeFiles/blink.dir/main.c.obj
 *fill*         0x10007a86        0x2 
 .rodata.main.str1.4
                0x10007a88       0x6f CMakeFiles/blink.dir/main.c.obj
 *fill*         0x10007af7        0x1 
 .rodata.main   0x10007af8       0x1c CMakeFiles/blink.dir/main.c.obj
 .rodata.spin_lock_claim_unused.str1.4
                0x10007b14       0x1b CMakeFiles/blink.dir/D_/Raspberry/RP2040/pico-sdk/src/rp2_common/hardware_sync/sync.c.obj
 *fill*         0x10007b2f        0x1 
 .rodata.make_branch.str1.4
                0x10007b30       0x6f CMakeFiles/blink.dir/D_/Raspberry/RP2040/pico-sdk/src/rp2_common/hardware_irq/irq.c.obj
 *fill*         0x10007b9f        0x1 
 .rodata.insert_branch_and_link.str1.4
                0x10007ba0       0x10 CMakeFiles/blink.dir/D_/Raspberry/RP2040/pico-sdk/src/rp2_common/hardware_irq/irq.c.obj
 .rodata.irq_set_exclusive_handler.str1.4
                0x10007bb0       0x36 CMakeFiles/blink.dir/D_/Raspberry/RP2040/pico-sdk/src/rp2_common/hardware_irq/irq.c.obj
 *fill*         0x10007be6        0x2 
 .rodata.irq_add_shared_handler.str1.4
                0x10007be8       0xd9 CMakeFiles/blink.dir/D_/Raspberry/RP2040/pico-sdk/src/rp2_common/hardware_irq/irq.c.obj
 *fill*         0x10007cc1        0x3 
 .rodata.irq_remove_handler.str1.4
                0x10007cc4       0x2a CMakeFiles/blink.dir/D_/Raspberry/RP2040/pico-sdk/src/rp2_common/hardware_irq/irq.c.obj
 *fill*         0x10007cee        0x2 
 .rodata.irq_add_tail_to_free_list.str1.4
                0x10007cf0       0x3a CMakeFiles/blink.dir/D_/Raspberry/RP2040/pico-sdk/src/rp2_common/hardware_irq/irq.c.obj
 *fill*         0x10007d2a        0x2 
 .rodata.user_irq_claim_unused.str1.4
                0x10007d2c       0x1b CMakeFiles/blink.dir/D_/Raspberry/RP2040/pico-sdk/src/rp2_common/hardware_irq/irq.c.obj
 *fill*         0x10007d47        0x1 
 .rodata.__func__.0
                0x10007d48       0x1a CMakeFiles/blink.dir/D_/Raspberry/RP2040/pico-sdk/src/rp2_common/hardware_irq/irq.c.obj
 *fill*         0x10007d62        0x2 
 .rodata.__func__.1
                0x10007d64       0x17 CMakeFiles/blink.dir/D_/Raspberry/RP2040/pico-sdk/src/rp2_common/hardware_irq/irq.c.obj
 *fill*         0x10007d7b        0x1 
 .rodata.__func__.2
                0x10007d7c       0x13 CMakeFiles/blink.dir/D_/Raspberry/RP2040/pico-sdk/src/rp2_common/hardware_irq/irq.c.obj
 *fill*         0x10007d8f        0x1 
 .rodata.__func__.3
                0x10007d90        0xc CMakeFiles/blink.dir/D_/Raspberry/RP2040/pico-sdk/src/rp2_common/hardware_irq/irq.c.obj
 .rodata.__func__.4
                0x10007d9c        0xf CMakeFiles/blink.dir/D_/Raspberry/RP2040/pico-sdk/src/rp2_common/hardware_irq/irq.c.obj
 *fill*         0x10007dab        0x1 
 .rodata.__func__.5
                0x10007dac       0x17 CMakeFiles/blink.dir/D_/Raspberry/RP2040/pico-sdk/src/rp2_common/hardware_irq/irq.c.obj
 *fill*         0x10007dc3        0x1 
 .rodata.__func__.6
                0x10007dc4       0x1a CMakeFiles/blink.dir/D_/Raspberry/RP2040/pico-sdk/src/rp2_common/hardware_irq/irq.c.obj
 *fill*         0x10007dde        0x2 
 .rodata.repeating_timer_callback.str1.4
                0x10007de0       0x4d CMakeFiles/blink.dir/D_/Raspberry/RP2040/pico-sdk/src/common/pico_time/time.c.obj
 *fill*         0x10007e2d        0x3 
 .rodata.alarm_pool_dump_key.str1.4
                0x10007e30       0x33 CMakeFiles/blink.dir/D_/Raspberry/RP2040/pico-sdk/src/common/pico_time/time.c.obj
 *fill*         0x10007e63        0x1 
 .rodata.ph_add_child_node.str1.4
                0x10007e64       0x96 CMakeFiles/blink.dir/D_/Raspberry/RP2040/pico-sdk/src/common/pico_time/time.c.obj
 *fill*         0x10007efa        0x2 
 .rodata.add_alarm_under_lock.str1.4
                0x10007efc       0x28 CMakeFiles/blink.dir/D_/Raspberry/RP2040/pico-sdk/src/common/pico_time/time.c.obj
                                 0x2b (size before relaxing)
 .rodata.alarm_pool_alarm_callback.str1.4
                0x10007f24       0xe6 CMakeFiles/blink.dir/D_/Raspberry/RP2040/pico-sdk/src/common/pico_time/time.c.obj
 *fill*         0x1000800a        0x2 
 .rodata.alarm_pool_get_default.str1.4
                0x1000800c       0x21 CMakeFiles/blink.dir/D_/Raspberry/RP2040/pico-sdk/src/common/pico_time/time.c.obj
 *fill*         0x1000802d        0x3 
 .rodata.alarm_pool_cancel_alarm.str1.4
                0x10008030       0x27 CMakeFiles/blink.dir/D_/Raspberry/RP2040/pico-sdk/src/common/pico_time/time.c.obj
 *fill*         0x10008057        0x1 
 .rodata.sleep_until.str1.4
                0x10008058       0x4d CMakeFiles/blink.dir/D_/Raspberry/RP2040/pico-sdk/src/common/pico_time/time.c.obj
 *fill*         0x100080a5        0x3 
 .rodata.__func__.0
                0x100080a8       0x19 CMakeFiles/blink.dir/D_/Raspberry/RP2040/pico-sdk/src/common/pico_time/time.c.obj
 *fill*         0x100080c1        0x3 
 .rodata.__func__.1
                0x100080c4       0x18 CMakeFiles/blink.dir/D_/Raspberry/RP2040/pico-sdk/src/common/pico_time/time.c.obj
 .rodata.__func__.10
                0x100080dc       0x15 CMakeFiles/blink.dir/D_/Raspberry/RP2040/pico-sdk/src/common/pico_time/time.c.obj
 *fill*         0x100080f1        0x3 
 .rodata.__func__.11
                0x100080f4       0x1a CMakeFiles/blink.dir/D_/Raspberry/RP2040/pico-sdk/src/common/pico_time/time.c.obj
 *fill*         0x1000810e        0x2 
 .rodata.__func__.12
                0x10008110        0xa CMakeFiles/blink.dir/D_/Raspberry/RP2040/pico-sdk/src/common/pico_time/time.c.obj
 *fill*         0x1000811a        0x2 
 .rodata.__func__.3
                0x1000811c       0x17 CMakeFiles/blink.dir/D_/Raspberry/RP2040/pico-sdk/src/common/pico_time/time.c.obj
 *fill*         0x10008133        0x1 
 .rodata.__func__.4
                0x10008134       0x12 CMakeFiles/blink.dir/D_/Raspberry/RP2040/pico-sdk/src/common/pico_time/time.c.obj
 *fill*         0x10008146        0x2 
 .rodata.__func__.5
                0x10008148        0xd CMakeFiles/blink.dir/D_/Raspberry/RP2040/pico-sdk/src/common/pico_time/time.c.obj
 *fill*         0x10008155        0x3 
 .rodata.__func__.6
                0x10008158       0x12 CMakeFiles/blink.dir/D_/Raspberry/RP2040/pico-sdk/src/common/pico_time/time.c.obj
 *fill*         0x1000816a        0x2 
 .rodata.__func__.7
                0x1000816c        0xf CMakeFiles/blink.dir/D_/Raspberry/RP2040/pico-sdk/src/common/pico_time/time.c.obj
 *fill*         0x1000817b        0x1 
 .rodata.__func__.8
                0x1000817c        0xc CMakeFiles/blink.dir/D_/Raspberry/RP2040/pico-sdk/src/common/pico_time/time.c.obj
 .rodata.__func__.9
                0x10008188       0x15 CMakeFiles/blink.dir/D_/Raspberry/RP2040/pico-sdk/src/common/pico_time/time.c.obj
 *fill*         0x1000819d        0x3 
 .rodata.hardware_alarm_claim.str1.4
                0x100081a0       0x22 CMakeFiles/blink.dir/D_/Raspberry/RP2040/pico-sdk/src/rp2_common/hardware_timer/timer.c.obj
 *fill*         0x100081c2        0x2 
 .rodata.hardware_alarm_set_target.str1.4
                0x100081c4       0x67 CMakeFiles/blink.dir/D_/Raspberry/RP2040/pico-sdk/src/rp2_common/hardware_timer/timer.c.obj
 *fill*         0x1000822b        0x1 
 .rodata.__func__.0
                0x1000822c       0x1a CMakeFiles/blink.dir/D_/Raspberry/RP2040/pico-sdk/src/rp2_common/hardware_timer/timer.c.obj
 .rodata.ph_add_child_node.str1.4
                0x10008246       0x96 CMakeFiles/blink.dir/D_/Raspberry/RP2040/pico-sdk/src/common/pico_util/pheap.c.obj
 *fill*         0x10008246        0x2 
 .rodata.ph_remove_any_head.str1.4
                0x10008248       0x90 CMakeFiles/blink.dir/D_/Raspberry/RP2040/pico-sdk/src/common/pico_util/pheap.c.obj
 .rodata.ph_remove_and_free_node.str1.4
                0x100082d8       0x1e CMakeFiles/blink.dir/D_/Raspberry/RP2040/pico-sdk/src/common/pico_util/pheap.c.obj
                                 0x26 (size before relaxing)
 *fill*         0x100082f6        0x2 
 .rodata.__func__.0
                0x100082f8       0x18 CMakeFiles/blink.dir/D_/Raspberry/RP2040/pico-sdk/src/common/pico_util/pheap.c.obj
 .rodata.__func__.1
                0x10008310       0x13 CMakeFiles/blink.dir/D_/Raspberry/RP2040/pico-sdk/src/common/pico_util/pheap.c.obj
 *fill*         0x10008323        0x1 
 .rodata.__func__.2
                0x10008324       0x12 CMakeFiles/blink.dir/D_/Raspberry/RP2040/pico-sdk/src/common/pico_util/pheap.c.obj
 *fill*         0x10008336        0x2 
 .rodata.__func__.3
                0x10008338        0xc CMakeFiles/blink.dir/D_/Raspberry/RP2040/pico-sdk/src/common/pico_util/pheap.c.obj
 .rodata.str1.4
                0x10008344       0x8d CMakeFiles/blink.dir/D_/Raspberry/RP2040/pico-sdk/src/common/pico_sync/mutex.c.obj
                                 0xf1 (size before relaxing)
 *fill*         0x100083d1        0x3 
 .rodata.__func__.1
                0x100083d4        0xb CMakeFiles/blink.dir/D_/Raspberry/RP2040/pico-sdk/src/common/pico_sync/mutex.c.obj
 *fill*         0x100083df        0x1 
 .rodata.__func__.3
                0x100083e0       0x18 CMakeFiles/blink.dir/D_/Raspberry/RP2040/pico-sdk/src/common/pico_sync/mutex.c.obj
 .rodata.__func__.4
                0x100083f8       0x15 CMakeFiles/blink.dir/D_/Raspberry/RP2040/pico-sdk/src/common/pico_sync/mutex.c.obj
 *fill*         0x1000840d        0x3 
 .rodata.__assert_func.str1.4
                0x10008410       0x3f CMakeFiles/blink.dir/D_/Raspberry/RP2040/pico-sdk/src/rp2_common/pico_runtime/runtime.c.obj
                                 0x43 (size before relaxing)
 *fill*         0x1000844f        0x1 
 .rodata.runtime_init.str1.4
                0x10008450       0x63 CMakeFiles/blink.dir/D_/Raspberry/RP2040/pico-sdk/src/rp2_common/pico_runtime/runtime.c.obj
 *fill*         0x100084b3        0x1 
 .rodata.panic.str1.4
                0x100084b4       0x12 CMakeFiles/blink.dir/D_/Raspberry/RP2040/pico-sdk/src/rp2_common/pico_runtime/runtime.c.obj
 *fill*         0x100084c6        0x2 
 .rodata.__func__.1
                0x100084c8        0xd CMakeFiles/blink.dir/D_/Raspberry/RP2040/pico-sdk/src/rp2_common/pico_runtime/runtime.c.obj
 *fill*         0x100084d5        0x3 
 .rodata.clock_configure.str1.4
                0x100084d8       0x59 CMakeFiles/blink.dir/D_/Raspberry/RP2040/pico-sdk/src/rp2_common/hardware_clocks/clocks.c.obj
 *fill*         0x10008531        0x3 
 .rodata.__func__.1
                0x10008534       0x10 CMakeFiles/blink.dir/D_/Raspberry/RP2040/pico-sdk/src/rp2_common/hardware_clocks/clocks.c.obj
 .rodata.pll_init.str1.4
                0x10008544      0x13b CMakeFiles/blink.dir/D_/Raspberry/RP2040/pico-sdk/src/rp2_common/hardware_pll/pll.c.obj
 *fill*         0x1000867f        0x1 
 .rodata.__func__.0
                0x10008680        0x9 CMakeFiles/blink.dir/D_/Raspberry/RP2040/pico-sdk/src/rp2_common/hardware_pll/pll.c.obj
 *fill*         0x10008689        0x3 
 .rodata._ftoa.str1.4
                0x1000868c       0x15 CMakeFiles/blink.dir/D_/Raspberry/RP2040/pico-sdk/src/rp2_common/pico_printf/printf.c.obj
 *fill*         0x100086a1        0x3 
 .rodata._vsnprintf
                0x100086a4      0x19c CMakeFiles/blink.dir/D_/Raspberry/RP2040/pico-sdk/src/rp2_common/pico_printf/printf.c.obj
 .rodata.pow10.0
                0x10008840       0x50 CMakeFiles/blink.dir/D_/Raspberry/RP2040/pico-sdk/src/rp2_common/pico_printf/printf.c.obj
 .rodata.__aeabi_double_init.str1.4
                0x10008890       0xaa CMakeFiles/blink.dir/D_/Raspberry/RP2040/pico-sdk/src/rp2_common/pico_double/double_init_rom.c.obj
 *fill*         0x1000893a        0x2 
 .rodata.__func__.0
                0x1000893c       0x14 CMakeFiles/blink.dir/D_/Raspberry/RP2040/pico-sdk/src/rp2_common/pico_double/double_init_rom.c.obj
 .rodata.__aeabi_float_init.str1.4
                0x10008950       0x7c CMakeFiles/blink.dir/D_/Raspberry/RP2040/pico-sdk/src/rp2_common/pico_float/float_init_rom.c.obj
                                 0x80 (size before relaxing)
 .rodata.__func__.0
                0x100089cc       0x13 CMakeFiles/blink.dir/D_/Raspberry/RP2040/pico-sdk/src/rp2_common/pico_float/float_init_rom.c.obj
 *fill*         0x100089df        0x1 
 .rodata.str1.4
                0x100089e0       0x3c CMakeFiles/blink.dir/D_/Raspberry/RP2040/pico-sdk/src/rp2_common/pico_standard_link/binary_info.c.obj
 .rodata.__bi_44
                0x10008a1c        0xc CMakeFiles/blink.dir/D_/Raspberry/RP2040/pico-sdk/src/rp2_common/pico_standard_link/binary_info.c.obj
 .rodata.__bi_75
                0x10008a28        0xc CMakeFiles/blink.dir/D_/Raspberry/RP2040/pico-sdk/src/rp2_common/pico_standard_link/binary_info.c.obj
 .rodata.__bi_81
                0x10008a34        0xc CMakeFiles/blink.dir/D_/Raspberry/RP2040/pico-sdk/src/rp2_common/pico_standard_link/binary_info.c.obj
 .rodata.crlf_str.3
                0x10008a40        0x2 CMakeFiles/blink.dir/D_/Raspberry/RP2040/pico-sdk/src/rp2_common/pico_stdio/stdio.c.obj
 *fill*         0x10008a42        0x2 
 .rodata._resetd_driver
                0x10008a44       0x18 CMakeFiles/blink.dir/D_/Raspberry/RP2040/pico-sdk/src/rp2_common/pico_stdio_usb/reset_interface.c.obj
 .rodata.timer_task.str1.4
                0x10008a5c       0x6f CMakeFiles/blink.dir/D_/Raspberry/RP2040/pico-sdk/src/rp2_common/pico_stdio_usb/stdio_usb.c.obj
 .rodata.stdio_usb_init.str1.4
                0x10008acb       0x63 CMakeFiles/blink.dir/D_/Raspberry/RP2040/pico-sdk/src/rp2_common/pico_stdio_usb/stdio_usb.c.obj
 *fill*         0x10008acb        0x1 
 .rodata.str1.4
                0x10008acc       0x13 CMakeFiles/blink.dir/D_/Raspberry/RP2040/pico-sdk/src/rp2_common/pico_stdio_usb/stdio_usb.c.obj
 *fill*         0x10008adf        0x1 
 .rodata.__bi_118.2
                0x10008ae0        0xc CMakeFiles/blink.dir/D_/Raspberry/RP2040/pico-sdk/src/rp2_common/pico_stdio_usb/stdio_usb.c.obj
 .rodata.__func__.0
                0x10008aec       0x15 CMakeFiles/blink.dir/D_/Raspberry/RP2040/pico-sdk/src/rp2_common/pico_stdio_usb/stdio_usb.c.obj
 *fill*         0x10008b01        0x3 
 .rodata.__func__.1
                0x10008b04        0xb CMakeFiles/blink.dir/D_/Raspberry/RP2040/pico-sdk/src/rp2_common/pico_stdio_usb/stdio_usb.c.obj
 *fill*         0x10008b0f        0x1 
 .rodata.str1.4
                0x10008b10       0x2a CMakeFiles/blink.dir/D_/Raspberry/RP2040/pico-sdk/src/rp2_common/pico_stdio_usb/stdio_usb_descriptors.c.obj
 *fill*         0x10008b3a        0x2 
 .rodata.usbd_desc_cfg
                0x10008b3c       0x54 CMakeFiles/blink.dir/D_/Raspberry/RP2040/pico-sdk/src/rp2_common/pico_stdio_usb/stdio_usb_descriptors.c.obj
 .rodata.usbd_desc_device
                0x10008b90       0x12 CMakeFiles/blink.dir/D_/Raspberry/RP2040/pico-sdk/src/rp2_common/pico_stdio_usb/stdio_usb_descriptors.c.obj
 *fill*         0x10008ba2        0x2 
 .rodata.usbd_desc_str
                0x10008ba4       0x18 CMakeFiles/blink.dir/D_/Raspberry/RP2040/pico-sdk/src/rp2_common/pico_stdio_usb/stdio_usb_descriptors.c.obj
 .rodata._hw_endpoint_alloc.str1.4
                0x10008bbc       0xb9 CMakeFiles/blink.dir/D_/Raspberry/RP2040/pico-sdk/lib/tinyusb/src/portable/raspberrypi/rp2040/dcd_rp2040.c.obj
 *fill*         0x10008c75        0x3 
 .rodata.dcd_rp2040_irq.str1.4
                0x10008c78       0x14 CMakeFiles/blink.dir/D_/Raspberry/RP2040/pico-sdk/lib/tinyusb/src/portable/raspberrypi/rp2040/dcd_rp2040.c.obj
 .rodata.dcd_int_enable.str1.4
                0x10008c8c        0xc CMakeFiles/blink.dir/D_/Raspberry/RP2040/pico-sdk/lib/tinyusb/src/portable/raspberrypi/rp2040/dcd_rp2040.c.obj
 .rodata.__func__.0
                0x10008c98        0xe CMakeFiles/blink.dir/D_/Raspberry/RP2040/pico-sdk/lib/tinyusb/src/portable/raspberrypi/rp2040/dcd_rp2040.c.obj
 *fill*         0x10008ca6        0x2 
 .rodata.__func__.1
                0x10008ca8        0xe CMakeFiles/blink.dir/D_/Raspberry/RP2040/pico-sdk/lib/tinyusb/src/portable/raspberrypi/rp2040/dcd_rp2040.c.obj
 *fill*         0x10008cb6        0x2 
 .rodata.__func__.3
                0x10008cb8       0x10 CMakeFiles/blink.dir/D_/Raspberry/RP2040/pico-sdk/lib/tinyusb/src/portable/raspberrypi/rp2040/dcd_rp2040.c.obj
 .rodata.__func__.5
                0x10008cc8        0xf CMakeFiles/blink.dir/D_/Raspberry/RP2040/pico-sdk/lib/tinyusb/src/portable/raspberrypi/rp2040/dcd_rp2040.c.obj
 *fill*         0x10008cd7        0x1 
 .rodata.__func__.6
                0x10008cd8       0x13 CMakeFiles/blink.dir/D_/Raspberry/RP2040/pico-sdk/lib/tinyusb/src/portable/raspberrypi/rp2040/dcd_rp2040.c.obj
 *fill*         0x10008ceb        0x1 
 .rodata.__func__.7
                0x10008cec        0x9 CMakeFiles/blink.dir/D_/Raspberry/RP2040/pico-sdk/lib/tinyusb/src/portable/raspberrypi/rp2040/dcd_rp2040.c.obj
 *fill*         0x10008cf5        0x3 
 .rodata.sync_ep_buffer.str1.4
                0x10008cf8       0x95 CMakeFiles/blink.dir/D_/Raspberry/RP2040/pico-sdk/lib/tinyusb/src/portable/raspberrypi/rp2040/rp2040_usb.c.obj
 *fill*         0x10008d8d        0x3 
 .rodata._hw_endpoint_buffer_control_update32.str1.4
                0x10008d90       0x1f CMakeFiles/blink.dir/D_/Raspberry/RP2040/pico-sdk/lib/tinyusb/src/portable/raspberrypi/rp2040/rp2040_usb.c.obj
 *fill*         0x10008daf        0x1 
 .rodata.hw_endpoint_xfer_start.str1.4
                0x10008db0       0x38 CMakeFiles/blink.dir/D_/Raspberry/RP2040/pico-sdk/lib/tinyusb/src/portable/raspberrypi/rp2040/rp2040_usb.c.obj
 .rodata.hw_endpoint_xfer_continue.str1.4
                0x10008de8       0x29 CMakeFiles/blink.dir/D_/Raspberry/RP2040/pico-sdk/lib/tinyusb/src/portable/raspberrypi/rp2040/rp2040_usb.c.obj
 *fill*         0x10008e11        0x3 
 .rodata.str1.4
                0x10008e14        0x7 CMakeFiles/blink.dir/D_/Raspberry/RP2040/pico-sdk/lib/tinyusb/src/portable/raspberrypi/rp2040/rp2040_usb.c.obj
 *fill*         0x10008e1b        0x1 
 .rodata.__func__.0
                0x10008e1c        0xf CMakeFiles/blink.dir/D_/Raspberry/RP2040/pico-sdk/lib/tinyusb/src/portable/raspberrypi/rp2040/rp2040_usb.c.obj
 *fill*         0x10008e2b        0x1 
 .rodata.process_set_config.str1.4
                0x10008e2c       0x17 CMakeFiles/blink.dir/D_/Raspberry/RP2040/pico-sdk/lib/tinyusb/src/device/usbd.c.obj
 *fill*         0x10008e43        0x1 
 .rodata.process_get_descriptor
                0x10008e44       0x40 CMakeFiles/blink.dir/D_/Raspberry/RP2040/pico-sdk/lib/tinyusb/src/device/usbd.c.obj
 .rodata.process_control_request
                0x10008e84       0x28 CMakeFiles/blink.dir/D_/Raspberry/RP2040/pico-sdk/lib/tinyusb/src/device/usbd.c.obj
 .rodata.tud_task
                0x10008eac       0x24 CMakeFiles/blink.dir/D_/Raspberry/RP2040/pico-sdk/lib/tinyusb/src/device/usbd.c.obj
 .rodata.__func__.2
                0x10008ed0        0xf CMakeFiles/blink.dir/D_/Raspberry/RP2040/pico-sdk/lib/tinyusb/src/device/usbd.c.obj
 *fill*         0x10008edf        0x1 
 .rodata.__func__.3
                0x10008ee0        0xf CMakeFiles/blink.dir/D_/Raspberry/RP2040/pico-sdk/lib/tinyusb/src/device/usbd.c.obj
 *fill*         0x10008eef        0x1 
 .rodata.__func__.4
                0x10008ef0       0x14 CMakeFiles/blink.dir/D_/Raspberry/RP2040/pico-sdk/lib/tinyusb/src/device/usbd.c.obj
 .rodata.__func__.5
                0x10008f04       0x10 CMakeFiles/blink.dir/D_/Raspberry/RP2040/pico-sdk/lib/tinyusb/src/device/usbd.c.obj
 .rodata.__func__.6
                0x10008f14       0x17 CMakeFiles/blink.dir/D_/Raspberry/RP2040/pico-sdk/lib/tinyusb/src/device/usbd.c.obj
 *fill*         0x10008f2b        0x1 
 .rodata.__func__.7
                0x10008f2c       0x13 CMakeFiles/blink.dir/D_/Raspberry/RP2040/pico-sdk/lib/tinyusb/src/device/usbd.c.obj
 *fill*         0x10008f3f        0x1 
 .rodata.__func__.8
                0x10008f40       0x18 CMakeFiles/blink.dir/D_/Raspberry/RP2040/pico-sdk/lib/tinyusb/src/device/usbd.c.obj
 .rodata.__func__.9
                0x10008f58        0x9 CMakeFiles/blink.dir/D_/Raspberry/RP2040/pico-sdk/lib/tinyusb/src/device/usbd.c.obj
 *fill*         0x10008f61        0x3 
 .rodata._usbd_driver
                0x10008f64       0x18 CMakeFiles/blink.dir/D_/Raspberry/RP2040/pico-sdk/lib/tinyusb/src/device/usbd.c.obj
 .rodata.tud_control_xfer.str1.4
                0x10008f7c       0x17 CMakeFiles/blink.dir/D_/Raspberry/RP2040/pico-sdk/lib/tinyusb/src/device/usbd_control.c.obj
 .rodata.__func__.0
                0x10008f7c       0x15 CMakeFiles/blink.dir/D_/Raspberry/RP2040/pico-sdk/lib/tinyusb/src/device/usbd_control.c.obj
 *fill*         0x10008f91        0x3 
 .rodata.__func__.1
                0x10008f94       0x11 CMakeFiles/blink.dir/D_/Raspberry/RP2040/pico-sdk/lib/tinyusb/src/device/usbd_control.c.obj
 .rodata.tud_cdc_n_write_flush.str1.4
                0x10008fa5       0x17 CMakeFiles/blink.dir/D_/Raspberry/RP2040/pico-sdk/lib/tinyusb/src/class/cdc/cdc_device.c.obj
 *fill*         0x10008fa5        0x3 
 .rodata.__func__.0
                0x10008fa8        0xd CMakeFiles/blink.dir/D_/Raspberry/RP2040/pico-sdk/lib/tinyusb/src/class/cdc/cdc_device.c.obj
 *fill*         0x10008fb5        0x3 
 .rodata.__func__.1
                0x10008fb8        0xa CMakeFiles/blink.dir/D_/Raspberry/RP2040/pico-sdk/lib/tinyusb/src/class/cdc/cdc_device.c.obj
 *fill*         0x10008fc2        0x2 
 .rodata.__func__.2
                0x10008fc4       0x16 CMakeFiles/blink.dir/D_/Raspberry/RP2040/pico-sdk/lib/tinyusb/src/class/cdc/cdc_device.c.obj
 .rodata.tusb_init.str1.4
                0x10008fda       0x17 CMakeFiles/blink.dir/D_/Raspberry/RP2040/pico-sdk/lib/tinyusb/src/tusb.c.obj
 *fill*         0x10008fda        0x2 
 .rodata.__func__.0
                0x10008fdc       0x11 CMakeFiles/blink.dir/D_/Raspberry/RP2040/pico-sdk/lib/tinyusb/src/tusb.c.obj
 *fill*         0x10008fed        0x3 
 .rodata.__func__.1
                0x10008ff0        0xa CMakeFiles/blink.dir/D_/Raspberry/RP2040/pico-sdk/lib/tinyusb/src/tusb.c.obj
 *fill*         0x10008ffa        0x2 
 .rodata.pico_get_unique_board_id_string.str1.4
                0x10008ffc       0x4f CMakeFiles/blink.dir/D_/Raspberry/RP2040/pico-sdk/src/rp2_common/pico_unique_id/unique_id.c.obj
 *fill*         0x1000904b        0x1 
 .rodata.__func__.0
                0x1000904c       0x20 CMakeFiles/blink.dir/D_/Raspberry/RP2040/pico-sdk/src/rp2_common/pico_unique_id/unique_id.c.obj
 .rodata.str1.4
                0x1000906c      0x15a CMakeFiles/blink.dir/D_/Raspberry/RP2040/pico-sdk/src/rp2_common/hardware_flash/flash.c.obj
 *fill*         0x100091c6        0x2 
 .rodata.__func__.0
                0x100091c8        0xd CMakeFiles/blink.dir/D_/Raspberry/RP2040/pico-sdk/src/rp2_common/hardware_flash/flash.c.obj
 *fill*         0x100091d5        0x3 
 .rodata._ctype_
                0x100091d8      0x101 d:/arm toolchain/11.3 rel1/bin/../lib/gcc/arm-none-eabi/11.3.1/thumb/v6-m/nofp\libg.a(libc_a-ctype_.o)
                0x100091d8                _ctype_
                0x100092dc                . = ALIGN (0x4)
 *fill*         0x100092d9        0x3 
 *(SORT_BY_ALIGNMENT(SORT_BY_NAME(.flashdata*)))
                0x100092dc                . = ALIGN (0x4)

.rel.dyn        0x100092dc        0x0
 .rel.iplt      0x100092dc        0x0 d:/arm toolchain/11.3 rel1/bin/../lib/gcc/arm-none-eabi/11.3.1/thumb/v6-m/nofp/crtbegin.o

.ARM.extab
 *(.ARM.extab* .gnu.linkonce.armextab.*)
                0x100092dc                __exidx_start = .

.ARM.exidx
 *(.ARM.exidx* .gnu.linkonce.armexidx.*)
                0x100092dc                __exidx_end = .
                0x100092dc                . = ALIGN (0x4)
                0x100092dc                __binary_info_start = .

.binary_info    0x100092dc       0x20
 *(.binary_info.keep.*)
 .binary_info.keep.__bi_ptr22
                0x100092dc        0x4 CMakeFiles/blink.dir/D_/Raspberry/RP2040/pico-sdk/src/rp2_common/pico_standard_link/binary_info.c.obj
 .binary_info.keep.__bi_ptr30
                0x100092e0        0x4 CMakeFiles/blink.dir/D_/Raspberry/RP2040/pico-sdk/src/rp2_common/pico_standard_link/binary_info.c.obj
 .binary_info.keep.__bi_ptr38
                0x100092e4        0x4 CMakeFiles/blink.dir/D_/Raspberry/RP2040/pico-sdk/src/rp2_common/pico_standard_link/binary_info.c.obj
 .binary_info.keep.__bi_ptr44
                0x100092e8        0x4 CMakeFiles/blink.dir/D_/Raspberry/RP2040/pico-sdk/src/rp2_common/pico_standard_link/binary_info.c.obj
 .binary_info.keep.__bi_ptr50
                0x100092ec        0x4 CMakeFiles/blink.dir/D_/Raspberry/RP2040/pico-sdk/src/rp2_common/pico_standard_link/binary_info.c.obj
 .binary_info.keep.__bi_ptr75
                0x100092f0        0x4 CMakeFiles/blink.dir/D_/Raspberry/RP2040/pico-sdk/src/rp2_common/pico_standard_link/binary_info.c.obj
 .binary_info.keep.__bi_ptr81
                0x100092f4        0x4 CMakeFiles/blink.dir/D_/Raspberry/RP2040/pico-sdk/src/rp2_common/pico_standard_link/binary_info.c.obj
 *(.binary_info.*)
 .binary_info.__bi_ptr118
                0x100092f8        0x4 CMakeFiles/blink.dir/D_/Raspberry/RP2040/pico-sdk/src/rp2_common/pico_stdio_usb/stdio_usb.c.obj
                0x100092fc                __binary_info_end = .
                0x100092fc                . = ALIGN (0x4)
                0x100092fc                __etext = .

.ram_vector_table
                0x20000000       0xc0
 *(.ram_vector_table)
 .ram_vector_table
                0x20000000       0xc0 CMakeFiles/blink.dir/D_/Raspberry/RP2040/pico-sdk/src/rp2_common/pico_runtime/runtime.c.obj
                0x20000000                ram_vector_table

.data           0x200000c0      0x5f4 load address 0x100092fc
                0x200000c0                __data_start__ = .
 *(vtable)
 *(.time_critical*)
 .time_critical.mutex_enter_blocking
                0x200000c0       0x48 CMakeFiles/blink.dir/D_/Raspberry/RP2040/pico-sdk/src/common/pico_sync/mutex.c.obj
                0x200000c0                mutex_enter_blocking
 .time_critical.mutex_try_enter
                0x20000108       0x46 CMakeFiles/blink.dir/D_/Raspberry/RP2040/pico-sdk/src/common/pico_sync/mutex.c.obj
                0x20000108                mutex_try_enter
 *fill*         0x2000014e        0x2 
 .time_critical.mutex_enter_block_until
                0x20000150       0x8c CMakeFiles/blink.dir/D_/Raspberry/RP2040/pico-sdk/src/common/pico_sync/mutex.c.obj
                0x20000150                mutex_enter_block_until
 .time_critical.mutex_enter_timeout_ms
                0x200001dc       0x74 CMakeFiles/blink.dir/D_/Raspberry/RP2040/pico-sdk/src/common/pico_sync/mutex.c.obj
                0x200001dc                mutex_enter_timeout_ms
 .time_critical.mutex_exit
                0x20000250       0x4c CMakeFiles/blink.dir/D_/Raspberry/RP2040/pico-sdk/src/common/pico_sync/mutex.c.obj
                0x20000250                mutex_exit
 .time_critical.flash_init_boot2_copyout
                0x2000029c       0x30 CMakeFiles/blink.dir/D_/Raspberry/RP2040/pico-sdk/src/rp2_common/hardware_flash/flash.c.obj
 .time_critical.flash_enable_xip_via_boot2
                0x200002cc       0x10 CMakeFiles/blink.dir/D_/Raspberry/RP2040/pico-sdk/src/rp2_common/hardware_flash/flash.c.obj
 .time_critical.flash_cs_force
                0x200002dc       0x28 CMakeFiles/blink.dir/D_/Raspberry/RP2040/pico-sdk/src/rp2_common/hardware_flash/flash.c.obj
 .time_critical.flash_do_cmd
                0x20000304       0xd8 CMakeFiles/blink.dir/D_/Raspberry/RP2040/pico-sdk/src/rp2_common/hardware_flash/flash.c.obj
                0x20000304                flash_do_cmd
 .time_critical.spi_write_blocking
                0x200003dc       0x3a CMakeFiles/blink.dir/D_/Raspberry/RP2040/pico-sdk/src/rp2_common/hardware_spi/spi.c.obj
                0x200003dc                spi_write_blocking
 .time_critical.spi_read_blocking
                0x20000416       0x3e CMakeFiles/blink.dir/D_/Raspberry/RP2040/pico-sdk/src/rp2_common/hardware_spi/spi.c.obj
                0x20000416                spi_read_blocking
 *(.text*)
 .text          0x20000454        0x4 d:/arm toolchain/11.3 rel1/bin/../lib/gcc/arm-none-eabi/11.3.1/thumb/v6-m/nofp\libgcc.a(_dvmd_tls.o)
                0x20000454                __aeabi_idiv0
                0x20000454                __aeabi_ldiv0
 .text.__stub   0x20000458       0x40 linker stubs
                0x20000498                . = ALIGN (0x4)
 *(.rodata*)
                0x20000498                . = ALIGN (0x4)
 *(.data*)
 .data.striped_spin_lock_num
                0x20000498        0x1 CMakeFiles/blink.dir/D_/Raspberry/RP2040/pico-sdk/src/rp2_common/hardware_sync/sync.c.obj
 *fill*         0x20000499        0x3 
 .data          0x2000049c       0x48 CMakeFiles/blink.dir/D_/Raspberry/RP2040/pico-sdk/src/rp2_common/hardware_irq/irq_handler_chain.S.obj
                0x2000049c                irq_handler_chain_slots
                0x200004cc                irq_handler_chain_first_slot
                0x200004d6                irq_handler_chain_remove_tail
 .data.default_alarm_pool
                0x200004e4       0x18 CMakeFiles/blink.dir/D_/Raspberry/RP2040/pico-sdk/src/common/pico_time/time.c.obj
 .data.default_alarm_pool_heap
                0x200004fc       0x10 CMakeFiles/blink.dir/D_/Raspberry/RP2040/pico-sdk/src/common/pico_time/time.c.obj
 *fill*         0x2000050c        0x4 
 .data.aeabi_bits_funcs
                0x20000510       0x10 CMakeFiles/blink.dir/D_/Raspberry/RP2040/pico-sdk/src/rp2_common/pico_bit_ops/bit_ops_aeabi.S.obj
                0x20000510                aeabi_bits_funcs
                0x20000520                aeabi_bits_funcs_end
 .data.aeabi_mem_funcs
                0x20000520       0x10 CMakeFiles/blink.dir/D_/Raspberry/RP2040/pico-sdk/src/rp2_common/pico_mem_ops/mem_ops_aeabi.S.obj
                0x20000520                aeabi_mem_funcs
                0x20000530                aeabi_mem_funcs_end
 .data.stdio_usb
                0x20000530       0x14 CMakeFiles/blink.dir/D_/Raspberry/RP2040/pico-sdk/src/rp2_common/pico_stdio_usb/stdio_usb.c.obj
                0x20000530                stdio_usb
 .data.ep_dir_string
                0x20000544        0x8 CMakeFiles/blink.dir/D_/Raspberry/RP2040/pico-sdk/lib/tinyusb/src/portable/raspberrypi/rp2040/rp2040_usb.c.obj
                0x20000544                ep_dir_string
 .data._usbd_qdef
                0x2000054c       0x24 CMakeFiles/blink.dir/D_/Raspberry/RP2040/pico-sdk/lib/tinyusb/src/device/usbd.c.obj
                0x2000054c                _usbd_qdef
 .data._impure_data
                0x20000570      0x120 d:/arm toolchain/11.3 rel1/bin/../lib/gcc/arm-none-eabi/11.3.1/thumb/v6-m/nofp\libg.a(libc_a-impure.o)
                0x20000570                _impure_data
 .data._impure_ptr
                0x20000690        0x4 d:/arm toolchain/11.3 rel1/bin/../lib/gcc/arm-none-eabi/11.3.1/thumb/v6-m/nofp\libg.a(libc_a-impure.o)
                0x20000690                _impure_ptr
                0x20000694                . = ALIGN (0x4)
 *(.after_data.*)
                0x20000694                . = ALIGN (0x4)
                0x20000694                PROVIDE (__mutex_array_start = .)
 *(SORT_BY_NAME(.mutex_array.*))
 *(.mutex_array)
 .mutex_array   0x20000694        0x8 CMakeFiles/blink.dir/D_/Raspberry/RP2040/pico-sdk/src/rp2_common/pico_stdio/stdio.c.obj
                0x2000069c                PROVIDE (__mutex_array_end = .)
                0x2000069c                . = ALIGN (0x4)
                0x2000069c                PROVIDE (__preinit_array_start = .)
 *(SORT_BY_NAME(.preinit_array.*))
 .preinit_array.00001
                0x2000069c        0x4 CMakeFiles/blink.dir/D_/Raspberry/RP2040/pico-sdk/src/rp2_common/pico_mem_ops/mem_ops_aeabi.S.obj
 .preinit_array.00010
                0x200006a0        0x4 CMakeFiles/blink.dir/D_/Raspberry/RP2040/pico-sdk/src/rp2_common/pico_bit_ops/bit_ops_aeabi.S.obj
 .preinit_array.00020
                0x200006a4        0x4 CMakeFiles/blink.dir/D_/Raspberry/RP2040/pico-sdk/src/rp2_common/pico_double/double_aeabi.S.obj
 .preinit_array.00020
                0x200006a8        0x4 CMakeFiles/blink.dir/D_/Raspberry/RP2040/pico-sdk/src/rp2_common/pico_float/float_aeabi.S.obj